Archive member included to satisfy reference by file (symbol)

f:/st/stm32cubeide_1.10.1/stm32cubeide/plugins/com.st.stm32cube.ide.mcu.externaltools.gnu-tools-for-stm32.10.3-2021.10.win32_1.0.0.202111181127/tools/bin/../lib/gcc/arm-none-eabi/10.3.1/../../../../arm-none-eabi/lib/thumb/v7-m/nofp\libc_nano.a(lib_a-errno.o)
                              ./Core/Src/syscalls.o (__errno)
f:/st/stm32cubeide_1.10.1/stm32cubeide/plugins/com.st.stm32cube.ide.mcu.externaltools.gnu-tools-for-stm32.10.3-2021.10.win32_1.0.0.202111181127/tools/bin/../lib/gcc/arm-none-eabi/10.3.1/../../../../arm-none-eabi/lib/thumb/v7-m/nofp\libc_nano.a(lib_a-exit.o)
                              f:/st/stm32cubeide_1.10.1/stm32cubeide/plugins/com.st.stm32cube.ide.mcu.externaltools.gnu-tools-for-stm32.10.3-2021.10.win32_1.0.0.202111181127/tools/bin/../lib/gcc/arm-none-eabi/10.3.1/../../../../arm-none-eabi/lib/thumb/v7-m/nofp/crt0.o (exit)
f:/st/stm32cubeide_1.10.1/stm32cubeide/plugins/com.st.stm32cube.ide.mcu.externaltools.gnu-tools-for-stm32.10.3-2021.10.win32_1.0.0.202111181127/tools/bin/../lib/gcc/arm-none-eabi/10.3.1/../../../../arm-none-eabi/lib/thumb/v7-m/nofp\libc_nano.a(lib_a-impure.o)
                              f:/st/stm32cubeide_1.10.1/stm32cubeide/plugins/com.st.stm32cube.ide.mcu.externaltools.gnu-tools-for-stm32.10.3-2021.10.win32_1.0.0.202111181127/tools/bin/../lib/gcc/arm-none-eabi/10.3.1/../../../../arm-none-eabi/lib/thumb/v7-m/nofp\libc_nano.a(lib_a-exit.o) (_global_impure_ptr)
f:/st/stm32cubeide_1.10.1/stm32cubeide/plugins/com.st.stm32cube.ide.mcu.externaltools.gnu-tools-for-stm32.10.3-2021.10.win32_1.0.0.202111181127/tools/bin/../lib/gcc/arm-none-eabi/10.3.1/../../../../arm-none-eabi/lib/thumb/v7-m/nofp\libc_nano.a(lib_a-init.o)
                              f:/st/stm32cubeide_1.10.1/stm32cubeide/plugins/com.st.stm32cube.ide.mcu.externaltools.gnu-tools-for-stm32.10.3-2021.10.win32_1.0.0.202111181127/tools/bin/../lib/gcc/arm-none-eabi/10.3.1/../../../../arm-none-eabi/lib/thumb/v7-m/nofp/crt0.o (__libc_init_array)
f:/st/stm32cubeide_1.10.1/stm32cubeide/plugins/com.st.stm32cube.ide.mcu.externaltools.gnu-tools-for-stm32.10.3-2021.10.win32_1.0.0.202111181127/tools/bin/../lib/gcc/arm-none-eabi/10.3.1/../../../../arm-none-eabi/lib/thumb/v7-m/nofp\libc_nano.a(lib_a-memset.o)
                              f:/st/stm32cubeide_1.10.1/stm32cubeide/plugins/com.st.stm32cube.ide.mcu.externaltools.gnu-tools-for-stm32.10.3-2021.10.win32_1.0.0.202111181127/tools/bin/../lib/gcc/arm-none-eabi/10.3.1/../../../../arm-none-eabi/lib/thumb/v7-m/nofp/crt0.o (memset)
f:/st/stm32cubeide_1.10.1/stm32cubeide/plugins/com.st.stm32cube.ide.mcu.externaltools.gnu-tools-for-stm32.10.3-2021.10.win32_1.0.0.202111181127/tools/bin/../lib/gcc/arm-none-eabi/10.3.1/../../../../arm-none-eabi/lib/thumb/v7-m/nofp\libc_nano.a(lib_a-printf.o)
                              ./BSP/bsp_can.o (printf)
f:/st/stm32cubeide_1.10.1/stm32cubeide/plugins/com.st.stm32cube.ide.mcu.externaltools.gnu-tools-for-stm32.10.3-2021.10.win32_1.0.0.202111181127/tools/bin/../lib/gcc/arm-none-eabi/10.3.1/../../../../arm-none-eabi/lib/thumb/v7-m/nofp\libc_nano.a(lib_a-puts.o)
                              ./BSP/bsp.o (puts)
f:/st/stm32cubeide_1.10.1/stm32cubeide/plugins/com.st.stm32cube.ide.mcu.externaltools.gnu-tools-for-stm32.10.3-2021.10.win32_1.0.0.202111181127/tools/bin/../lib/gcc/arm-none-eabi/10.3.1/../../../../arm-none-eabi/lib/thumb/v7-m/nofp\libc_nano.a(lib_a-wbuf.o)
                              f:/st/stm32cubeide_1.10.1/stm32cubeide/plugins/com.st.stm32cube.ide.mcu.externaltools.gnu-tools-for-stm32.10.3-2021.10.win32_1.0.0.202111181127/tools/bin/../lib/gcc/arm-none-eabi/10.3.1/../../../../arm-none-eabi/lib/thumb/v7-m/nofp\libc_nano.a(lib_a-puts.o) (__swbuf_r)
f:/st/stm32cubeide_1.10.1/stm32cubeide/plugins/com.st.stm32cube.ide.mcu.externaltools.gnu-tools-for-stm32.10.3-2021.10.win32_1.0.0.202111181127/tools/bin/../lib/gcc/arm-none-eabi/10.3.1/../../../../arm-none-eabi/lib/thumb/v7-m/nofp\libc_nano.a(lib_a-wsetup.o)
                              f:/st/stm32cubeide_1.10.1/stm32cubeide/plugins/com.st.stm32cube.ide.mcu.externaltools.gnu-tools-for-stm32.10.3-2021.10.win32_1.0.0.202111181127/tools/bin/../lib/gcc/arm-none-eabi/10.3.1/../../../../arm-none-eabi/lib/thumb/v7-m/nofp\libc_nano.a(lib_a-puts.o) (__swsetup_r)
f:/st/stm32cubeide_1.10.1/stm32cubeide/plugins/com.st.stm32cube.ide.mcu.externaltools.gnu-tools-for-stm32.10.3-2021.10.win32_1.0.0.202111181127/tools/bin/../lib/gcc/arm-none-eabi/10.3.1/../../../../arm-none-eabi/lib/thumb/v7-m/nofp\libc_nano.a(lib_a-fflush.o)
                              f:/st/stm32cubeide_1.10.1/stm32cubeide/plugins/com.st.stm32cube.ide.mcu.externaltools.gnu-tools-for-stm32.10.3-2021.10.win32_1.0.0.202111181127/tools/bin/../lib/gcc/arm-none-eabi/10.3.1/../../../../arm-none-eabi/lib/thumb/v7-m/nofp\libc_nano.a(lib_a-wbuf.o) (_fflush_r)
[...]
Memory Configuration

Name             Origin             Length             Attributes
RAM              0x0000000020000000 0x000000000000c000 xrw
FLASH            0x0000000008000000 0x0000000000040000 xr
*default*        0x0000000000000000 0xffffffffffffffff

Linker script and memory map

LOAD f:/st/stm32cubeide_1.10.1/stm32cubeide/plugins/com.st.stm32cube.ide.mcu.externaltools.gnu-tools-for-stm32.10.3-2021.10.win32_1.0.0.202111181127/tools/bin/../lib/gcc/arm-none-eabi/10.3.1/thumb/v7-m/nofp/crti.o
LOAD f:/st/stm32cubeide_1.10.1/stm32cubeide/plugins/com.st.stm32cube.ide.mcu.externaltools.gnu-tools-for-stm32.10.3-2021.10.win32_1.0.0.202111181127/tools/bin/../lib/gcc/arm-none-eabi/10.3.1/thumb/v7-m/nofp/crtbegin.o
LOAD f:/st/stm32cubeide_1.10.1/stm32cubeide/plugins/com.st.stm32cube.ide.mcu.externaltools.gnu-tools-for-stm32.10.3-2021.10.win32_1.0.0.202111181127/tools/bin/../lib/gcc/arm-none-eabi/10.3.1/../../../../arm-none-eabi/lib/thumb/v7-m/nofp/crt0.o
LOAD ./BSP/bsp.o
LOAD ./BSP/bsp_beep.o
LOAD ./BSP/bsp_can.o
LOAD ./BSP/bsp_key.o
LOAD ./BSP/bsp_uart.o
LOAD ./Core/Src/can.o
LOAD ./Core/Src/dma.o
LOAD ./Core/Src/gpio.o
LOAD ./Core/Src/main.o
LOAD ./Core/Src/stm32f1xx_hal_msp.o
LOAD ./Core/Src/stm32f1xx_it.o
LOAD ./Core/Src/syscalls.o
LOAD ./Core/Src/sysmem.o
LOAD ./Core/Src/system_stm32f1xx.o
LOAD ./Core/Src/usart.o
LOAD ./Core/Startup/startup_stm32f103rctx.o
LOAD ./Drivers/STM32F1xx_HAL_Driver/Src/stm32f1xx_hal.o
LOAD ./Drivers/STM32F1xx_HAL_Driver/Src/stm32f1xx_hal_can.o
LOAD ./Drivers/STM32F1xx_HAL_Driver/Src/stm32f1xx_hal_cortex.o
LOAD ./Drivers/STM32F1xx_HAL_Driver/Src/stm32f1xx_hal_dma.o
LOAD ./Drivers/STM32F1xx_HAL_Driver/Src/stm32f1xx_hal_exti.o
LOAD ./Drivers/STM32F1xx_HAL_Driver/Src/stm32f1xx_hal_flash.o
LOAD ./Drivers/STM32F1xx_HAL_Driver/Src/stm32f1xx_hal_flash_ex.o
LOAD ./Drivers/STM32F1xx_HAL_Driver/Src/stm32f1xx_hal_gpio.o
LOAD ./Drivers/STM32F1xx_HAL_Driver/Src/stm32f1xx_hal_gpio_ex.o
LOAD ./Drivers/STM32F1xx_HAL_Driver/Src/stm32f1xx_hal_pwr.o
LOAD ./Drivers/STM32F1xx_HAL_Driver/Src/stm32f1xx_hal_rcc.o
LOAD ./Drivers/STM32F1xx_HAL_Driver/Src/stm32f1xx_hal_rcc_ex.o
LOAD ./Drivers/STM32F1xx_HAL_Driver/Src/stm32f1xx_hal_tim.o
LOAD ./Drivers/STM32F1xx_HAL_Driver/Src/stm32f1xx_hal_tim_ex.o
LOAD ./Drivers/STM32F1xx_HAL_Driver/Src/stm32f1xx_hal_uart.o
START GROUP
LOAD f:/st/stm32cubeide_1.10.1/stm32cubeide/plugins/com.st.stm32cube.ide.mcu.externaltools.gnu-tools-for-stm32.10.3-2021.10.win32_1.0.0.202111181127/tools/bin/../lib/gcc/arm-none-eabi/10.3.1/../../../../arm-none-eabi/lib/thumb/v7-m/nofp\libc_nano.a
LOAD f:/st/stm32cubeide_1.10.1/stm32cubeide/plugins/com.st.stm32cube.ide.mcu.externaltools.gnu-tools-for-stm32.10.3-2021.10.win32_1.0.0.202111181127/tools/bin/../lib/gcc/arm-none-eabi/10.3.1/../../../../arm-none-eabi/lib/thumb/v7-m/nofp\libm.a
END GROUP
START GROUP
LOAD f:/st/stm32cubeide_1.10.1/stm32cubeide/plugins/com.st.stm32cube.ide.mcu.externaltools.gnu-tools-for-stm32.10.3-2021.10.win32_1.0.0.202111181127/tools/bin/../lib/gcc/arm-none-eabi/10.3.1/thumb/v7-m/nofp\libgcc.a
LOAD f:/st/stm32cubeide_1.10.1/stm32cubeide/plugins/com.st.stm32cube.ide.mcu.externaltools.gnu-tools-for-stm32.10.3-2021.10.win32_1.0.0.202111181127/tools/bin/../lib/gcc/arm-none-eabi/10.3.1/../../../../arm-none-eabi/lib/thumb/v7-m/nofp\libc_nano.a
END GROUP
START GROUP
LOAD f:/st/stm32cubeide_1.10.1/stm32cubeide/plugins/com.st.stm32cube.ide.mcu.externaltools.gnu-tools-for-stm32.10.3-2021.10.win32_1.0.0.202111181127/tools/bin/../lib/gcc/arm-none-eabi/10.3.1/thumb/v7-m/nofp\libgcc.a
LOAD f:/st/stm32cubeide_1.10.1/stm32cubeide/plugins/com.st.stm32cube.ide.mcu.externaltools.gnu-tools-for-stm32.10.3-2021.10.win32_1.0.0.202111181127/tools/bin/../lib/gcc/arm-none-eabi/10.3.1/../../../../arm-none-eabi/lib/thumb/v7-m/nofp\libc_nano.a
LOAD f:/st/stm32cubeide_1.10.1/stm32cubeide/plugins/com.st.stm32cube.ide.mcu.externaltools.gnu-tools-for-stm32.10.3-2021.10.win32_1.0.0.202111181127/tools/bin/../lib/gcc/arm-none-eabi/10.3.1/../../../../arm-none-eabi/lib/thumb/v7-m/nofp\libnosys.a
END GROUP
START GROUP
LOAD f:/st/stm32cubeide_1.10.1/stm32cubeide/plugins/com.st.stm32cube.ide.mcu.externaltools.gnu-tools-for-stm32.10.3-2021.10.win32_1.0.0.202111181127/tools/bin/../lib/gcc/arm-none-eabi/10.3.1/thumb/v7-m/nofp\libgcc.a
LOAD f:/st/stm32cubeide_1.10.1/stm32cubeide/plugins/com.st.stm32cube.ide.mcu.externaltools.gnu-tools-for-stm32.10.3-2021.10.win32_1.0.0.202111181127/tools/bin/../lib/gcc/arm-none-eabi/10.3.1/../../../../arm-none-eabi/lib/thumb/v7-m/nofp\libc_nano.a
LOAD f:/st/stm32cubeide_1.10.1/stm32cubeide/plugins/com.st.stm32cube.ide.mcu.externaltools.gnu-tools-for-stm32.10.3-2021.10.win32_1.0.0.202111181127/tools/bin/../lib/gcc/arm-none-eabi/10.3.1/../../../../arm-none-eabi/lib/thumb/v7-m/nofp\libnosys.a
END GROUP
LOAD f:/st/stm32cubeide_1.10.1/stm32cubeide/plugins/com.st.stm32cube.ide.mcu.externaltools.gnu-tools-for-stm32.10.3-2021.10.win32_1.0.0.202111181127/tools/bin/../lib/gcc/arm-none-eabi/10.3.1/thumb/v7-m/nofp/crtend.o
LOAD f:/st/stm32cubeide_1.10.1/stm32cubeide/plugins/com.st.stm32cube.ide.mcu.externaltools.gnu-tools-for-stm32.10.3-2021.10.win32_1.0.0.202111181127/tools/bin/../lib/gcc/arm-none-eabi/10.3.1/thumb/v7-m/nofp/crtn.o
                0x000000002000c000                _estack = (ORIGIN (RAM) + LENGTH (RAM))
                0x0000000000000200                _Min_Heap_Size = 0x200
                0x0000000000000400                _Min_Stack_Size = 0x400

.isr_vector     0x0000000008000000      0x1e4
                0x0000000008000000                . = ALIGN (0x4)
 *(.isr_vector)
 .isr_vector    0x0000000008000000      0x1e4 ./Core/Startup/startup_stm32f103rctx.o
                0x0000000008000000                g_pfnVectors
                0x00000000080001e4                . = ALIGN (0x4)

.text           0x00000000080001e4     0x4d5c
                0x00000000080001e4                . = ALIGN (0x4)
 *(.text)
 .text          0x00000000080001e4       0x40 f:/st/stm32cubeide_1.10.1/stm32cubeide/plugins/com.st.stm32cube.ide.mcu.externaltools.gnu-tools-for-stm32.10.3-2021.10.win32_1.0.0.202111181127/tools/bin/../lib/gcc/arm-none-eabi/10.3.1/thumb/v7-m/nofp/crtbegin.o
 *(.text*)
 .text.Bsp_Led_Show_State_Handle
                0x0000000008000224       0x34 ./BSP/bsp.o
                0x0000000008000224                Bsp_Led_Show_State_Handle
 .text.Bsp_Init
                0x0000000008000258       0x20 ./BSP/bsp.o
                0x0000000008000258                Bsp_Init
 .text.Bsp_test1
                0x0000000008000278       0x1a ./BSP/bsp.o
                0x0000000008000278                Bsp_test1
 .text.Bsp_Loop1
                0x0000000008000292       0x3e ./BSP/bsp.o
                0x0000000008000292                Bsp_Loop1
 .text.Beep_Set_Time
                0x00000000080002d0       0x20 ./BSP/bsp_beep.o
 .text.Beep_Get_Time
                0x00000000080002f0       0x14 ./BSP/bsp_beep.o
 .text.Beep_Set_State
                0x0000000008000304       0x20 ./BSP/bsp_beep.o
 .text.Beep_Get_State
                0x0000000008000324       0x14 ./BSP/bsp_beep.o
 .text.Beep_On_Time
                0x0000000008000338       0x80 ./BSP/bsp_beep.o
                0x0000000008000338                Beep_On_Time
 .text.Beep_Timeout_Close_Handle
                0x00000000080003b8       0x44 ./BSP/bsp_beep.o
                0x00000000080003b8                Beep_Timeout_Close_Handle
 .text.Can_Init
                0x00000000080003fc       0x80 ./BSP/bsp_can.o
                0x00000000080003fc                Can_Init
 .text.Can_Test_Send
                0x000000000800047c       0xac ./BSP/bsp_can.o
                0x000000000800047c                Can_Test_Send
 .text.Can_Test_Send1
                0x0000000008000528       0xc0 ./BSP/bsp_can.o
                0x0000000008000528                Can_Test_Send1
 .text.HAL_CAN_RxFifo0MsgPendingCallback
                0x00000000080005e8       0x6c ./BSP/bsp_can.o
                0x00000000080005e8                HAL_CAN_RxFifo0MsgPendingCallback
 .text.Key1_is_Press
                0x0000000008000654       0x20 ./BSP/bsp_key.o
 .text.Key1_State
                0x0000000008000674       0x54 ./BSP/bsp_key.o
                0x0000000008000674                Key1_State
 .text.USART1_Init
                0x00000000080006c8       0x1c ./BSP/bsp_uart.o
                0x00000000080006c8                USART1_Init
 .text.USART1_test1
                0x00000000080006e4       0x28 ./BSP/bsp_uart.o
                0x00000000080006e4                USART1_test1
 .text.Recetest1
                0x000000000800070c       0x48 ./BSP/bsp_uart.o
                0x000000000800070c                Recetest1
 .text.usartSendData
                0x0000000008000754      0x138 ./BSP/bsp_uart.o
                0x0000000008000754                usartSendData
 .text.getCrc8  0x000000000800088c       0x68 ./BSP/bsp_uart.o
                0x000000000800088c                getCrc8
 .text.USART_Send_String
                0x00000000080008f4       0x58 ./BSP/bsp_uart.o
                0x00000000080008f4                USART_Send_String
 .text.HAL_UART_RxCpltCallback
                0x000000000800094c       0x28 ./BSP/bsp_uart.o
                0x000000000800094c                HAL_UART_RxCpltCallback
 .text.__io_putchar
                0x0000000008000974       0x24 ./BSP/bsp_uart.o
                0x0000000008000974                __io_putchar
 .text.MX_CAN_Init
                0x0000000008000998       0x70 ./Core/Src/can.o
                0x0000000008000998                MX_CAN_Init
 .text.HAL_CAN_MspInit
                0x0000000008000a08       0xd0 ./Core/Src/can.o
                0x0000000008000a08                HAL_CAN_MspInit
 .text.MX_DMA_Init
                0x0000000008000ad8       0x3c ./Core/Src/dma.o
                0x0000000008000ad8                MX_DMA_Init
 .text.MX_GPIO_Init
                0x0000000008000b14       0xcc ./Core/Src/gpio.o
                0x0000000008000b14                MX_GPIO_Init
 .text.main     0x0000000008000be0       0x7e ./Core/Src/main.o
                0x0000000008000be0                main
 .text.SystemClock_Config
                0x0000000008000c5e       0x8a ./Core/Src/main.o
                0x0000000008000c5e                SystemClock_Config
 .text.Error_Handler
                0x0000000008000ce8        0xa ./Core/Src/main.o
                0x0000000008000ce8                Error_Handler
 *fill*         0x0000000008000cf2        0x2 
 .text.HAL_MspInit
                0x0000000008000cf4       0x64 ./Core/Src/stm32f1xx_hal_msp.o
                0x0000000008000cf4                HAL_MspInit
 .text.NMI_Handler
                0x0000000008000d58        0x6 ./Core/Src/stm32f1xx_it.o
                0x0000000008000d58                NMI_Handler
 .text.HardFault_Handler
                0x0000000008000d5e        0x6 ./Core/Src/stm32f1xx_it.o
                0x0000000008000d5e                HardFault_Handler
 .text.MemManage_Handler
                0x0000000008000d64        0x6 ./Core/Src/stm32f1xx_it.o
                0x0000000008000d64                MemManage_Handler
 .text.BusFault_Handler
                0x0000000008000d6a        0x6 ./Core/Src/stm32f1xx_it.o
                0x0000000008000d6a                BusFault_Handler
 .text.UsageFault_Handler
                0x0000000008000d70        0x6 ./Core/Src/stm32f1xx_it.o
                0x0000000008000d70                UsageFault_Handler
 .text.SVC_Handler
                0x0000000008000d76        0xc ./Core/Src/stm32f1xx_it.o
                0x0000000008000d76                SVC_Handler
 .text.DebugMon_Handler
                0x0000000008000d82        0xc ./Core/Src/stm32f1xx_it.o
                0x0000000008000d82                DebugMon_Handler
 .text.PendSV_Handler
                0x0000000008000d8e        0xc ./Core/Src/stm32f1xx_it.o
                0x0000000008000d8e                PendSV_Handler
 .text.SysTick_Handler
                0x0000000008000d9a        0xc ./Core/Src/stm32f1xx_it.o
                0x0000000008000d9a                SysTick_Handler
 *fill*         0x0000000008000da6        0x2 
 .text.DMA1_Channel4_IRQHandler
                0x0000000008000da8       0x14 ./Core/Src/stm32f1xx_it.o
                0x0000000008000da8                DMA1_Channel4_IRQHandler
 .text.USB_LP_CAN1_RX0_IRQHandler
                0x0000000008000dbc       0x14 ./Core/Src/stm32f1xx_it.o
                0x0000000008000dbc                USB_LP_CAN1_RX0_IRQHandler
 .text.USART1_IRQHandler
                0x0000000008000dd0       0x14 ./Core/Src/stm32f1xx_it.o
                0x0000000008000dd0                USART1_IRQHandler
 .text._read    0x0000000008000de4       0x3a ./Core/Src/syscalls.o
                0x0000000008000de4                _read
 .text._write   0x0000000008000e1e       0x38 ./Core/Src/syscalls.o
                0x0000000008000e1e                _write
 .text._close   0x0000000008000e56       0x16 ./Core/Src/syscalls.o
                0x0000000008000e56                _close
 .text._fstat   0x0000000008000e6c       0x1e ./Core/Src/syscalls.o
                0x0000000008000e6c                _fstat
 .text._isatty  0x0000000008000e8a       0x14 ./Core/Src/syscalls.o
                0x0000000008000e8a                _isatty
 .text._lseek   0x0000000008000e9e       0x18 ./Core/Src/syscalls.o
                0x0000000008000e9e                _lseek
 *fill*         0x0000000008000eb6        0x2 
 .text._sbrk    0x0000000008000eb8       0x6c ./Core/Src/sysmem.o
                0x0000000008000eb8                _sbrk
 .text.SystemInit
                0x0000000008000f24        0xc ./Core/Src/system_stm32f1xx.o
                0x0000000008000f24                SystemInit
 .text.MX_USART1_UART_Init
                0x0000000008000f30       0x54 ./Core/Src/usart.o
                0x0000000008000f30                MX_USART1_UART_Init
 .text.HAL_UART_MspInit
                0x0000000008000f84       0xfc ./Core/Src/usart.o
                0x0000000008000f84                HAL_UART_MspInit
 .text.Reset_Handler
                0x0000000008001080       0x48 ./Core/Startup/startup_stm32f103rctx.o
                0x0000000008001080                Reset_Handler
 .text.Default_Handler
                0x00000000080010c8        0x2 ./Core/Startup/startup_stm32f103rctx.o
                0x00000000080010c8                RTC_Alarm_IRQHandler
                0x00000000080010c8                EXTI2_IRQHandler
                0x00000000080010c8                TIM8_TRG_COM_IRQHandler
                0x00000000080010c8                TIM8_CC_IRQHandler
                0x00000000080010c8                TIM1_CC_IRQHandler
                0x00000000080010c8                TIM6_IRQHandler
                0x00000000080010c8                PVD_IRQHandler
                0x00000000080010c8                SDIO_IRQHandler
                0x00000000080010c8                EXTI3_IRQHandler
                0x00000000080010c8                EXTI0_IRQHandler
                0x00000000080010c8                I2C2_EV_IRQHandler
                0x00000000080010c8                ADC1_2_IRQHandler
                0x00000000080010c8                SPI1_IRQHandler
                0x00000000080010c8                TAMPER_IRQHandler
                0x00000000080010c8                TIM8_UP_IRQHandler
                0x00000000080010c8                DMA2_Channel2_IRQHandler
                0x00000000080010c8                USART3_IRQHandler
                0x00000000080010c8                RTC_IRQHandler
                0x00000000080010c8                DMA1_Channel7_IRQHandler
                0x00000000080010c8                CAN1_RX1_IRQHandler
                0x00000000080010c8                UART5_IRQHandler
                0x00000000080010c8                ADC3_IRQHandler
                0x00000000080010c8                TIM4_IRQHandler
                0x00000000080010c8                DMA2_Channel1_IRQHandler
                0x00000000080010c8                I2C1_EV_IRQHandler
                0x00000000080010c8                DMA1_Channel6_IRQHandler
                0x00000000080010c8                UART4_IRQHandler
                0x00000000080010c8                TIM3_IRQHandler
                0x00000000080010c8                RCC_IRQHandler
                0x00000000080010c8                TIM1_TRG_COM_IRQHandler
                0x00000000080010c8                DMA1_Channel1_IRQHandler
                0x00000000080010c8                Default_Handler
                0x00000000080010c8                EXTI15_10_IRQHandler
                0x00000000080010c8                TIM7_IRQHandler
                0x00000000080010c8                TIM5_IRQHandler
                0x00000000080010c8                EXTI9_5_IRQHandler
                0x00000000080010c8                SPI2_IRQHandler
                0x00000000080010c8                DMA1_Channel5_IRQHandler
                0x00000000080010c8                EXTI4_IRQHandler
                0x00000000080010c8                USB_HP_CAN1_TX_IRQHandler
                0x00000000080010c8                DMA1_Channel3_IRQHandler
                0x00000000080010c8                FSMC_IRQHandler
                0x00000000080010c8                TIM1_UP_IRQHandler
                0x00000000080010c8                WWDG_IRQHandler
                0x00000000080010c8                TIM2_IRQHandler
                0x00000000080010c8                TIM1_BRK_IRQHandler
                0x00000000080010c8                EXTI1_IRQHandler
                0x00000000080010c8                DMA2_Channel4_5_IRQHandler
                0x00000000080010c8                USART2_IRQHandler
                0x00000000080010c8                I2C2_ER_IRQHandler
                0x00000000080010c8                DMA1_Channel2_IRQHandler
                0x00000000080010c8                TIM8_BRK_IRQHandler
                0x00000000080010c8                CAN1_SCE_IRQHandler
                0x00000000080010c8                FLASH_IRQHandler
                0x00000000080010c8                SPI3_IRQHandler
                0x00000000080010c8                I2C1_ER_IRQHandler
                0x00000000080010c8                USBWakeUp_IRQHandler
                0x00000000080010c8                DMA2_Channel3_IRQHandler
 *fill*         0x00000000080010ca        0x2 
 .text.HAL_Init
                0x00000000080010cc       0x2c ./Drivers/STM32F1xx_HAL_Driver/Src/stm32f1xx_hal.o
                0x00000000080010cc                HAL_Init
 .text.HAL_InitTick
                0x00000000080010f8       0x60 ./Drivers/STM32F1xx_HAL_Driver/Src/stm32f1xx_hal.o
                0x00000000080010f8                HAL_InitTick
 .text.HAL_IncTick
                0x0000000008001158       0x24 ./Drivers/STM32F1xx_HAL_Driver/Src/stm32f1xx_hal.o
                0x0000000008001158                HAL_IncTick
 .text.HAL_GetTick
                0x000000000800117c       0x14 ./Drivers/STM32F1xx_HAL_Driver/Src/stm32f1xx_hal.o
                0x000000000800117c                HAL_GetTick
 .text.HAL_Delay
                0x0000000008001190       0x48 ./Drivers/STM32F1xx_HAL_Driver/Src/stm32f1xx_hal.o
                0x0000000008001190                HAL_Delay
 .text.HAL_CAN_Init
                0x00000000080011d8      0x1f6 ./Drivers/STM32F1xx_HAL_Driver/Src/stm32f1xx_hal_can.o
                0x00000000080011d8                HAL_CAN_Init
 .text.HAL_CAN_ConfigFilter
                0x00000000080013ce      0x192 ./Drivers/STM32F1xx_HAL_Driver/Src/stm32f1xx_hal_can.o
                0x00000000080013ce                HAL_CAN_ConfigFilter
 .text.HAL_CAN_Start
                0x0000000008001560       0x88 ./Drivers/STM32F1xx_HAL_Driver/Src/stm32f1xx_hal_can.o
                0x0000000008001560                HAL_CAN_Start
 .text.HAL_CAN_AddTxMessage
                0x00000000080015e8      0x1b4 ./Drivers/STM32F1xx_HAL_Driver/Src/stm32f1xx_hal_can.o
                0x00000000080015e8                HAL_CAN_AddTxMessage
 .text.HAL_CAN_GetRxMessage
                0x000000000800179c      0x222 ./Drivers/STM32F1xx_HAL_Driver/Src/stm32f1xx_hal_can.o
                0x000000000800179c                HAL_CAN_GetRxMessage
 .text.HAL_CAN_ActivateNotification
                0x00000000080019be       0x4a ./Drivers/STM32F1xx_HAL_Driver/Src/stm32f1xx_hal_can.o
                0x00000000080019be                HAL_CAN_ActivateNotification
 .text.HAL_CAN_IRQHandler
                0x0000000008001a08      0x36e ./Drivers/STM32F1xx_HAL_Driver/Src/stm32f1xx_hal_can.o
                0x0000000008001a08                HAL_CAN_IRQHandler
 .text.HAL_CAN_TxMailbox0CompleteCallback
                0x0000000008001d76       0x12 ./Drivers/STM32F1xx_HAL_Driver/Src/stm32f1xx_hal_can.o
                0x0000000008001d76                HAL_CAN_TxMailbox0CompleteCallback
 .text.HAL_CAN_TxMailbox1CompleteCallback
                0x0000000008001d88       0x12 ./Drivers/STM32F1xx_HAL_Driver/Src/stm32f1xx_hal_can.o
                0x0000000008001d88                HAL_CAN_TxMailbox1CompleteCallback
 .text.HAL_CAN_TxMailbox2CompleteCallback
                0x0000000008001d9a       0x12 ./Drivers/STM32F1xx_HAL_Driver/Src/stm32f1xx_hal_can.o
                0x0000000008001d9a                HAL_CAN_TxMailbox2CompleteCallback
 .text.HAL_CAN_TxMailbox0AbortCallback
                0x0000000008001dac       0x12 ./Drivers/STM32F1xx_HAL_Driver/Src/stm32f1xx_hal_can.o
                0x0000000008001dac                HAL_CAN_TxMailbox0AbortCallback
 .text.HAL_CAN_TxMailbox1AbortCallback
                0x0000000008001dbe       0x12 ./Drivers/STM32F1xx_HAL_Driver/Src/stm32f1xx_hal_can.o
                0x0000000008001dbe                HAL_CAN_TxMailbox1AbortCallback
 .text.HAL_CAN_TxMailbox2AbortCallback
                0x0000000008001dd0       0x12 ./Drivers/STM32F1xx_HAL_Driver/Src/stm32f1xx_hal_can.o
                0x0000000008001dd0                HAL_CAN_TxMailbox2AbortCallback
 .text.HAL_CAN_RxFifo0FullCallback
                0x0000000008001de2       0x12 ./Drivers/STM32F1xx_HAL_Driver/Src/stm32f1xx_hal_can.o
                0x0000000008001de2                HAL_CAN_RxFifo0FullCallback
 .text.HAL_CAN_RxFifo1MsgPendingCallback
                0x0000000008001df4       0x12 ./Drivers/STM32F1xx_HAL_Driver/Src/stm32f1xx_hal_can.o
                0x0000000008001df4                HAL_CAN_RxFifo1MsgPendingCallback
 .text.HAL_CAN_RxFifo1FullCallback
                0x0000000008001e06       0x12 ./Drivers/STM32F1xx_HAL_Driver/Src/stm32f1xx_hal_can.o
                0x0000000008001e06                HAL_CAN_RxFifo1FullCallback
 .text.HAL_CAN_SleepCallback
                0x0000000008001e18       0x12 ./Drivers/STM32F1xx_HAL_Driver/Src/stm32f1xx_hal_can.o
                0x0000000008001e18                HAL_CAN_SleepCallback
 .text.HAL_CAN_WakeUpFromRxMsgCallback
                0x0000000008001e2a       0x12 ./Drivers/STM32F1xx_HAL_Driver/Src/stm32f1xx_hal_can.o
                0x0000000008001e2a                HAL_CAN_WakeUpFromRxMsgCallback
 .text.HAL_CAN_ErrorCallback
                0x0000000008001e3c       0x12 ./Drivers/STM32F1xx_HAL_Driver/Src/stm32f1xx_hal_can.o
                0x0000000008001e3c                HAL_CAN_ErrorCallback
 *fill*         0x0000000008001e4e        0x2 
 .text.__NVIC_SetPriorityGrouping
                0x0000000008001e50       0x48 ./Drivers/STM32F1xx_HAL_Driver/Src/stm32f1xx_hal_cortex.o
 .text.__NVIC_GetPriorityGrouping
                0x0000000008001e98       0x1c ./Drivers/STM32F1xx_HAL_Driver/Src/stm32f1xx_hal_cortex.o
 .text.__NVIC_EnableIRQ
                0x0000000008001eb4       0x38 ./Drivers/STM32F1xx_HAL_Driver/Src/stm32f1xx_hal_cortex.o
 .text.__NVIC_SetPriority
                0x0000000008001eec       0x54 ./Drivers/STM32F1xx_HAL_Driver/Src/stm32f1xx_hal_cortex.o
 .text.NVIC_EncodePriority
                0x0000000008001f40       0x64 ./Drivers/STM32F1xx_HAL_Driver/Src/stm32f1xx_hal_cortex.o
 .text.SysTick_Config
                0x0000000008001fa4       0x44 ./Drivers/STM32F1xx_HAL_Driver/Src/stm32f1xx_hal_cortex.o
 .text.HAL_NVIC_SetPriorityGrouping
                0x0000000008001fe8       0x16 ./Drivers/STM32F1xx_HAL_Driver/Src/stm32f1xx_hal_cortex.o
                0x0000000008001fe8                HAL_NVIC_SetPriorityGrouping
 .text.HAL_NVIC_SetPriority
                0x0000000008001ffe       0x38 ./Drivers/STM32F1xx_HAL_Driver/Src/stm32f1xx_hal_cortex.o
                0x0000000008001ffe                HAL_NVIC_SetPriority
 .text.HAL_NVIC_EnableIRQ
                0x0000000008002036       0x1c ./Drivers/STM32F1xx_HAL_Driver/Src/stm32f1xx_hal_cortex.o
                0x0000000008002036                HAL_NVIC_EnableIRQ
 .text.HAL_SYSTICK_Config
                0x0000000008002052       0x18 ./Drivers/STM32F1xx_HAL_Driver/Src/stm32f1xx_hal_cortex.o
                0x0000000008002052                HAL_SYSTICK_Config
 *fill*         0x000000000800206a        0x2 
 .text.HAL_DMA_Init
                0x000000000800206c       0xec ./Drivers/STM32F1xx_HAL_Driver/Src/stm32f1xx_hal_dma.o
                0x000000000800206c                HAL_DMA_Init
 .text.HAL_DMA_Abort
                0x0000000008002158       0x74 ./Drivers/STM32F1xx_HAL_Driver/Src/stm32f1xx_hal_dma.o
                0x0000000008002158                HAL_DMA_Abort
 .text.HAL_DMA_Abort_IT
                0x00000000080021cc      0x210 ./Drivers/STM32F1xx_HAL_Driver/Src/stm32f1xx_hal_dma.o
                0x00000000080021cc                HAL_DMA_Abort_IT
 .text.HAL_DMA_IRQHandler
                0x00000000080023dc      0x478 ./Drivers/STM32F1xx_HAL_Driver/Src/stm32f1xx_hal_dma.o
                0x00000000080023dc                HAL_DMA_IRQHandler
 .text.HAL_GPIO_Init
                0x0000000008002854      0x328 ./Drivers/STM32F1xx_HAL_Driver/Src/stm32f1xx_hal_gpio.o
                0x0000000008002854                HAL_GPIO_Init
 .text.HAL_GPIO_ReadPin
                0x0000000008002b7c       0x2e ./Drivers/STM32F1xx_HAL_Driver/Src/stm32f1xx_hal_gpio.o
                0x0000000008002b7c                HAL_GPIO_ReadPin
 .text.HAL_GPIO_WritePin
                0x0000000008002baa       0x30 ./Drivers/STM32F1xx_HAL_Driver/Src/stm32f1xx_hal_gpio.o
                0x0000000008002baa                HAL_GPIO_WritePin
 .text.HAL_GPIO_TogglePin
                0x0000000008002bda       0x32 ./Drivers/STM32F1xx_HAL_Driver/Src/stm32f1xx_hal_gpio.o
                0x0000000008002bda                HAL_GPIO_TogglePin
 .text.HAL_RCC_OscConfig
                0x0000000008002c0c      0x504 ./Drivers/STM32F1xx_HAL_Driver/Src/stm32f1xx_hal_rcc.o
                0x0000000008002c0c                HAL_RCC_OscConfig
 .text.HAL_RCC_ClockConfig
                0x0000000008003110      0x1d4 ./Drivers/STM32F1xx_HAL_Driver/Src/stm32f1xx_hal_rcc.o
                0x0000000008003110                HAL_RCC_ClockConfig
 .text.HAL_RCC_GetSysClockFreq
                0x00000000080032e4       0xbc ./Drivers/STM32F1xx_HAL_Driver/Src/stm32f1xx_hal_rcc.o
                0x00000000080032e4                HAL_RCC_GetSysClockFreq
 .text.HAL_RCC_GetHCLKFreq
                0x00000000080033a0       0x14 ./Drivers/STM32F1xx_HAL_Driver/Src/stm32f1xx_hal_rcc.o
                0x00000000080033a0                HAL_RCC_GetHCLKFreq
 .text.HAL_RCC_GetPCLK1Freq
                0x00000000080033b4       0x28 ./Drivers/STM32F1xx_HAL_Driver/Src/stm32f1xx_hal_rcc.o
                0x00000000080033b4                HAL_RCC_GetPCLK1Freq
 .text.HAL_RCC_GetPCLK2Freq
                0x00000000080033dc       0x28 ./Drivers/STM32F1xx_HAL_Driver/Src/stm32f1xx_hal_rcc.o
                0x00000000080033dc                HAL_RCC_GetPCLK2Freq
 .text.RCC_Delay
                0x0000000008003404       0x3c ./Drivers/STM32F1xx_HAL_Driver/Src/stm32f1xx_hal_rcc.o
 .text.HAL_UART_Init
                0x0000000008003440       0x9a ./Drivers/STM32F1xx_HAL_Driver/Src/stm32f1xx_hal_uart.o
                0x0000000008003440                HAL_UART_Init
 .text.HAL_UART_Transmit
                0x00000000080034da      0x124 ./Drivers/STM32F1xx_HAL_Driver/Src/stm32f1xx_hal_uart.o
                0x00000000080034da                HAL_UART_Transmit
 .text.HAL_UART_Receive_IT
                0x00000000080035fe       0x60 ./Drivers/STM32F1xx_HAL_Driver/Src/stm32f1xx_hal_uart.o
                0x00000000080035fe                HAL_UART_Receive_IT
 *fill*         0x000000000800365e        0x2 
 .text.HAL_UART_IRQHandler
                0x0000000008003660      0x354 ./Drivers/STM32F1xx_HAL_Driver/Src/stm32f1xx_hal_uart.o
                0x0000000008003660                HAL_UART_IRQHandler
 .text.HAL_UART_TxCpltCallback
                0x00000000080039b4       0x12 ./Drivers/STM32F1xx_HAL_Driver/Src/stm32f1xx_hal_uart.o
                0x00000000080039b4                HAL_UART_TxCpltCallback
 .text.HAL_UART_ErrorCallback
                0x00000000080039c6       0x12 ./Drivers/STM32F1xx_HAL_Driver/Src/stm32f1xx_hal_uart.o
                0x00000000080039c6                HAL_UART_ErrorCallback
 .text.HAL_UARTEx_RxEventCallback
                0x00000000080039d8       0x16 ./Drivers/STM32F1xx_HAL_Driver/Src/stm32f1xx_hal_uart.o
                0x00000000080039d8                HAL_UARTEx_RxEventCallback
 .text.UART_WaitOnFlagUntilTimeout
                0x00000000080039ee       0x94 ./Drivers/STM32F1xx_HAL_Driver/Src/stm32f1xx_hal_uart.o
 .text.UART_Start_Receive_IT
                0x0000000008003a82       0x72 ./Drivers/STM32F1xx_HAL_Driver/Src/stm32f1xx_hal_uart.o
                0x0000000008003a82                UART_Start_Receive_IT
 .text.UART_EndRxTransfer
                0x0000000008003af4       0x58 ./Drivers/STM32F1xx_HAL_Driver/Src/stm32f1xx_hal_uart.o
 .text.UART_DMAAbortOnError
                0x0000000008003b4c       0x28 ./Drivers/STM32F1xx_HAL_Driver/Src/stm32f1xx_hal_uart.o
 .text.UART_Transmit_IT
                0x0000000008003b74       0x9e ./Drivers/STM32F1xx_HAL_Driver/Src/stm32f1xx_hal_uart.o
 .text.UART_EndTransmit_IT
                0x0000000008003c12       0x30 ./Drivers/STM32F1xx_HAL_Driver/Src/stm32f1xx_hal_uart.o
 .text.UART_Receive_IT
                0x0000000008003c42      0x152 ./Drivers/STM32F1xx_HAL_Driver/Src/stm32f1xx_hal_uart.o
 .text.UART_SetConfig
                0x0000000008003d94      0x11c ./Drivers/STM32F1xx_HAL_Driver/Src/stm32f1xx_hal_uart.o
 .text.__errno  0x0000000008003eb0        0xc f:/st/stm32cubeide_1.10.1/stm32cubeide/plugins/com.st.stm32cube.ide.mcu.externaltools.gnu-tools-for-stm32.10.3-2021.10.win32_1.0.0.202111181127/tools/bin/../lib/gcc/arm-none-eabi/10.3.1/../../../../arm-none-eabi/lib/thumb/v7-m/nofp\libc_nano.a(lib_a-errno.o)
                0x0000000008003eb0                __errno
 .text.__libc_init_array
                0x0000000008003ebc       0x48 f:/st/stm32cubeide_1.10.1/stm32cubeide/plugins/com.st.stm32cube.ide.mcu.externaltools.gnu-tools-for-stm32.10.3-2021.10.win32_1.0.0.202111181127/tools/bin/../lib/gcc/arm-none-eabi/10.3.1/../../../../arm-none-eabi/lib/thumb/v7-m/nofp\libc_nano.a(lib_a-init.o)
                0x0000000008003ebc                __libc_init_array
 .text.memset   0x0000000008003f04       0x10 f:/st/stm32cubeide_1.10.1/stm32cubeide/plugins/com.st.stm32cube.ide.mcu.externaltools.gnu-tools-for-stm32.10.3-2021.10.win32_1.0.0.202111181127/tools/bin/../lib/gcc/arm-none-eabi/10.3.1/../../../../arm-none-eabi/lib/thumb/v7-m/nofp\libc_nano.a(lib_a-memset.o)
                0x0000000008003f04                memset
 .text.printf   0x0000000008003f14       0x30 f:/st/stm32cubeide_1.10.1/stm32cubeide/plugins/com.st.stm32cube.ide.mcu.externaltools.gnu-tools-for-stm32.10.3-2021.10.win32_1.0.0.202111181127/tools/bin/../lib/gcc/arm-none-eabi/10.3.1/../../../../arm-none-eabi/lib/thumb/v7-m/nofp\libc_nano.a(lib_a-printf.o)
                0x0000000008003f14                iprintf
                0x0000000008003f14                printf
 .text._puts_r  0x0000000008003f44       0xdc f:/st/stm32cubeide_1.10.1/stm32cubeide/plugins/com.st.stm32cube.ide.mcu.externaltools.gnu-tools-for-stm32.10.3-2021.10.win32_1.0.0.202111181127/tools/bin/../lib/gcc/arm-none-eabi/10.3.1/../../../../arm-none-eabi/lib/thumb/v7-m/nofp\libc_nano.a(lib_a-puts.o)
                0x0000000008003f44                _puts_r
 .text.puts     0x0000000008004020       0x10 f:/st/stm32cubeide_1.10.1/stm32cubeide/plugins/com.st.stm32cube.ide.mcu.externaltools.gnu-tools-for-stm32.10.3-2021.10.win32_1.0.0.202111181127/tools/bin/../lib/gcc/arm-none-eabi/10.3.1/../../../../arm-none-eabi/lib/thumb/v7-m/nofp\libc_nano.a(lib_a-puts.o)
                0x0000000008004020                puts
 .text.__swbuf_r
                0x0000000008004030       0xa4 f:/st/stm32cubeide_1.10.1/stm32cubeide/plugins/com.st.stm32cube.ide.mcu.externaltools.gnu-tools-for-stm32.10.3-2021.10.win32_1.0.0.202111181127/tools/bin/../lib/gcc/arm-none-eabi/10.3.1/../../../../arm-none-eabi/lib/thumb/v7-m/nofp\libc_nano.a(lib_a-wbuf.o)
                0x0000000008004030                __swbuf_r
 .text.__swsetup_r
                0x00000000080040d4       0xdc f:/st/stm32cubeide_1.10.1/stm32cubeide/plugins/com.st.stm32cube.ide.mcu.externaltools.gnu-tools-for-stm32.10.3-2021.10.win32_1.0.0.202111181127/tools/bin/../lib/gcc/arm-none-eabi/10.3.1/../../../../arm-none-eabi/lib/thumb/v7-m/nofp\libc_nano.a(lib_a-wsetup.o)
                0x00000000080040d4                __swsetup_r
 .text.__sflush_r
                0x00000000080041b0      0x104 f:/st/stm32cubeide_1.10.1/stm32cubeide/plugins/com.st.stm32cube.ide.mcu.externaltools.gnu-tools-for-stm32.10.3-2021.10.win32_1.0.0.202111181127/tools/bin/../lib/gcc/arm-none-eabi/10.3.1/../../../../arm-none-eabi/lib/thumb/v7-m/nofp\libc_nano.a(lib_a-fflush.o)
                0x00000000080041b0                __sflush_r
 .text._fflush_r
                0x00000000080042b4       0x78 f:/st/stm32cubeide_1.10.1/stm32cubeide/plugins/com.st.stm32cube.ide.mcu.externaltools.gnu-tools-for-stm32.10.3-2021.10.win32_1.0.0.202111181127/tools/bin/../lib/gcc/arm-none-eabi/10.3.1/../../../../arm-none-eabi/lib/thumb/v7-m/nofp\libc_nano.a(lib_a-fflush.o)
                0x00000000080042b4                _fflush_r
 .text.std      0x000000000800432c       0x48 f:/st/stm32cubeide_1.10.1/stm32cubeide/plugins/com.st.stm32cube.ide.mcu.externaltools.gnu-tools-for-stm32.10.3-2021.10.win32_1.0.0.202111181127/tools/bin/../lib/gcc/arm-none-eabi/10.3.1/../../../../arm-none-eabi/lib/thumb/v7-m/nofp\libc_nano.a(lib_a-findfp.o)
 .text._cleanup_r
                0x0000000008004374        0xc f:/st/stm32cubeide_1.10.1/stm32cubeide/plugins/com.st.stm32cube.ide.mcu.externaltools.gnu-tools-for-stm32.10.3-2021.10.win32_1.0.0.202111181127/tools/bin/../lib/gcc/arm-none-eabi/10.3.1/../../../../arm-none-eabi/lib/thumb/v7-m/nofp\libc_nano.a(lib_a-findfp.o)
                0x0000000008004374                _cleanup_r
 .text.__sfmoreglue
                0x0000000008004380       0x2c f:/st/stm32cubeide_1.10.1/stm32cubeide/plugins/com.st.stm32cube.ide.mcu.externaltools.gnu-tools-for-stm32.10.3-2021.10.win32_1.0.0.202111181127/tools/bin/../lib/gcc/arm-none-eabi/10.3.1/../../../../arm-none-eabi/lib/thumb/v7-m/nofp\libc_nano.a(lib_a-findfp.o)
                0x0000000008004380                __sfmoreglue
 .text.__sfp_lock_acquire
                0x00000000080043ac        0xc f:/st/stm32cubeide_1.10.1/stm32cubeide/plugins/com.st.stm32cube.ide.mcu.externaltools.gnu-tools-for-stm32.10.3-2021.10.win32_1.0.0.202111181127/tools/bin/../lib/gcc/arm-none-eabi/10.3.1/../../../../arm-none-eabi/lib/thumb/v7-m/nofp\libc_nano.a(lib_a-findfp.o)
                0x00000000080043ac                __sfp_lock_acquire
 .text.__sfp_lock_release
                0x00000000080043b8        0xc f:/st/stm32cubeide_1.10.1/stm32cubeide/plugins/com.st.stm32cube.ide.mcu.externaltools.gnu-tools-for-stm32.10.3-2021.10.win32_1.0.0.202111181127/tools/bin/../lib/gcc/arm-none-eabi/10.3.1/../../../../arm-none-eabi/lib/thumb/v7-m/nofp\libc_nano.a(lib_a-findfp.o)
                0x00000000080043b8                __sfp_lock_release
 .text.__sinit_lock_acquire
                0x00000000080043c4        0xc f:/st/stm32cubeide_1.10.1/stm32cubeide/plugins/com.st.stm32cube.ide.mcu.externaltools.gnu-tools-for-stm32.10.3-2021.10.win32_1.0.0.202111181127/tools/bin/../lib/gcc/arm-none-eabi/10.3.1/../../../../arm-none-eabi/lib/thumb/v7-m/nofp\libc_nano.a(lib_a-findfp.o)
                0x00000000080043c4                __sinit_lock_acquire
 .text.__sinit_lock_release
                0x00000000080043d0        0xc f:/st/stm32cubeide_1.10.1/stm32cubeide/plugins/com.st.stm32cube.ide.mcu.externaltools.gnu-tools-for-stm32.10.3-2021.10.win32_1.0.0.202111181127/tools/bin/../lib/gcc/arm-none-eabi/10.3.1/../../../../arm-none-eabi/lib/thumb/v7-m/nofp\libc_nano.a(lib_a-findfp.o)
                0x00000000080043d0                __sinit_lock_release
 .text.__sinit  0x00000000080043dc       0x70 f:/st/stm32cubeide_1.10.1/stm32cubeide/plugins/com.st.stm32cube.ide.mcu.externaltools.gnu-tools-for-stm32.10.3-2021.10.win32_1.0.0.202111181127/tools/bin/../lib/gcc/arm-none-eabi/10.3.1/../../../../arm-none-eabi/lib/thumb/v7-m/nofp\libc_nano.a(lib_a-findfp.o)
                0x00000000080043dc                __sinit
 .text.__sfp    0x000000000800444c       0x8c f:/st/stm32cubeide_1.10.1/stm32cubeide/plugins/com.st.stm32cube.ide.mcu.externaltools.gnu-tools-for-stm32.10.3-2021.10.win32_1.0.0.202111181127/tools/bin/../lib/gcc/arm-none-eabi/10.3.1/../../../../arm-none-eabi/lib/thumb/v7-m/nofp\libc_nano.a(lib_a-findfp.o)
                0x000000000800444c                __sfp
 .text._fwalk_reent
                0x00000000080044d8       0x3e f:/st/stm32cubeide_1.10.1/stm32cubeide/plugins/com.st.stm32cube.ide.mcu.externaltools.gnu-tools-for-stm32.10.3-2021.10.win32_1.0.0.202111181127/tools/bin/../lib/gcc/arm-none-eabi/10.3.1/../../../../arm-none-eabi/lib/thumb/v7-m/nofp\libc_nano.a(lib_a-fwalk.o)
                0x00000000080044d8                _fwalk_reent
 .text.__retarget_lock_init_recursive
                0x0000000008004516        0x2 f:/st/stm32cubeide_1.10.1/stm32cubeide/plugins/com.st.stm32cube.ide.mcu.externaltools.gnu-tools-for-stm32.10.3-2021.10.win32_1.0.0.202111181127/tools/bin/../lib/gcc/arm-none-eabi/10.3.1/../../../../arm-none-eabi/lib/thumb/v7-m/nofp\libc_nano.a(lib_a-lock.o)
                0x0000000008004516                __retarget_lock_init_recursive
 .text.__retarget_lock_acquire_recursive
                0x0000000008004518        0x2 f:/st/stm32cubeide_1.10.1/stm32cubeide/plugins/com.st.stm32cube.ide.mcu.externaltools.gnu-tools-for-stm32.10.3-2021.10.win32_1.0.0.202111181127/tools/bin/../lib/gcc/arm-none-eabi/10.3.1/../../../../arm-none-eabi/lib/thumb/v7-m/nofp\libc_nano.a(lib_a-lock.o)
                0x0000000008004518                __retarget_lock_acquire_recursive
 .text.__retarget_lock_release_recursive
                0x000000000800451a        0x2 f:/st/stm32cubeide_1.10.1/stm32cubeide/plugins/com.st.stm32cube.ide.mcu.externaltools.gnu-tools-for-stm32.10.3-2021.10.win32_1.0.0.202111181127/tools/bin/../lib/gcc/arm-none-eabi/10.3.1/../../../../arm-none-eabi/lib/thumb/v7-m/nofp\libc_nano.a(lib_a-lock.o)
                0x000000000800451a                __retarget_lock_release_recursive
 .text.__swhatbuf_r
                0x000000000800451c       0x4a f:/st/stm32cubeide_1.10.1/stm32cubeide/plugins/com.st.stm32cube.ide.mcu.externaltools.gnu-tools-for-stm32.10.3-2021.10.win32_1.0.0.202111181127/tools/bin/../lib/gcc/arm-none-eabi/10.3.1/../../../../arm-none-eabi/lib/thumb/v7-m/nofp\libc_nano.a(lib_a-makebuf.o)
                0x000000000800451c                __swhatbuf_r
 *fill*         0x0000000008004566        0x2 
 .text.__smakebuf_r
                0x0000000008004568       0x80 f:/st/stm32cubeide_1.10.1/stm32cubeide/plugins/com.st.stm32cube.ide.mcu.externaltools.gnu-tools-for-stm32.10.3-2021.10.win32_1.0.0.202111181127/tools/bin/../lib/gcc/arm-none-eabi/10.3.1/../../../../arm-none-eabi/lib/thumb/v7-m/nofp\libc_nano.a(lib_a-makebuf.o)
                0x0000000008004568                __smakebuf_r
 .text._free_r  0x00000000080045e8       0x90 f:/st/stm32cubeide_1.10.1/stm32cubeide/plugins/com.st.stm32cube.ide.mcu.externaltools.gnu-tools-for-stm32.10.3-2021.10.win32_1.0.0.202111181127/tools/bin/../lib/gcc/arm-none-eabi/10.3.1/../../../../arm-none-eabi/lib/thumb/v7-m/nofp\libc_nano.a(lib_a-nano-freer.o)
                0x00000000080045e8                _free_r
 .text.sbrk_aligned
                0x0000000008004678       0x40 f:/st/stm32cubeide_1.10.1/stm32cubeide/plugins/com.st.stm32cube.ide.mcu.externaltools.gnu-tools-for-stm32.10.3-2021.10.win32_1.0.0.202111181127/tools/bin/../lib/gcc/arm-none-eabi/10.3.1/../../../../arm-none-eabi/lib/thumb/v7-m/nofp\libc_nano.a(lib_a-nano-mallocr.o)
 .text._malloc_r
                0x00000000080046b8       0xe8 f:/st/stm32cubeide_1.10.1/stm32cubeide/plugins/com.st.stm32cube.ide.mcu.externaltools.gnu-tools-for-stm32.10.3-2021.10.win32_1.0.0.202111181127/tools/bin/../lib/gcc/arm-none-eabi/10.3.1/../../../../arm-none-eabi/lib/thumb/v7-m/nofp\libc_nano.a(lib_a-nano-mallocr.o)
                0x00000000080046b8                _malloc_r
 .text.__sfputc_r
                0x00000000080047a0       0x2a f:/st/stm32cubeide_1.10.1/stm32cubeide/plugins/com.st.stm32cube.ide.mcu.externaltools.gnu-tools-for-stm32.10.3-2021.10.win32_1.0.0.202111181127/tools/bin/../lib/gcc/arm-none-eabi/10.3.1/../../../../arm-none-eabi/lib/thumb/v7-m/nofp\libc_nano.a(lib_a-nano-vfprintf.o)
 .text.__sfputs_r
                0x00000000080047ca       0x24 f:/st/stm32cubeide_1.10.1/stm32cubeide/plugins/com.st.stm32cube.ide.mcu.externaltools.gnu-tools-for-stm32.10.3-2021.10.win32_1.0.0.202111181127/tools/bin/../lib/gcc/arm-none-eabi/10.3.1/../../../../arm-none-eabi/lib/thumb/v7-m/nofp\libc_nano.a(lib_a-nano-vfprintf.o)
                0x00000000080047ca                __sfputs_r
 *fill*         0x00000000080047ee        0x2 
 .text._vfprintf_r
                0x00000000080047f0      0x260 f:/st/stm32cubeide_1.10.1/stm32cubeide/plugins/com.st.stm32cube.ide.mcu.externaltools.gnu-tools-for-stm32.10.3-2021.10.win32_1.0.0.202111181127/tools/bin/../lib/gcc/arm-none-eabi/10.3.1/../../../../arm-none-eabi/lib/thumb/v7-m/nofp\libc_nano.a(lib_a-nano-vfprintf.o)
                0x00000000080047f0                _vfprintf_r
                0x00000000080047f0                _vfiprintf_r
 .text._printf_common
                0x0000000008004a50       0xde f:/st/stm32cubeide_1.10.1/stm32cubeide/plugins/com.st.stm32cube.ide.mcu.externaltools.gnu-tools-for-stm32.10.3-2021.10.win32_1.0.0.202111181127/tools/bin/../lib/gcc/arm-none-eabi/10.3.1/../../../../arm-none-eabi/lib/thumb/v7-m/nofp\libc_nano.a(lib_a-nano-vfprintf_i.o)
                0x0000000008004a50                _printf_common
 *fill*         0x0000000008004b2e        0x2 
 .text._printf_i
                0x0000000008004b30      0x24c f:/st/stm32cubeide_1.10.1/stm32cubeide/plugins/com.st.stm32cube.ide.mcu.externaltools.gnu-tools-for-stm32.10.3-2021.10.win32_1.0.0.202111181127/tools/bin/../lib/gcc/arm-none-eabi/10.3.1/../../../../arm-none-eabi/lib/thumb/v7-m/nofp\libc_nano.a(lib_a-nano-vfprintf_i.o)
                0x0000000008004b30                _printf_i
 .text._sbrk_r  0x0000000008004d7c       0x20 f:/st/stm32cubeide_1.10.1/stm32cubeide/plugins/com.st.stm32cube.ide.mcu.externaltools.gnu-tools-for-stm32.10.3-2021.10.win32_1.0.0.202111181127/tools/bin/../lib/gcc/arm-none-eabi/10.3.1/../../../../arm-none-eabi/lib/thumb/v7-m/nofp\libc_nano.a(lib_a-sbrkr.o)
                0x0000000008004d7c                _sbrk_r
 .text.__sread  0x0000000008004d9c       0x22 f:/st/stm32cubeide_1.10.1/stm32cubeide/plugins/com.st.stm32cube.ide.mcu.externaltools.gnu-tools-for-stm32.10.3-2021.10.win32_1.0.0.202111181127/tools/bin/../lib/gcc/arm-none-eabi/10.3.1/../../../../arm-none-eabi/lib/thumb/v7-m/nofp\libc_nano.a(lib_a-stdio.o)
                0x0000000008004d9c                __sread
 .text.__swrite
                0x0000000008004dbe       0x38 f:/st/stm32cubeide_1.10.1/stm32cubeide/plugins/com.st.stm32cube.ide.mcu.externaltools.gnu-tools-for-stm32.10.3-2021.10.win32_1.0.0.202111181127/tools/bin/../lib/gcc/arm-none-eabi/10.3.1/../../../../arm-none-eabi/lib/thumb/v7-m/nofp\libc_nano.a(lib_a-stdio.o)
                0x0000000008004dbe                __swrite
 .text.__sseek  0x0000000008004df6       0x24 f:/st/stm32cubeide_1.10.1/stm32cubeide/plugins/com.st.stm32cube.ide.mcu.externaltools.gnu-tools-for-stm32.10.3-2021.10.win32_1.0.0.202111181127/tools/bin/../lib/gcc/arm-none-eabi/10.3.1/../../../../arm-none-eabi/lib/thumb/v7-m/nofp\libc_nano.a(lib_a-stdio.o)
                0x0000000008004df6                __sseek
 .text.__sclose
                0x0000000008004e1a        0x8 f:/st/stm32cubeide_1.10.1/stm32cubeide/plugins/com.st.stm32cube.ide.mcu.externaltools.gnu-tools-for-stm32.10.3-2021.10.win32_1.0.0.202111181127/tools/bin/../lib/gcc/arm-none-eabi/10.3.1/../../../../arm-none-eabi/lib/thumb/v7-m/nofp\libc_nano.a(lib_a-stdio.o)
                0x0000000008004e1a                __sclose
 *fill*         0x0000000008004e22        0x2 
 .text._write_r
                0x0000000008004e24       0x24 f:/st/stm32cubeide_1.10.1/stm32cubeide/plugins/com.st.stm32cube.ide.mcu.externaltools.gnu-tools-for-stm32.10.3-2021.10.win32_1.0.0.202111181127/tools/bin/../lib/gcc/arm-none-eabi/10.3.1/../../../../arm-none-eabi/lib/thumb/v7-m/nofp\libc_nano.a(lib_a-writer.o)
                0x0000000008004e24                _write_r
 .text._close_r
                0x0000000008004e48       0x20 f:/st/stm32cubeide_1.10.1/stm32cubeide/plugins/com.st.stm32cube.ide.mcu.externaltools.gnu-tools-for-stm32.10.3-2021.10.win32_1.0.0.202111181127/tools/bin/../lib/gcc/arm-none-eabi/10.3.1/../../../../arm-none-eabi/lib/thumb/v7-m/nofp\libc_nano.a(lib_a-closer.o)
                0x0000000008004e48                _close_r
 .text._fstat_r
                0x0000000008004e68       0x24 f:/st/stm32cubeide_1.10.1/stm32cubeide/plugins/com.st.stm32cube.ide.mcu.externaltools.gnu-tools-for-stm32.10.3-2021.10.win32_1.0.0.202111181127/tools/bin/../lib/gcc/arm-none-eabi/10.3.1/../../../../arm-none-eabi/lib/thumb/v7-m/nofp\libc_nano.a(lib_a-fstatr.o)
                0x0000000008004e68                _fstat_r
 .text._isatty_r
                0x0000000008004e8c       0x20 f:/st/stm32cubeide_1.10.1/stm32cubeide/plugins/com.st.stm32cube.ide.mcu.externaltools.gnu-tools-for-stm32.10.3-2021.10.win32_1.0.0.202111181127/tools/bin/../lib/gcc/arm-none-eabi/10.3.1/../../../../arm-none-eabi/lib/thumb/v7-m/nofp\libc_nano.a(lib_a-isattyr.o)
                0x0000000008004e8c                _isatty_r
 .text._lseek_r
                0x0000000008004eac       0x24 f:/st/stm32cubeide_1.10.1/stm32cubeide/plugins/com.st.stm32cube.ide.mcu.externaltools.gnu-tools-for-stm32.10.3-2021.10.win32_1.0.0.202111181127/tools/bin/../lib/gcc/arm-none-eabi/10.3.1/../../../../arm-none-eabi/lib/thumb/v7-m/nofp\libc_nano.a(lib_a-lseekr.o)
                0x0000000008004eac                _lseek_r
 .text.memchr   0x0000000008004ed0       0x1c f:/st/stm32cubeide_1.10.1/stm32cubeide/plugins/com.st.stm32cube.ide.mcu.externaltools.gnu-tools-for-stm32.10.3-2021.10.win32_1.0.0.202111181127/tools/bin/../lib/gcc/arm-none-eabi/10.3.1/../../../../arm-none-eabi/lib/thumb/v7-m/nofp\libc_nano.a(lib_a-memchr-stub.o)
                0x0000000008004ed0                memchr
 .text.__malloc_lock
                0x0000000008004eec        0xc f:/st/stm32cubeide_1.10.1/stm32cubeide/plugins/com.st.stm32cube.ide.mcu.externaltools.gnu-tools-for-stm32.10.3-2021.10.win32_1.0.0.202111181127/tools/bin/../lib/gcc/arm-none-eabi/10.3.1/../../../../arm-none-eabi/lib/thumb/v7-m/nofp\libc_nano.a(lib_a-mlock.o)
                0x0000000008004eec                __malloc_lock
 .text.__malloc_unlock
                0x0000000008004ef8        0xc f:/st/stm32cubeide_1.10.1/stm32cubeide/plugins/com.st.stm32cube.ide.mcu.externaltools.gnu-tools-for-stm32.10.3-2021.10.win32_1.0.0.202111181127/tools/bin/../lib/gcc/arm-none-eabi/10.3.1/../../../../arm-none-eabi/lib/thumb/v7-m/nofp\libc_nano.a(lib_a-mlock.o)
                0x0000000008004ef8                __malloc_unlock
 .text._read_r  0x0000000008004f04       0x24 f:/st/stm32cubeide_1.10.1/stm32cubeide/plugins/com.st.stm32cube.ide.mcu.externaltools.gnu-tools-for-stm32.10.3-2021.10.win32_1.0.0.202111181127/tools/bin/../lib/gcc/arm-none-eabi/10.3.1/../../../../arm-none-eabi/lib/thumb/v7-m/nofp\libc_nano.a(lib_a-readr.o)
                0x0000000008004f04                _read_r
 *(.glue_7)
 .glue_7        0x0000000008004f28        0x0 linker stubs
 *(.glue_7t)
 .glue_7t       0x0000000008004f28        0x0 linker stubs
 *(.eh_frame)
 .eh_frame      0x0000000008004f28        0x0 f:/st/stm32cubeide_1.10.1/stm32cubeide/plugins/com.st.stm32cube.ide.mcu.externaltools.gnu-tools-for-stm32.10.3-2021.10.win32_1.0.0.202111181127/tools/bin/../lib/gcc/arm-none-eabi/10.3.1/thumb/v7-m/nofp/crtbegin.o
 *(.init)
 .init          0x0000000008004f28        0x4 f:/st/stm32cubeide_1.10.1/stm32cubeide/plugins/com.st.stm32cube.ide.mcu.externaltools.gnu-tools-for-stm32.10.3-2021.10.win32_1.0.0.202111181127/tools/bin/../lib/gcc/arm-none-eabi/10.3.1/thumb/v7-m/nofp/crti.o
                0x0000000008004f28                _init
 .init          0x0000000008004f2c        0x8 f:/st/stm32cubeide_1.10.1/stm32cubeide/plugins/com.st.stm32cube.ide.mcu.externaltools.gnu-tools-for-stm32.10.3-2021.10.win32_1.0.0.202111181127/tools/bin/../lib/gcc/arm-none-eabi/10.3.1/thumb/v7-m/nofp/crtn.o
 *(.fini)
 .fini          0x0000000008004f34        0x4 f:/st/stm32cubeide_1.10.1/stm32cubeide/plugins/com.st.stm32cube.ide.mcu.externaltools.gnu-tools-for-stm32.10.3-2021.10.win32_1.0.0.202111181127/tools/bin/../lib/gcc/arm-none-eabi/10.3.1/thumb/v7-m/nofp/crti.o
                0x0000000008004f34                _fini
 .fini          0x0000000008004f38        0x8 f:/st/stm32cubeide_1.10.1/stm32cubeide/plugins/com.st.stm32cube.ide.mcu.externaltools.gnu-tools-for-stm32.10.3-2021.10.win32_1.0.0.202111181127/tools/bin/../lib/gcc/arm-none-eabi/10.3.1/thumb/v7-m/nofp/crtn.o
                0x0000000008004f40                . = ALIGN (0x4)
                0x0000000008004f40                _etext = .

.vfp11_veneer   0x0000000008004f40        0x0
 .vfp11_veneer  0x0000000008004f40        0x0 linker stubs

.v4_bx          0x0000000008004f40        0x0
 .v4_bx         0x0000000008004f40        0x0 linker stubs

.iplt           0x0000000008004f40        0x0
 .iplt          0x0000000008004f40        0x0 f:/st/stm32cubeide_1.10.1/stm32cubeide/plugins/com.st.stm32cube.ide.mcu.externaltools.gnu-tools-for-stm32.10.3-2021.10.win32_1.0.0.202111181127/tools/bin/../lib/gcc/arm-none-eabi/10.3.1/thumb/v7-m/nofp/crtbegin.o

.rodata         0x0000000008004f40      0x138
                0x0000000008004f40                . = ALIGN (0x4)
 *(.rodata)
 .rodata        0x0000000008004f40        0x6 ./BSP/bsp.o
 *fill*         0x0000000008004f46        0x2 
 .rodata        0x0000000008004f48       0x6a ./BSP/bsp_can.o
 *fill*         0x0000000008004fb2        0x2 
 .rodata        0x0000000008004fb4       0x10 ./Drivers/STM32F1xx_HAL_Driver/Src/stm32f1xx_hal_rcc.o
 *(.rodata*)
 .rodata.header
                0x0000000008004fc4        0x2 ./BSP/bsp_uart.o
                0x0000000008004fc4                header
 *fill*         0x0000000008004fc6        0x2 
 .rodata.AHBPrescTable
                0x0000000008004fc8       0x10 ./Core/Src/system_stm32f1xx.o
                0x0000000008004fc8                AHBPrescTable
 .rodata.APBPrescTable
                0x0000000008004fd8        0x8 ./Core/Src/system_stm32f1xx.o
                0x0000000008004fd8                APBPrescTable
 .rodata._global_impure_ptr
                0x0000000008004fe0        0x4 f:/st/stm32cubeide_1.10.1/stm32cubeide/plugins/com.st.stm32cube.ide.mcu.externaltools.gnu-tools-for-stm32.10.3-2021.10.win32_1.0.0.202111181127/tools/bin/../lib/gcc/arm-none-eabi/10.3.1/../../../../arm-none-eabi/lib/thumb/v7-m/nofp\libc_nano.a(lib_a-impure.o)
                0x0000000008004fe0                _global_impure_ptr
 .rodata.__sf_fake_stderr
                0x0000000008004fe4       0x20 f:/st/stm32cubeide_1.10.1/stm32cubeide/plugins/com.st.stm32cube.ide.mcu.externaltools.gnu-tools-for-stm32.10.3-2021.10.win32_1.0.0.202111181127/tools/bin/../lib/gcc/arm-none-eabi/10.3.1/../../../../arm-none-eabi/lib/thumb/v7-m/nofp\libc_nano.a(lib_a-findfp.o)
                0x0000000008004fe4                __sf_fake_stderr
 .rodata.__sf_fake_stdin
                0x0000000008005004       0x20 f:/st/stm32cubeide_1.10.1/stm32cubeide/plugins/com.st.stm32cube.ide.mcu.externaltools.gnu-tools-for-stm32.10.3-2021.10.win32_1.0.0.202111181127/tools/bin/../lib/gcc/arm-none-eabi/10.3.1/../../../../arm-none-eabi/lib/thumb/v7-m/nofp\libc_nano.a(lib_a-findfp.o)
                0x0000000008005004                __sf_fake_stdin
 .rodata.__sf_fake_stdout
                0x0000000008005024       0x20 f:/st/stm32cubeide_1.10.1/stm32cubeide/plugins/com.st.stm32cube.ide.mcu.externaltools.gnu-tools-for-stm32.10.3-2021.10.win32_1.0.0.202111181127/tools/bin/../lib/gcc/arm-none-eabi/10.3.1/../../../../arm-none-eabi/lib/thumb/v7-m/nofp\libc_nano.a(lib_a-findfp.o)
                0x0000000008005024                __sf_fake_stdout
 .rodata._vfprintf_r.str1.1
                0x0000000008005044       0x11 f:/st/stm32cubeide_1.10.1/stm32cubeide/plugins/com.st.stm32cube.ide.mcu.externaltools.gnu-tools-for-stm32.10.3-2021.10.win32_1.0.0.202111181127/tools/bin/../lib/gcc/arm-none-eabi/10.3.1/../../../../arm-none-eabi/lib/thumb/v7-m/nofp\libc_nano.a(lib_a-nano-vfprintf.o)
 .rodata._printf_i.str1.1
                0x0000000008005055       0x22 f:/st/stm32cubeide_1.10.1/stm32cubeide/plugins/com.st.stm32cube.ide.mcu.externaltools.gnu-tools-for-stm32.10.3-2021.10.win32_1.0.0.202111181127/tools/bin/../lib/gcc/arm-none-eabi/10.3.1/../../../../arm-none-eabi/lib/thumb/v7-m/nofp\libc_nano.a(lib_a-nano-vfprintf_i.o)
                0x0000000008005078                . = ALIGN (0x4)
 *fill*         0x0000000008005077        0x1 

.rel.dyn        0x0000000008005078        0x0
 .rel.iplt      0x0000000008005078        0x0 f:/st/stm32cubeide_1.10.1/stm32cubeide/plugins/com.st.stm32cube.ide.mcu.externaltools.gnu-tools-for-stm32.10.3-2021.10.win32_1.0.0.202111181127/tools/bin/../lib/gcc/arm-none-eabi/10.3.1/thumb/v7-m/nofp/crtbegin.o

.ARM.extab      0x0000000008005078        0x0
                0x0000000008005078                . = ALIGN (0x4)
 *(.ARM.extab* .gnu.linkonce.armextab.*)
                0x0000000008005078                . = ALIGN (0x4)

.ARM            0x0000000008005078        0x0
                0x0000000008005078                . = ALIGN (0x4)
                0x0000000008005078                __exidx_start = .
 *(.ARM.exidx*)
                0x0000000008005078                __exidx_end = .
                0x0000000008005078                . = ALIGN (0x4)

.preinit_array  0x0000000008005078        0x0
                0x0000000008005078                . = ALIGN (0x4)
                0x0000000008005078                PROVIDE (__preinit_array_start = .)
 *(.preinit_array*)
                0x0000000008005078                PROVIDE (__preinit_array_end = .)
                0x0000000008005078                . = ALIGN (0x4)

.init_array     0x0000000008005078        0x4
                0x0000000008005078                . = ALIGN (0x4)
                0x0000000008005078                PROVIDE (__init_array_start = .)
 *(SORT_BY_NAME(.init_array.*))
 *(.init_array*)
 .init_array    0x0000000008005078        0x4 f:/st/stm32cubeide_1.10.1/stm32cubeide/plugins/com.st.stm32cube.ide.mcu.externaltools.gnu-tools-for-stm32.10.3-2021.10.win32_1.0.0.202111181127/tools/bin/../lib/gcc/arm-none-eabi/10.3.1/thumb/v7-m/nofp/crtbegin.o
                0x000000000800507c                PROVIDE (__init_array_end = .)
                0x000000000800507c                . = ALIGN (0x4)

.fini_array     0x000000000800507c        0x4
                0x000000000800507c                . = ALIGN (0x4)
                [!provide]                        PROVIDE (__fini_array_start = .)
 *(SORT_BY_NAME(.fini_array.*))
 *(.fini_array*)
 .fini_array    0x000000000800507c        0x4 f:/st/stm32cubeide_1.10.1/stm32cubeide/plugins/com.st.stm32cube.ide.mcu.externaltools.gnu-tools-for-stm32.10.3-2021.10.win32_1.0.0.202111181127/tools/bin/../lib/gcc/arm-none-eabi/10.3.1/thumb/v7-m/nofp/crtbegin.o
                [!provide]                        PROVIDE (__fini_array_end = .)
                0x0000000008005080                . = ALIGN (0x4)
                0x0000000008005080                _sidata = LOADADDR (.data)

.data           0x0000000020000000       0x70 load address 0x0000000008005080
                0x0000000020000000                . = ALIGN (0x4)
                0x0000000020000000                _sdata = .
 *(.data)
 *(.data*)
 .data.SystemCoreClock
                0x0000000020000000        0x4 ./Core/Src/system_stm32f1xx.o
                0x0000000020000000                SystemCoreClock
 .data.uwTickPrio
                0x0000000020000004        0x4 ./Drivers/STM32F1xx_HAL_Driver/Src/stm32f1xx_hal.o
                0x0000000020000004                uwTickPrio
 .data.uwTickFreq
                0x0000000020000008        0x1 ./Drivers/STM32F1xx_HAL_Driver/Src/stm32f1xx_hal.o
                0x0000000020000008                uwTickFreq
 *fill*         0x0000000020000009        0x3 
 .data._impure_ptr
                0x000000002000000c        0x4 f:/st/stm32cubeide_1.10.1/stm32cubeide/plugins/com.st.stm32cube.ide.mcu.externaltools.gnu-tools-for-stm32.10.3-2021.10.win32_1.0.0.202111181127/tools/bin/../lib/gcc/arm-none-eabi/10.3.1/../../../../arm-none-eabi/lib/thumb/v7-m/nofp\libc_nano.a(lib_a-impure.o)
                0x000000002000000c                _impure_ptr
 .data.impure_data
                0x0000000020000010       0x60 f:/st/stm32cubeide_1.10.1/stm32cubeide/plugins/com.st.stm32cube.ide.mcu.externaltools.gnu-tools-for-stm32.10.3-2021.10.win32_1.0.0.202111181127/tools/bin/../lib/gcc/arm-none-eabi/10.3.1/../../../../arm-none-eabi/lib/thumb/v7-m/nofp\libc_nano.a(lib_a-impure.o)
 *(.RamFunc)
 *(.RamFunc*)
                0x0000000020000070                . = ALIGN (0x4)
                0x0000000020000070                _edata = .

.igot.plt       0x0000000020000070        0x0 load address 0x00000000080050f0
 .igot.plt      0x0000000020000070        0x0 f:/st/stm32cubeide_1.10.1/stm32cubeide/plugins/com.st.stm32cube.ide.mcu.externaltools.gnu-tools-for-stm32.10.3-2021.10.win32_1.0.0.202111181127/tools/bin/../lib/gcc/arm-none-eabi/10.3.1/thumb/v7-m/nofp/crtbegin.o
                0x0000000020000070                . = ALIGN (0x4)

.bss            0x0000000020000070      0x170 load address 0x00000000080050f0
                0x0000000020000070                _sbss = .
                0x0000000020000070                __bss_start__ = _sbss
 *(.bss)
 .bss           0x0000000020000070       0x1c f:/st/stm32cubeide_1.10.1/stm32cubeide/plugins/com.st.stm32cube.ide.mcu.externaltools.gnu-tools-for-stm32.10.3-2021.10.win32_1.0.0.202111181127/tools/bin/../lib/gcc/arm-none-eabi/10.3.1/thumb/v7-m/nofp/crtbegin.o
 *(.bss*)
 .bss.led_count.0
                0x000000002000008c        0x1 ./BSP/bsp.o
 *fill*         0x000000002000008d        0x1 
 .bss.beep_on_time
                0x000000002000008e        0x2 ./BSP/bsp_beep.o
                0x000000002000008e                beep_on_time
 .bss.beep_state
                0x0000000020000090        0x1 ./BSP/bsp_beep.o
                0x0000000020000090                beep_state
 *fill*         0x0000000020000091        0x3 
 .bss.TxHeader  0x0000000020000094       0x18 ./BSP/bsp_can.o
                0x0000000020000094                TxHeader
 .bss.RxHeader  0x00000000200000ac       0x1c ./BSP/bsp_can.o
                0x00000000200000ac                RxHeader
 .bss.sFilterConfig
                0x00000000200000c8       0x28 ./BSP/bsp_can.o
                0x00000000200000c8                sFilterConfig
 .bss.key1_state.0
                0x00000000200000f0        0x2 ./BSP/bsp_key.o
 *fill*         0x00000000200000f2        0x2 
 .bss.ptr4      0x00000000200000f4        0x4 ./BSP/bsp_uart.o
                0x00000000200000f4                ptr4
 .bss.ptr5      0x00000000200000f8        0x4 ./BSP/bsp_uart.o
                0x00000000200000f8                ptr5
 .bss.receiveBuff
                0x00000000200000fc        0x2 ./BSP/bsp_uart.o
                0x00000000200000fc                receiveBuff
 *fill*         0x00000000200000fe        0x2 
 .bss.leftVelNow
                0x0000000020000100        0x2 ./BSP/bsp_uart.o
                0x0000000020000100                leftVelNow
 *fill*         0x0000000020000102        0x2 
 .bss.rightVelNow
                0x0000000020000104        0x2 ./BSP/bsp_uart.o
                0x0000000020000104                rightVelNow
 *fill*         0x0000000020000106        0x2 
 .bss.angleNow  0x0000000020000108        0x2 ./BSP/bsp_uart.o
                0x0000000020000108                angleNow
 *fill*         0x000000002000010a        0x2 
 .bss.lowVelSet
                0x000000002000010c        0x1 ./BSP/bsp_uart.o
                0x000000002000010c                lowVelSet
 *fill*         0x000000002000010d        0x3 
 .bss.highVelSet
                0x0000000020000110        0x1 ./BSP/bsp_uart.o
                0x0000000020000110                highVelSet
 *fill*         0x0000000020000111        0x3 
 .bss.length.0  0x0000000020000114        0x4 ./BSP/bsp_uart.o
 .bss.hcan      0x0000000020000118       0x28 ./Core/Src/can.o
                0x0000000020000118                hcan
 .bss.__sbrk_heap_end
                0x0000000020000140        0x4 ./Core/Src/sysmem.o
 .bss.huart1    0x0000000020000144       0x44 ./Core/Src/usart.o
                0x0000000020000144                huart1
 .bss.hdma_usart1_tx
                0x0000000020000188       0x44 ./Core/Src/usart.o
                0x0000000020000188                hdma_usart1_tx
 .bss.uwTick    0x00000000200001cc        0x4 ./Drivers/STM32F1xx_HAL_Driver/Src/stm32f1xx_hal.o
                0x00000000200001cc                uwTick
 .bss.__lock___malloc_recursive_mutex
                0x00000000200001d0        0x1 f:/st/stm32cubeide_1.10.1/stm32cubeide/plugins/com.st.stm32cube.ide.mcu.externaltools.gnu-tools-for-stm32.10.3-2021.10.win32_1.0.0.202111181127/tools/bin/../lib/gcc/arm-none-eabi/10.3.1/../../../../arm-none-eabi/lib/thumb/v7-m/nofp\libc_nano.a(lib_a-lock.o)
                0x00000000200001d0                __lock___malloc_recursive_mutex
 .bss.__lock___sfp_recursive_mutex
                0x00000000200001d1        0x1 f:/st/stm32cubeide_1.10.1/stm32cubeide/plugins/com.st.stm32cube.ide.mcu.externaltools.gnu-tools-for-stm32.10.3-2021.10.win32_1.0.0.202111181127/tools/bin/../lib/gcc/arm-none-eabi/10.3.1/../../../../arm-none-eabi/lib/thumb/v7-m/nofp\libc_nano.a(lib_a-lock.o)
                0x00000000200001d1                __lock___sfp_recursive_mutex
 .bss.__lock___sinit_recursive_mutex
                0x00000000200001d2        0x1 f:/st/stm32cubeide_1.10.1/stm32cubeide/plugins/com.st.stm32cube.ide.mcu.externaltools.gnu-tools-for-stm32.10.3-2021.10.win32_1.0.0.202111181127/tools/bin/../lib/gcc/arm-none-eabi/10.3.1/../../../../arm-none-eabi/lib/thumb/v7-m/nofp\libc_nano.a(lib_a-lock.o)
                0x00000000200001d2                __lock___sinit_recursive_mutex
 *fill*         0x00000000200001d3        0x1 
 .bss.__malloc_free_list
                0x00000000200001d4        0x4 f:/st/stm32cubeide_1.10.1/stm32cubeide/plugins/com.st.stm32cube.ide.mcu.externaltools.gnu-tools-for-stm32.10.3-2021.10.win32_1.0.0.202111181127/tools/bin/../lib/gcc/arm-none-eabi/10.3.1/../../../../arm-none-eabi/lib/thumb/v7-m/nofp\libc_nano.a(lib_a-nano-mallocr.o)
                0x00000000200001d4                __malloc_free_list
 .bss.__malloc_sbrk_start
                0x00000000200001d8        0x4 f:/st/stm32cubeide_1.10.1/stm32cubeide/plugins/com.st.stm32cube.ide.mcu.externaltools.gnu-tools-for-stm32.10.3-2021.10.win32_1.0.0.202111181127/tools/bin/../lib/gcc/arm-none-eabi/10.3.1/../../../../arm-none-eabi/lib/thumb/v7-m/nofp\libc_nano.a(lib_a-nano-mallocr.o)
                0x00000000200001d8                __malloc_sbrk_start
 .bss.errno     0x00000000200001dc        0x4 f:/st/stm32cubeide_1.10.1/stm32cubeide/plugins/com.st.stm32cube.ide.mcu.externaltools.gnu-tools-for-stm32.10.3-2021.10.win32_1.0.0.202111181127/tools/bin/../lib/gcc/arm-none-eabi/10.3.1/../../../../arm-none-eabi/lib/thumb/v7-m/nofp\libc_nano.a(lib_a-reent.o)
                0x00000000200001dc                errno
 *(COMMON)
                0x00000000200001e0                . = ALIGN (0x4)
                0x00000000200001e0                _ebss = .
                0x00000000200001e0                __bss_end__ = _ebss

._user_heap_stack
                0x00000000200001e0      0x600 load address 0x00000000080050f0
                0x00000000200001e0                . = ALIGN (0x8)
                [!provide]                        PROVIDE (end = .)
                0x00000000200001e0                PROVIDE (_end = .)
                0x00000000200003e0                . = (. + _Min_Heap_Size)
 *fill*         0x00000000200001e0      0x200 
                0x00000000200007e0                . = (. + _Min_Stack_Size)
 *fill*         0x00000000200003e0      0x400 
                0x00000000200007e0                . = ALIGN (0x8)

/DISCARD/
 libc.a(*)
 libm.a(*)
 libgcc.a(*)

.ARM.attributes
                0x0000000000000000       0x29
 *(.ARM.attributes)
 .ARM.attributes
                0x0000000000000000       0x1d f:/st/stm32cubeide_1.10.1/stm32cubeide/plugins/com.st.stm32cube.ide.mcu.externaltools.gnu-tools-for-stm32.10.3-2021.10.win32_1.0.0.202111181127/tools/bin/../lib/gcc/arm-none-eabi/10.3.1/thumb/v7-m/nofp/crti.o
 .ARM.attributes
                0x000000000000001d       0x2d f:/st/stm32cubeide_1.10.1/stm32cubeide/plugins/com.st.stm32cube.ide.mcu.externaltools.gnu-tools-for-stm32.10.3-2021.10.win32_1.0.0.202111181127/tools/bin/../lib/gcc/arm-none-eabi/10.3.1/thumb/v7-m/nofp/crtbegin.o
 .ARM.attributes
                0x000000000000004a       0x2d ./BSP/bsp.o
 .ARM.attributes
                0x0000000000000077       0x2d ./BSP/bsp_beep.o
 .ARM.attributes
                0x00000000000000a4       0x2d ./BSP/bsp_can.o
 .ARM.attributes
                0x00000000000000d1       0x2d ./BSP/bsp_key.o
 .ARM.attributes
                0x00000000000000fe       0x2d ./BSP/bsp_uart.o
 .ARM.attributes
                0x000000000000012b       0x2d ./Core/Src/can.o
 .ARM.attributes
                0x0000000000000158       0x2d ./Core/Src/dma.o
 .ARM.attributes
                0x0000000000000185       0x2d ./Core/Src/gpio.o
 .ARM.attributes
                0x00000000000001b2       0x2d ./Core/Src/main.o
 .ARM.attributes
                0x00000000000001df       0x2d ./Core/Src/stm32f1xx_hal_msp.o
 .ARM.attributes
                0x000000000000020c       0x2d ./Core/Src/stm32f1xx_it.o
 .ARM.attributes
                0x0000000000000239       0x2d ./Core/Src/syscalls.o
 .ARM.attributes
                0x0000000000000266       0x2d ./Core/Src/sysmem.o
 .ARM.attributes
                0x0000000000000293       0x2d ./Core/Src/system_stm32f1xx.o
 .ARM.attributes
                0x00000000000002c0       0x2d ./Core/Src/usart.o
 .ARM.attributes
                0x00000000000002ed       0x21 ./Core/Startup/startup_stm32f103rctx.o
 .ARM.attributes
                0x000000000000030e       0x2d ./Drivers/STM32F1xx_HAL_Driver/Src/stm32f1xx_hal.o
 .ARM.attributes
                0x000000000000033b       0x2d ./Drivers/STM32F1xx_HAL_Driver/Src/stm32f1xx_hal_can.o
 .ARM.attributes
                0x0000000000000368       0x2d ./Drivers/STM32F1xx_HAL_Driver/Src/stm32f1xx_hal_cortex.o
 .ARM.attributes
                0x0000000000000395       0x2d ./Drivers/STM32F1xx_HAL_Driver/Src/stm32f1xx_hal_dma.o
 .ARM.attributes
                0x00000000000003c2       0x2d ./Drivers/STM32F1xx_HAL_Driver/Src/stm32f1xx_hal_gpio.o
 .ARM.attributes
                0x00000000000003ef       0x2d ./Drivers/STM32F1xx_HAL_Driver/Src/stm32f1xx_hal_rcc.o
 .ARM.attributes
                0x000000000000041c       0x2d ./Drivers/STM32F1xx_HAL_Driver/Src/stm32f1xx_hal_uart.o
 .ARM.attributes
                0x0000000000000449       0x2d f:/st/stm32cubeide_1.10.1/stm32cubeide/plugins/com.st.stm32cube.ide.mcu.externaltools.gnu-tools-for-stm32.10.3-2021.10.win32_1.0.0.202111181127/tools/bin/../lib/gcc/arm-none-eabi/10.3.1/../../../../arm-none-eabi/lib/thumb/v7-m/nofp\libc_nano.a(lib_a-errno.o)
 .ARM.attributes
                0x0000000000000476       0x2d f:/st/stm32cubeide_1.10.1/stm32cubeide/plugins/com.st.stm32cube.ide.mcu.externaltools.gnu-tools-for-stm32.10.3-2021.10.win32_1.0.0.202111181127/tools/bin/../lib/gcc/arm-none-eabi/10.3.1/../../../../arm-none-eabi/lib/thumb/v7-m/nofp\libc_nano.a(lib_a-impure.o)
 .ARM.attributes
                0x00000000000004a3       0x2d f:/st/stm32cubeide_1.10.1/stm32cubeide/plugins/com.st.stm32cube.ide.mcu.externaltools.gnu-tools-for-stm32.10.3-2021.10.win32_1.0.0.202111181127/tools/bin/../lib/gcc/arm-none-eabi/10.3.1/../../../../arm-none-eabi/lib/thumb/v7-m/nofp\libc_nano.a(lib_a-init.o)
 .ARM.attributes
                0x00000000000004d0       0x2d f:/st/stm32cubeide_1.10.1/stm32cubeide/plugins/com.st.stm32cube.ide.mcu.externaltools.gnu-tools-for-stm32.10.3-2021.10.win32_1.0.0.202111181127/tools/bin/../lib/gcc/arm-none-eabi/10.3.1/../../../../arm-none-eabi/lib/thumb/v7-m/nofp\libc_nano.a(lib_a-memset.o)
 .ARM.attributes
                0x00000000000004fd       0x2d f:/st/stm32cubeide_1.10.1/stm32cubeide/plugins/com.st.stm32cube.ide.mcu.externaltools.gnu-tools-for-stm32.10.3-2021.10.win32_1.0.0.202111181127/tools/bin/../lib/gcc/arm-none-eabi/10.3.1/../../../../arm-none-eabi/lib/thumb/v7-m/nofp\libc_nano.a(lib_a-printf.o)
 .ARM.attributes
                0x000000000000052a       0x2d f:/st/stm32cubeide_1.10.1/stm32cubeide/plugins/com.st.stm32cube.ide.mcu.externaltools.gnu-tools-for-stm32.10.3-2021.10.win32_1.0.0.202111181127/tools/bin/../lib/gcc/arm-none-eabi/10.3.1/../../../../arm-none-eabi/lib/thumb/v7-m/nofp\libc_nano.a(lib_a-puts.o)
 .ARM.attributes
                0x0000000000000557       0x2d f:/st/stm32cubeide_1.10.1/stm32cubeide/plugins/com.st.stm32cube.ide.mcu.externaltools.gnu-tools-for-stm32.10.3-2021.10.win32_1.0.0.202111181127/tools/bin/../lib/gcc/arm-none-eabi/10.3.1/../../../../arm-none-eabi/lib/thumb/v7-m/nofp\libc_nano.a(lib_a-wbuf.o)
 .ARM.attributes
                0x0000000000000584       0x2d f:/st/stm32cubeide_1.10.1/stm32cubeide/plugins/com.st.stm32cube.ide.mcu.externaltools.gnu-tools-for-stm32.10.3-2021.10.win32_1.0.0.202111181127/tools/bin/../lib/gcc/arm-none-eabi/10.3.1/../../../../arm-none-eabi/lib/thumb/v7-m/nofp\libc_nano.a(lib_a-wsetup.o)
 .ARM.attributes
                0x00000000000005b1       0x2d f:/st/stm32cubeide_1.10.1/stm32cubeide/plugins/com.st.stm32cube.ide.mcu.externaltools.gnu-tools-for-stm32.10.3-2021.10.win32_1.0.0.202111181127/tools/bin/../lib/gcc/arm-none-eabi/10.3.1/../../../../arm-none-eabi/lib/thumb/v7-m/nofp\libc_nano.a(lib_a-fflush.o)
 .ARM.attributes
                0x00000000000005de       0x2d f:/st/stm32cubeide_1.10.1/stm32cubeide/plugins/com.st.stm32cube.ide.mcu.externaltools.gnu-tools-for-stm32.10.3-2021.10.win32_1.0.0.202111181127/tools/bin/../lib/gcc/arm-none-eabi/10.3.1/../../../../arm-none-eabi/lib/thumb/v7-m/nofp\libc_nano.a(lib_a-findfp.o)
 .ARM.attributes
                0x000000000000060b       0x2d f:/st/stm32cubeide_1.10.1/stm32cubeide/plugins/com.st.stm32cube.ide.mcu.externaltools.gnu-tools-for-stm32.10.3-2021.10.win32_1.0.0.202111181127/tools/bin/../lib/gcc/arm-none-eabi/10.3.1/../../../../arm-none-eabi/lib/thumb/v7-m/nofp\libc_nano.a(lib_a-fwalk.o)
 .ARM.attributes
                0x0000000000000638       0x2d f:/st/stm32cubeide_1.10.1/stm32cubeide/plugins/com.st.stm32cube.ide.mcu.externaltools.gnu-tools-for-stm32.10.3-2021.10.win32_1.0.0.202111181127/tools/bin/../lib/gcc/arm-none-eabi/10.3.1/../../../../arm-none-eabi/lib/thumb/v7-m/nofp\libc_nano.a(lib_a-lock.o)
 .ARM.attributes
                0x0000000000000665       0x2d f:/st/stm32cubeide_1.10.1/stm32cubeide/plugins/com.st.stm32cube.ide.mcu.externaltools.gnu-tools-for-stm32.10.3-2021.10.win32_1.0.0.202111181127/tools/bin/../lib/gcc/arm-none-eabi/10.3.1/../../../../arm-none-eabi/lib/thumb/v7-m/nofp\libc_nano.a(lib_a-makebuf.o)
 .ARM.attributes
                0x0000000000000692       0x2d f:/st/stm32cubeide_1.10.1/stm32cubeide/plugins/com.st.stm32cube.ide.mcu.externaltools.gnu-tools-for-stm32.10.3-2021.10.win32_1.0.0.202111181127/tools/bin/../lib/gcc/arm-none-eabi/10.3.1/../../../../arm-none-eabi/lib/thumb/v7-m/nofp\libc_nano.a(lib_a-nano-freer.o)
 .ARM.attributes
                0x00000000000006bf       0x2d f:/st/stm32cubeide_1.10.1/stm32cubeide/plugins/com.st.stm32cube.ide.mcu.externaltools.gnu-tools-for-stm32.10.3-2021.10.win32_1.0.0.202111181127/tools/bin/../lib/gcc/arm-none-eabi/10.3.1/../../../../arm-none-eabi/lib/thumb/v7-m/nofp\libc_nano.a(lib_a-nano-mallocr.o)
 .ARM.attributes
                0x00000000000006ec       0x2d f:/st/stm32cubeide_1.10.1/stm32cubeide/plugins/com.st.stm32cube.ide.mcu.externaltools.gnu-tools-for-stm32.10.3-2021.10.win32_1.0.0.202111181127/tools/bin/../lib/gcc/arm-none-eabi/10.3.1/../../../../arm-none-eabi/lib/thumb/v7-m/nofp\libc_nano.a(lib_a-nano-vfprintf.o)
 .ARM.attributes
                0x0000000000000719       0x2d f:/st/stm32cubeide_1.10.1/stm32cubeide/plugins/com.st.stm32cube.ide.mcu.externaltools.gnu-tools-for-stm32.10.3-2021.10.win32_1.0.0.202111181127/tools/bin/../lib/gcc/arm-none-eabi/10.3.1/../../../../arm-none-eabi/lib/thumb/v7-m/nofp\libc_nano.a(lib_a-nano-vfprintf_i.o)
 .ARM.attributes
                0x0000000000000746       0x2d f:/st/stm32cubeide_1.10.1/stm32cubeide/plugins/com.st.stm32cube.ide.mcu.externaltools.gnu-tools-for-stm32.10.3-2021.10.win32_1.0.0.202111181127/tools/bin/../lib/gcc/arm-none-eabi/10.3.1/../../../../arm-none-eabi/lib/thumb/v7-m/nofp\libc_nano.a(lib_a-sbrkr.o)
 .ARM.attributes
                0x0000000000000773       0x2d f:/st/stm32cubeide_1.10.1/stm32cubeide/plugins/com.st.stm32cube.ide.mcu.externaltools.gnu-tools-for-stm32.10.3-2021.10.win32_1.0.0.202111181127/tools/bin/../lib/gcc/arm-none-eabi/10.3.1/../../../../arm-none-eabi/lib/thumb/v7-m/nofp\libc_nano.a(lib_a-stdio.o)
 .ARM.attributes
                0x00000000000007a0       0x2d f:/st/stm32cubeide_1.10.1/stm32cubeide/plugins/com.st.stm32cube.ide.mcu.externaltools.gnu-tools-for-stm32.10.3-2021.10.win32_1.0.0.202111181127/tools/bin/../lib/gcc/arm-none-eabi/10.3.1/../../../../arm-none-eabi/lib/thumb/v7-m/nofp\libc_nano.a(lib_a-writer.o)
 .ARM.attributes
                0x00000000000007cd       0x2d f:/st/stm32cubeide_1.10.1/stm32cubeide/plugins/com.st.stm32cube.ide.mcu.externaltools.gnu-tools-for-stm32.10.3-2021.10.win32_1.0.0.202111181127/tools/bin/../lib/gcc/arm-none-eabi/10.3.1/../../../../arm-none-eabi/lib/thumb/v7-m/nofp\libc_nano.a(lib_a-closer.o)
 .ARM.attributes
                0x00000000000007fa       0x2d f:/st/stm32cubeide_1.10.1/stm32cubeide/plugins/com.st.stm32cube.ide.mcu.externaltools.gnu-tools-for-stm32.10.3-2021.10.win32_1.0.0.202111181127/tools/bin/../lib/gcc/arm-none-eabi/10.3.1/../../../../arm-none-eabi/lib/thumb/v7-m/nofp\libc_nano.a(lib_a-fstatr.o)
 .ARM.attributes
                0x0000000000000827       0x2d f:/st/stm32cubeide_1.10.1/stm32cubeide/plugins/com.st.stm32cube.ide.mcu.externaltools.gnu-tools-for-stm32.10.3-2021.10.win32_1.0.0.202111181127/tools/bin/../lib/gcc/arm-none-eabi/10.3.1/../../../../arm-none-eabi/lib/thumb/v7-m/nofp\libc_nano.a(lib_a-isattyr.o)
 .ARM.attributes
                0x0000000000000854       0x2d f:/st/stm32cubeide_1.10.1/stm32cubeide/plugins/com.st.stm32cube.ide.mcu.externaltools.gnu-tools-for-stm32.10.3-2021.10.win32_1.0.0.202111181127/tools/bin/../lib/gcc/arm-none-eabi/10.3.1/../../../../arm-none-eabi/lib/thumb/v7-m/nofp\libc_nano.a(lib_a-lseekr.o)
 .ARM.attributes
                0x0000000000000881       0x2d f:/st/stm32cubeide_1.10.1/stm32cubeide/plugins/com.st.stm32cube.ide.mcu.externaltools.gnu-tools-for-stm32.10.3-2021.10.win32_1.0.0.202111181127/tools/bin/../lib/gcc/arm-none-eabi/10.3.1/../../../../arm-none-eabi/lib/thumb/v7-m/nofp\libc_nano.a(lib_a-memchr-stub.o)
 .ARM.attributes
                0x00000000000008ae       0x2d f:/st/stm32cubeide_1.10.1/stm32cubeide/plugins/com.st.stm32cube.ide.mcu.externaltools.gnu-tools-for-stm32.10.3-2021.10.win32_1.0.0.202111181127/tools/bin/../lib/gcc/arm-none-eabi/10.3.1/../../../../arm-none-eabi/lib/thumb/v7-m/nofp\libc_nano.a(lib_a-mlock.o)
 .ARM.attributes
                0x00000000000008db       0x2d f:/st/stm32cubeide_1.10.1/stm32cubeide/plugins/com.st.stm32cube.ide.mcu.externaltools.gnu-tools-for-stm32.10.3-2021.10.win32_1.0.0.202111181127/tools/bin/../lib/gcc/arm-none-eabi/10.3.1/../../../../arm-none-eabi/lib/thumb/v7-m/nofp\libc_nano.a(lib_a-readr.o)
 .ARM.attributes
                0x0000000000000908       0x2d f:/st/stm32cubeide_1.10.1/stm32cubeide/plugins/com.st.stm32cube.ide.mcu.externaltools.gnu-tools-for-stm32.10.3-2021.10.win32_1.0.0.202111181127/tools/bin/../lib/gcc/arm-none-eabi/10.3.1/../../../../arm-none-eabi/lib/thumb/v7-m/nofp\libc_nano.a(lib_a-reent.o)
 .ARM.attributes
                0x0000000000000935       0x1d f:/st/stm32cubeide_1.10.1/stm32cubeide/plugins/com.st.stm32cube.ide.mcu.externaltools.gnu-tools-for-stm32.10.3-2021.10.win32_1.0.0.202111181127/tools/bin/../lib/gcc/arm-none-eabi/10.3.1/thumb/v7-m/nofp/crtn.o
OUTPUT(CAN.elf elf32-littlearm)
LOAD linker stubs
LOAD f:/st/stm32cubeide_1.10.1/stm32cubeide/plugins/com.st.stm32cube.ide.mcu.externaltools.gnu-tools-for-stm32.10.3-2021.10.win32_1.0.0.202111181127/tools/bin/../lib/gcc/arm-none-eabi/10.3.1/../../../../arm-none-eabi/lib/thumb/v7-m/nofp\libc.a
LOAD f:/st/stm32cubeide_1.10.1/stm32cubeide/plugins/com.st.stm32cube.ide.mcu.externaltools.gnu-tools-for-stm32.10.3-2021.10.win32_1.0.0.202111181127/tools/bin/../lib/gcc/arm-none-eabi/10.3.1/../../../../arm-none-eabi/lib/thumb/v7-m/nofp\libm.a
LOAD f:/st/stm32cubeide_1.10.1/stm32cubeide/plugins/com.st.stm32cube.ide.mcu.externaltools.gnu-tools-for-stm32.10.3-2021.10.win32_1.0.0.202111181127/tools/bin/../lib/gcc/arm-none-eabi/10.3.1/thumb/v7-m/nofp\libgcc.a

.debug_info     0x0000000000000000     0x9dc9
 .debug_info    0x0000000000000000      0x30d ./BSP/bsp.o
 .debug_info    0x000000000000030d      0x279 ./BSP/bsp_beep.o
 .debug_info    0x0000000000000586      0x86a ./BSP/bsp_can.o
 .debug_info    0x0000000000000df0      0x1df ./BSP/bsp_key.o
 .debug_info    0x0000000000000fcf      0xa51 ./BSP/bsp_uart.o
 .debug_info    0x0000000000001a20      0x9de ./Core/Src/can.o
 .debug_info    0x00000000000023fe      0x34c ./Core/Src/dma.o
 .debug_info    0x000000000000274a      0x30b ./Core/Src/gpio.o
 .debug_info    0x0000000000002a55      0x3ac ./Core/Src/main.o
 .debug_info    0x0000000000002e01      0x210 ./Core/Src/stm32f1xx_hal_msp.o
 .debug_info    0x0000000000003011      0xa66 ./Core/Src/stm32f1xx_it.o
 .debug_info    0x0000000000003a77      0x6e0 ./Core/Src/syscalls.o
 .debug_info    0x0000000000004157      0x171 ./Core/Src/sysmem.o
 .debug_info    0x00000000000042c8      0x23d ./Core/Src/system_stm32f1xx.o
 .debug_info    0x0000000000004505      0xa1e ./Core/Src/usart.o
 .debug_info    0x0000000000004f23       0x22 ./Core/Startup/startup_stm32f103rctx.o
 .debug_info    0x0000000000004f45      0x79a ./Drivers/STM32F1xx_HAL_Driver/Src/stm32f1xx_hal.o
 .debug_info    0x00000000000056df      0xfd8 ./Drivers/STM32F1xx_HAL_Driver/Src/stm32f1xx_hal_can.o
 .debug_info    0x00000000000066b7      0xb86 ./Drivers/STM32F1xx_HAL_Driver/Src/stm32f1xx_hal_cortex.o
 .debug_info    0x000000000000723d      0x73f ./Drivers/STM32F1xx_HAL_Driver/Src/stm32f1xx_hal_dma.o
 .debug_info    0x000000000000797c      0x615 ./Drivers/STM32F1xx_HAL_Driver/Src/stm32f1xx_hal_gpio.o
 .debug_info    0x0000000000007f91      0x860 ./Drivers/STM32F1xx_HAL_Driver/Src/stm32f1xx_hal_rcc.o
 .debug_info    0x00000000000087f1     0x15d8 ./Drivers/STM32F1xx_HAL_Driver/Src/stm32f1xx_hal_uart.o

.debug_abbrev   0x0000000000000000     0x26ad
 .debug_abbrev  0x0000000000000000      0x16a ./BSP/bsp.o
 .debug_abbrev  0x000000000000016a      0x173 ./BSP/bsp_beep.o
 .debug_abbrev  0x00000000000002dd      0x220 ./BSP/bsp_can.o
 .debug_abbrev  0x00000000000004fd      0x120 ./BSP/bsp_key.o
 .debug_abbrev  0x000000000000061d      0x26c ./BSP/bsp_uart.o
 .debug_abbrev  0x0000000000000889      0x21f ./Core/Src/can.o
 .debug_abbrev  0x0000000000000aa8       0xf8 ./Core/Src/dma.o
 .debug_abbrev  0x0000000000000ba0      0x134 ./Core/Src/gpio.o
 .debug_abbrev  0x0000000000000cd4      0x19a ./Core/Src/main.o
 .debug_abbrev  0x0000000000000e6e       0xd4 ./Core/Src/stm32f1xx_hal_msp.o
 .debug_abbrev  0x0000000000000f42      0x1b3 ./Core/Src/stm32f1xx_it.o
 .debug_abbrev  0x00000000000010f5      0x1b3 ./Core/Src/syscalls.o
 .debug_abbrev  0x00000000000012a8       0xbb ./Core/Src/sysmem.o
 .debug_abbrev  0x0000000000001363      0x13b ./Core/Src/system_stm32f1xx.o
 .debug_abbrev  0x000000000000149e      0x1ff ./Core/Src/usart.o
 .debug_abbrev  0x000000000000169d       0x12 ./Core/Startup/startup_stm32f103rctx.o
 .debug_abbrev  0x00000000000016af      0x1fb ./Drivers/STM32F1xx_HAL_Driver/Src/stm32f1xx_hal.o
 .debug_abbrev  0x00000000000018aa      0x23d ./Drivers/STM32F1xx_HAL_Driver/Src/stm32f1xx_hal_can.o
 .debug_abbrev  0x0000000000001ae7      0x2ed ./Drivers/STM32F1xx_HAL_Driver/Src/stm32f1xx_hal_cortex.o
 .debug_abbrev  0x0000000000001dd4      0x1fe ./Drivers/STM32F1xx_HAL_Driver/Src/stm32f1xx_hal_dma.o
 .debug_abbrev  0x0000000000001fd2      0x1bb ./Drivers/STM32F1xx_HAL_Driver/Src/stm32f1xx_hal_gpio.o
 .debug_abbrev  0x000000000000218d      0x2a8 ./Drivers/STM32F1xx_HAL_Driver/Src/stm32f1xx_hal_rcc.o
 .debug_abbrev  0x0000000000002435      0x278 ./Drivers/STM32F1xx_HAL_Driver/Src/stm32f1xx_hal_uart.o

.debug_aranges  0x0000000000000000      0xa68
 .debug_aranges
                0x0000000000000000       0x48 ./BSP/bsp.o
 .debug_aranges
                0x0000000000000048       0x48 ./BSP/bsp_beep.o
 .debug_aranges
                0x0000000000000090       0x38 ./BSP/bsp_can.o
 .debug_aranges
                0x00000000000000c8       0x28 ./BSP/bsp_key.o
 .debug_aranges
                0x00000000000000f0       0x78 ./BSP/bsp_uart.o
 .debug_aranges
                0x0000000000000168       0x30 ./Core/Src/can.o
 .debug_aranges
                0x0000000000000198       0x20 ./Core/Src/dma.o
 .debug_aranges
                0x00000000000001b8       0x20 ./Core/Src/gpio.o
 .debug_aranges
                0x00000000000001d8       0x30 ./Core/Src/main.o
 .debug_aranges
                0x0000000000000208       0x20 ./Core/Src/stm32f1xx_hal_msp.o
 .debug_aranges
                0x0000000000000228       0x78 ./Core/Src/stm32f1xx_it.o
 .debug_aranges
                0x00000000000002a0       0xa8 ./Core/Src/syscalls.o
 .debug_aranges
                0x0000000000000348       0x20 ./Core/Src/sysmem.o
 .debug_aranges
                0x0000000000000368       0x28 ./Core/Src/system_stm32f1xx.o
 .debug_aranges
                0x0000000000000390       0x30 ./Core/Src/usart.o
 .debug_aranges
                0x00000000000003c0       0x28 ./Core/Startup/startup_stm32f103rctx.o
 .debug_aranges
                0x00000000000003e8       0xe0 ./Drivers/STM32F1xx_HAL_Driver/Src/stm32f1xx_hal.o
 .debug_aranges
                0x00000000000004c8      0x138 ./Drivers/STM32F1xx_HAL_Driver/Src/stm32f1xx_hal_can.o
 .debug_aranges
                0x0000000000000600      0x100 ./Drivers/STM32F1xx_HAL_Driver/Src/stm32f1xx_hal_cortex.o
 .debug_aranges
                0x0000000000000700       0x80 ./Drivers/STM32F1xx_HAL_Driver/Src/stm32f1xx_hal_dma.o
 .debug_aranges
                0x0000000000000780       0x58 ./Drivers/STM32F1xx_HAL_Driver/Src/stm32f1xx_hal_gpio.o
 .debug_aranges
                0x00000000000007d8       0x90 ./Drivers/STM32F1xx_HAL_Driver/Src/stm32f1xx_hal_rcc.o
 .debug_aranges
                0x0000000000000868      0x200 ./Drivers/STM32F1xx_HAL_Driver/Src/stm32f1xx_hal_uart.o

.debug_ranges   0x0000000000000000      0x948
 .debug_ranges  0x0000000000000000       0x38 ./BSP/bsp.o
 .debug_ranges  0x0000000000000038       0x38 ./BSP/bsp_beep.o
 .debug_ranges  0x0000000000000070       0x40 ./BSP/bsp_can.o
 .debug_ranges  0x00000000000000b0       0x18 ./BSP/bsp_key.o
 .debug_ranges  0x00000000000000c8       0x68 ./BSP/bsp_uart.o
 .debug_ranges  0x0000000000000130       0x20 ./Core/Src/can.o
 .debug_ranges  0x0000000000000150       0x10 ./Core/Src/dma.o
 .debug_ranges  0x0000000000000160       0x10 ./Core/Src/gpio.o
 .debug_ranges  0x0000000000000170       0x20 ./Core/Src/main.o
 .debug_ranges  0x0000000000000190       0x10 ./Core/Src/stm32f1xx_hal_msp.o
 .debug_ranges  0x00000000000001a0       0x68 ./Core/Src/stm32f1xx_it.o
 .debug_ranges  0x0000000000000208       0x98 ./Core/Src/syscalls.o
 .debug_ranges  0x00000000000002a0       0x10 ./Core/Src/sysmem.o
 .debug_ranges  0x00000000000002b0       0x18 ./Core/Src/system_stm32f1xx.o
 .debug_ranges  0x00000000000002c8       0x20 ./Core/Src/usart.o
 .debug_ranges  0x00000000000002e8       0x20 ./Core/Startup/startup_stm32f103rctx.o
 .debug_ranges  0x0000000000000308       0xd0 ./Drivers/STM32F1xx_HAL_Driver/Src/stm32f1xx_hal.o
 .debug_ranges  0x00000000000003d8      0x128 ./Drivers/STM32F1xx_HAL_Driver/Src/stm32f1xx_hal_can.o
 .debug_ranges  0x0000000000000500       0xf0 ./Drivers/STM32F1xx_HAL_Driver/Src/stm32f1xx_hal_cortex.o
 .debug_ranges  0x00000000000005f0       0x70 ./Drivers/STM32F1xx_HAL_Driver/Src/stm32f1xx_hal_dma.o
 .debug_ranges  0x0000000000000660       0x48 ./Drivers/STM32F1xx_HAL_Driver/Src/stm32f1xx_hal_gpio.o
 .debug_ranges  0x00000000000006a8       0x80 ./Drivers/STM32F1xx_HAL_Driver/Src/stm32f1xx_hal_rcc.o
 .debug_ranges  0x0000000000000728      0x220 ./Drivers/STM32F1xx_HAL_Driver/Src/stm32f1xx_hal_uart.o

.debug_macro    0x0000000000000000    0x1b6fc
 .debug_macro   0x0000000000000000      0x361 ./BSP/bsp.o
 .debug_macro   0x0000000000000361      0xa6c ./BSP/bsp.o
 .debug_macro   0x0000000000000dcd      0x221 ./BSP/bsp.o
 .debug_macro   0x0000000000000fee       0x2e ./BSP/bsp.o
 .debug_macro   0x000000000000101c       0x22 ./BSP/bsp.o
 .debug_macro   0x000000000000103e       0x22 ./BSP/bsp.o
 .debug_macro   0x0000000000001060       0x8e ./BSP/bsp.o
 .debug_macro   0x00000000000010ee       0x51 ./BSP/bsp.o
 .debug_macro   0x000000000000113f      0x103 ./BSP/bsp.o
 .debug_macro   0x0000000000001242       0x6a ./BSP/bsp.o
 .debug_macro   0x00000000000012ac      0x1df ./BSP/bsp.o
 .debug_macro   0x000000000000148b       0x1c ./BSP/bsp.o
 .debug_macro   0x00000000000014a7       0x22 ./BSP/bsp.o
 .debug_macro   0x00000000000014c9       0xbd ./BSP/bsp.o
 .debug_macro   0x0000000000001586      0xd23 ./BSP/bsp.o
 .debug_macro   0x00000000000022a9     0xfd8c ./BSP/bsp.o
 .debug_macro   0x0000000000012035       0x6d ./BSP/bsp.o
 .debug_macro   0x00000000000120a2     0x3468 ./BSP/bsp.o
 .debug_macro   0x000000000001550a      0x174 ./BSP/bsp.o
 .debug_macro   0x000000000001567e       0x5c ./BSP/bsp.o
 .debug_macro   0x00000000000156da      0x5be ./BSP/bsp.o
 .debug_macro   0x0000000000015c98      0x4d5 ./BSP/bsp.o
 .debug_macro   0x000000000001616d      0x1cb ./BSP/bsp.o
 .debug_macro   0x0000000000016338      0x114 ./BSP/bsp.o
 .debug_macro   0x000000000001644c      0x1ea ./BSP/bsp.o
 .debug_macro   0x0000000000016636       0x27 ./BSP/bsp.o
 .debug_macro   0x000000000001665d      0x144 ./BSP/bsp.o
 .debug_macro   0x00000000000167a1      0x1bc ./BSP/bsp.o
 .debug_macro   0x000000000001695d       0x30 ./BSP/bsp.o
 .debug_macro   0x000000000001698d       0x3c ./BSP/bsp.o
 .debug_macro   0x00000000000169c9      0x408 ./BSP/bsp.o
 .debug_macro   0x0000000000016dd1       0x57 ./BSP/bsp.o
 .debug_macro   0x0000000000016e28       0x88 ./BSP/bsp.o
 .debug_macro   0x0000000000016eb0      0x24f ./BSP/bsp.o
 .debug_macro   0x00000000000170ff      0x141 ./BSP/bsp.o
 .debug_macro   0x0000000000017240      0x279 ./BSP/bsp.o
 .debug_macro   0x00000000000174b9       0xb5 ./BSP/bsp.o
 .debug_macro   0x000000000001756e       0x28 ./BSP/bsp.o
 .debug_macro   0x0000000000017596       0x28 ./BSP/bsp.o
 .debug_macro   0x00000000000175be       0x22 ./BSP/bsp.o
 .debug_macro   0x00000000000175e0       0x52 ./BSP/bsp.o
 .debug_macro   0x0000000000017632       0x18 ./BSP/bsp.o
 .debug_macro   0x000000000001764a       0x3c ./BSP/bsp.o
 .debug_macro   0x0000000000017686       0x34 ./BSP/bsp.o
 .debug_macro   0x00000000000176ba       0x16 ./BSP/bsp.o
 .debug_macro   0x00000000000176d0       0x35 ./BSP/bsp.o
 .debug_macro   0x0000000000017705      0x341 ./BSP/bsp.o
 .debug_macro   0x0000000000017a46       0x10 ./BSP/bsp.o
 .debug_macro   0x0000000000017a56       0x16 ./BSP/bsp.o
 .debug_macro   0x0000000000017a6c       0x43 ./BSP/bsp.o
 .debug_macro   0x0000000000017aaf       0x34 ./BSP/bsp.o
 .debug_macro   0x0000000000017ae3       0x10 ./BSP/bsp.o
 .debug_macro   0x0000000000017af3       0x58 ./BSP/bsp.o
 .debug_macro   0x0000000000017b4b       0x71 ./BSP/bsp.o
 .debug_macro   0x0000000000017bbc       0x1c ./BSP/bsp.o
 .debug_macro   0x0000000000017bd8      0x12a ./BSP/bsp.o
 .debug_macro   0x0000000000017d02       0x10 ./BSP/bsp.o
 .debug_macro   0x0000000000017d12       0x1c ./BSP/bsp.o
 .debug_macro   0x0000000000017d2e       0x52 ./BSP/bsp.o
 .debug_macro   0x0000000000017d80       0x22 ./BSP/bsp.o
 .debug_macro   0x0000000000017da2       0x10 ./BSP/bsp.o
 .debug_macro   0x0000000000017db2       0x52 ./BSP/bsp.o
 .debug_macro   0x0000000000017e04       0xd5 ./BSP/bsp.o
 .debug_macro   0x0000000000017ed9       0x1c ./BSP/bsp.o
 .debug_macro   0x0000000000017ef5       0x3d ./BSP/bsp.o
 .debug_macro   0x0000000000017f32       0x16 ./BSP/bsp.o
 .debug_macro   0x0000000000017f48      0x145 ./BSP/bsp.o
 .debug_macro   0x000000000001808d       0x16 ./BSP/bsp.o
 .debug_macro   0x00000000000180a3      0x367 ./BSP/bsp_beep.o
 .debug_macro   0x000000000001840a       0x22 ./BSP/bsp_beep.o
 .debug_macro   0x000000000001842c      0x361 ./BSP/bsp_can.o
 .debug_macro   0x000000000001878d      0x367 ./BSP/bsp_key.o
 .debug_macro   0x0000000000018af4       0x1c ./BSP/bsp_key.o
 .debug_macro   0x0000000000018b10      0x36e ./BSP/bsp_uart.o
 .debug_macro   0x0000000000018e7e      0x1b1 ./Core/Src/can.o
 .debug_macro   0x000000000001902f      0x1b1 ./Core/Src/dma.o
 .debug_macro   0x00000000000191e0      0x1b1 ./Core/Src/gpio.o
 .debug_macro   0x0000000000019391      0x36b ./Core/Src/main.o
 .debug_macro   0x00000000000196fc      0x1a7 ./Core/Src/stm32f1xx_hal_msp.o
 .debug_macro   0x00000000000198a3      0x1b1 ./Core/Src/stm32f1xx_it.o
 .debug_macro   0x0000000000019a54      0x24c ./Core/Src/syscalls.o
 .debug_macro   0x0000000000019ca0       0x4c ./Core/Src/syscalls.o
 .debug_macro   0x0000000000019cec       0x94 ./Core/Src/syscalls.o
 .debug_macro   0x0000000000019d80       0x57 ./Core/Src/syscalls.o
 .debug_macro   0x0000000000019dd7       0x10 ./Core/Src/syscalls.o
 .debug_macro   0x0000000000019de7       0x10 ./Core/Src/syscalls.o
 .debug_macro   0x0000000000019df7       0x10 ./Core/Src/syscalls.o
 .debug_macro   0x0000000000019e07       0x35 ./Core/Src/syscalls.o
 .debug_macro   0x0000000000019e3c      0x12c ./Core/Src/syscalls.o
 .debug_macro   0x0000000000019f68       0x16 ./Core/Src/syscalls.o
 .debug_macro   0x0000000000019f7e       0x16 ./Core/Src/syscalls.o
 .debug_macro   0x0000000000019f94       0x29 ./Core/Src/syscalls.o
 .debug_macro   0x0000000000019fbd       0x10 ./Core/Src/syscalls.o
 .debug_macro   0x0000000000019fcd      0x241 ./Core/Src/syscalls.o
 .debug_macro   0x000000000001a20e       0x1c ./Core/Src/syscalls.o
 .debug_macro   0x000000000001a22a       0x10 ./Core/Src/syscalls.o
 .debug_macro   0x000000000001a23a      0x189 ./Core/Src/syscalls.o
 .debug_macro   0x000000000001a3c3       0x16 ./Core/Src/syscalls.o
 .debug_macro   0x000000000001a3d9       0xce ./Core/Src/syscalls.o
 .debug_macro   0x000000000001a4a7       0xff ./Core/Src/sysmem.o
 .debug_macro   0x000000000001a5a6      0x23b ./Core/Src/sysmem.o
 .debug_macro   0x000000000001a7e1      0x198 ./Core/Src/system_stm32f1xx.o
 .debug_macro   0x000000000001a979      0x1b1 ./Core/Src/usart.o
 .debug_macro   0x000000000001ab2a      0x1bc ./Drivers/STM32F1xx_HAL_Driver/Src/stm32f1xx_hal.o
 .debug_macro   0x000000000001ace6      0x1a0 ./Drivers/STM32F1xx_HAL_Driver/Src/stm32f1xx_hal_can.o
 .debug_macro   0x000000000001ae86      0x198 ./Drivers/STM32F1xx_HAL_Driver/Src/stm32f1xx_hal_cortex.o
 .debug_macro   0x000000000001b01e      0x198 ./Drivers/STM32F1xx_HAL_Driver/Src/stm32f1xx_hal_dma.o
 .debug_macro   0x000000000001b1b6      0x203 ./Drivers/STM32F1xx_HAL_Driver/Src/stm32f1xx_hal_gpio.o
 .debug_macro   0x000000000001b3b9      0x1aa ./Drivers/STM32F1xx_HAL_Driver/Src/stm32f1xx_hal_rcc.o
 .debug_macro   0x000000000001b563      0x199 ./Drivers/STM32F1xx_HAL_Driver/Src/stm32f1xx_hal_uart.o

.debug_line     0x0000000000000000     0xdd9c
 .debug_line    0x0000000000000000      0x917 ./BSP/bsp.o
 .debug_line    0x0000000000000917      0x92d ./BSP/bsp_beep.o
 .debug_line    0x0000000000001244      0x9ca ./BSP/bsp_can.o
 .debug_line    0x0000000000001c0e      0x8bf ./BSP/bsp_key.o
 .debug_line    0x00000000000024cd      0xb12 ./BSP/bsp_uart.o
 .debug_line    0x0000000000002fdf      0x6d0 ./Core/Src/can.o
 .debug_line    0x00000000000036af      0x653 ./Core/Src/dma.o
 .debug_line    0x0000000000003d02      0x671 ./Core/Src/gpio.o
 .debug_line    0x0000000000004373      0x941 ./Core/Src/main.o
 .debug_line    0x0000000000004cb4      0x658 ./Core/Src/stm32f1xx_hal_msp.o
 .debug_line    0x000000000000530c      0x762 ./Core/Src/stm32f1xx_it.o
 .debug_line    0x0000000000005a6e      0x83f ./Core/Src/syscalls.o
 .debug_line    0x00000000000062ad      0x535 ./Core/Src/sysmem.o
 .debug_line    0x00000000000067e2      0x6d6 ./Core/Src/system_stm32f1xx.o
 .debug_line    0x0000000000006eb8      0x6ed ./Core/Src/usart.o
 .debug_line    0x00000000000075a5       0x87 ./Core/Startup/startup_stm32f103rctx.o
 .debug_line    0x000000000000762c      0x903 ./Drivers/STM32F1xx_HAL_Driver/Src/stm32f1xx_hal.o
 .debug_line    0x0000000000007f2f     0x10a4 ./Drivers/STM32F1xx_HAL_Driver/Src/stm32f1xx_hal_can.o
 .debug_line    0x0000000000008fd3      0xaeb ./Drivers/STM32F1xx_HAL_Driver/Src/stm32f1xx_hal_cortex.o
 .debug_line    0x0000000000009abe     0x122d ./Drivers/STM32F1xx_HAL_Driver/Src/stm32f1xx_hal_dma.o
 .debug_line    0x000000000000aceb      0x9c2 ./Drivers/STM32F1xx_HAL_Driver/Src/stm32f1xx_hal_gpio.o
 .debug_line    0x000000000000b6ad      0xd11 ./Drivers/STM32F1xx_HAL_Driver/Src/stm32f1xx_hal_rcc.o