../BSP/bsp_can.c:11:6:Can_Init	8	static
../BSP/bsp_can.c:45:6:Can_Test_Send	64	static
../BSP/bsp_can.c:70:6:Can_set_RobotMoving_Txheader	4	static
../BSP/bsp_can.c:79:6:Can_send_Data	16	static
../BSP/bsp_can.c:88:6:Can_Send_VelAndMode	16	static
../BSP/bsp_can.c:136:6:Can_Send_Robot_Stop	24	static
../BSP/bsp_can.c:144:6:Can_Send_Robot_Forward	32	static
../BSP/bsp_can.c:165:6:Can_Send_Robot_Backward	32	static
../BSP/bsp_can.c:186:6:Can_Send_Robot_LeftMoving	32	static
../BSP/bsp_can.c:207:6:Can_Send_Robot_RightMoving	32	static
../BSP/bsp_can.c:228:6:Can_Send_Robot_LeftRotating	32	static
../BSP/bsp_can.c:249:6:Can_Send_Robot_RightRotating	32	static
../BSP/bsp_can.c:270:6:Can_Send_Robot_ForwadLeftMoving	32	static
../BSP/bsp_can.c:291:6:Can_Send_Robot_ForwardRightMoving	32	static
../BSP/bsp_can.c:312:6:Can_Send_Robot_BackwardLeftMoving	32	static
../BSP/bsp_can.c:333:6:Can_Send_Robot_BackwardRightMoving	32	static
../BSP/bsp_can.c:354:6:HAL_CAN_RxFifo0MsgPendingCallback	64	static
