../BSP/bsp_uart.c:40:6:USART1_Init	8	static
../BSP/bsp_uart.c:44:6:USART1_Data_Init	16	static
../BSP/bsp_uart.c:50:6:USART1_Send_U8	16	static
../BSP/bsp_uart.c:54:6:USART1_Revice_Speed	16	static
../BSP/bsp_uart.c:93:9:USART1_Parse_Speed	24	static
../BSP/bsp_uart.c:114:6:usartSendData1	48	static
../BSP/bsp_uart.c:135:6:usartSendData	48	static
../BSP/bsp_uart.c:175:6:usartSendMeterData	48	static
../BSP/bsp_uart.c:198:15:getCrc8	24	static
../BSP/bsp_uart.c:216:6:USART_Send_String	16	static
../BSP/bsp_uart.c:230:6:USART1_Send_ArrayU8	16	static
../BSP/bsp_uart.c:244:6:HAL_UART_RxCpltCallback	16	static
../BSP/bsp_uart.c:266:1:__io_putchar	16	static
