../BSP/bsp_can.c:12:6:Can_Init	8	static
../BSP/bsp_can.c:46:6:Can_Test_Send	64	static
../BSP/bsp_can.c:71:6:Can_Test_Send1	72	static
../BSP/bsp_can.c:99:6:Can_set_RobotMoving_Txheader	4	static
../BSP/bsp_can.c:108:6:Can_send_Data	16	static
../BSP/bsp_can.c:117:6:Can_Send_VelAndMode	16	static
../BSP/bsp_can.c:167:6:Can_Send_Robot_Stop	24	static
../BSP/bsp_can.c:175:6:Can_Send_Robot_Forward	32	static
../BSP/bsp_can.c:205:6:Can_Send_Robot_Backward	32	static
../BSP/bsp_can.c:238:6:Can_Send_Robot_LeftMoving	32	static
../BSP/bsp_can.c:259:6:Can_Send_Robot_RightMoving	32	static
../BSP/bsp_can.c:280:6:Can_Send_Robot_LeftRotating	32	static
../BSP/bsp_can.c:313:6:Can_Send_Robot_RightRotating	32	static
../BSP/bsp_can.c:346:6:Can_Send_Robot_ForwadLeftMoving	32	static
../BSP/bsp_can.c:367:6:Can_Send_Robot_ForwardRightMoving	32	static
../BSP/bsp_can.c:388:6:Can_Send_Robot_BackwardLeftMoving	32	static
../BSP/bsp_can.c:409:6:Can_Send_Robot_BackwardRightMoving	32	static
../BSP/bsp_can.c:429:6:Can_Robot_Moving	48	static
../BSP/bsp_can.c:480:6:HAL_CAN_RxFifo0MsgPendingCallback	64	static
