../BSP/bsp_mpu9250.c:17:6:MPU_ADDR_CTRL	8	static
../BSP/bsp_mpu9250.c:24:9:MPU9250_Init	16	static
../BSP/bsp_mpu9250.c:86:9:MPU_Set_Gyro_Fsr	16	static
../BSP/bsp_mpu9250.c:95:9:MPU_Set_Accel_Fsr	16	static
../BSP/bsp_mpu9250.c:103:9:MPU_Set_LPF	24	static
../BSP/bsp_mpu9250.c:124:9:MPU_Set_Rate	24	static
../BSP/bsp_mpu9250.c:138:9:MPU_Get_Gyroscope	32	static
../BSP/bsp_mpu9250.c:153:9:MPU_Get_Accelerometer	32	static
../BSP/bsp_mpu9250.c:168:9:MPU_Get_Magnetometer	32	static
../BSP/bsp_mpu9250.c:188:6:MPU_Delay_ms	16	static
../BSP/bsp_mpu9250.c:195:9:MPU_Write_Len	24	static
../BSP/bsp_mpu9250.c:222:9:MPU_Read_Len	16	static
../BSP/bsp_mpu9250.c:251:9:MPU_Write_Byte	16	static
../BSP/bsp_mpu9250.c:274:9:MPU_Read_Byte	24	static
../BSP/bsp_mpu9250.c:291:6:MPU9250_Read_Data_Handle	8	static
../BSP/bsp_mpu9250.c:312:6:MPU_Get_Deviation_gyro	8	static
../BSP/bsp_mpu9250.c:316:6:MPU9250_Data_Send	48	static
