../BSP/bsp_uart.c:40:6:USART1_Init	8	static
../BSP/bsp_uart.c:45:6:USART1_Data_Init	16	static
../BSP/bsp_uart.c:50:6:USART1_Data_Init1	24	static
../BSP/bsp_uart.c:57:6:USART1_Send_U8	16	static
../BSP/bsp_uart.c:63:6:USART1_Send_ArrayU8	16	static
../BSP/bsp_uart.c:75:6:USART1_Revice_Speed	16	static
../BSP/bsp_uart.c:114:6:USART1_Revice_Robot_Speed	16	static
../BSP/bsp_uart.c:153:9:USART1_Parse_Speed	24	static
../BSP/bsp_uart.c:180:9:USART1_Parse_Robot_Speed	24	static
../BSP/bsp_uart.c:205:6:usartSendData1	48	static
../BSP/bsp_uart.c:226:6:usartSendData	48	static
../BSP/bsp_uart.c:262:15:getCrc8	24	static
../BSP/bsp_uart.c:280:6:USART_Send_String	16	static
../BSP/bsp_uart.c:298:6:usartSendMeterData	56	static
../BSP/bsp_uart.c:335:6:HAL_UART_RxCpltCallback	16	static
../BSP/bsp_uart.c:357:1:__io_putchar	16	static
