Archive member included to satisfy reference by file (symbol)

f:/st/stm32cubeide_1.10.1/stm32cubeide/plugins/com.st.stm32cube.ide.mcu.externaltools.gnu-tools-for-stm32.10.3-2021.10.win32_1.0.0.202111181127/tools/bin/../lib/gcc/arm-none-eabi/10.3.1/../../../../arm-none-eabi/lib/thumb/v7-m/nofp\libc_nano.a(lib_a-errno.o)
                              ./Core/Src/syscalls.o (__errno)
f:/st/stm32cubeide_1.10.1/stm32cubeide/plugins/com.st.stm32cube.ide.mcu.externaltools.gnu-tools-for-stm32.10.3-2021.10.win32_1.0.0.202111181127/tools/bin/../lib/gcc/arm-none-eabi/10.3.1/../../../../arm-none-eabi/lib/thumb/v7-m/nofp\libc_nano.a(lib_a-exit.o)
                              f:/st/stm32cubeide_1.10.1/stm32cubeide/plugins/com.st.stm32cube.ide.mcu.externaltools.gnu-tools-for-stm32.10.3-2021.10.win32_1.0.0.202111181127/tools/bin/../lib/gcc/arm-none-eabi/10.3.1/../../../../arm-none-eabi/lib/thumb/v7-m/nofp/crt0.o (exit)
f:/st/stm32cubeide_1.10.1/stm32cubeide/plugins/com.st.stm32cube.ide.mcu.externaltools.gnu-tools-for-stm32.10.3-2021.10.win32_1.0.0.202111181127/tools/bin/../lib/gcc/arm-none-eabi/10.3.1/../../../../arm-none-eabi/lib/thumb/v7-m/nofp\libc_nano.a(lib_a-impure.o)
                              f:/st/stm32cubeide_1.10.1/stm32cubeide/plugins/com.st.stm32cube.ide.mcu.externaltools.gnu-tools-for-stm32.10.3-2021.10.win32_1.0.0.202111181127/tools/bin/../lib/gcc/arm-none-eabi/10.3.1/../../../../arm-none-eabi/lib/thumb/v7-m/nofp\libc_nano.a(lib_a-exit.o) (_global_impure_ptr)
f:/st/stm32cubeide_1.10.1/stm32cubeide/plugins/com.st.stm32cube.ide.mcu.externaltools.gnu-tools-for-stm32.10.3-2021.10.win32_1.0.0.202111181127/tools/bin/../lib/gcc/arm-none-eabi/10.3.1/../../../../arm-none-eabi/lib/thumb/v7-m/nofp\libc_nano.a(lib_a-init.o)
                              f:/st/stm32cubeide_1.10.1/stm32cubeide/plugins/com.st.stm32cube.ide.mcu.externaltools.gnu-tools-for-stm32.10.3-2021.10.win32_1.0.0.202111181127/tools/bin/../lib/gcc/arm-none-eabi/10.3.1/../../../../arm-none-eabi/lib/thumb/v7-m/nofp/crt0.o (__libc_init_array)
f:/st/stm32cubeide_1.10.1/stm32cubeide/plugins/com.st.stm32cube.ide.mcu.externaltools.gnu-tools-for-stm32.10.3-2021.10.win32_1.0.0.202111181127/tools/bin/../lib/gcc/arm-none-eabi/10.3.1/../../../../arm-none-eabi/lib/thumb/v7-m/nofp\libc_nano.a(lib_a-memset.o)
                              f:/st/stm32cubeide_1.10.1/stm32cubeide/plugins/com.st.stm32cube.ide.mcu.externaltools.gnu-tools-for-stm32.10.3-2021.10.win32_1.0.0.202111181127/tools/bin/../lib/gcc/arm-none-eabi/10.3.1/../../../../arm-none-eabi/lib/thumb/v7-m/nofp/crt0.o (memset)
f:/st/stm32cubeide_1.10.1/stm32cubeide/plugins/com.st.stm32cube.ide.mcu.externaltools.gnu-tools-for-stm32.10.3-2021.10.win32_1.0.0.202111181127/tools/bin/../lib/gcc/arm-none-eabi/10.3.1/../../../../arm-none-eabi/lib/thumb/v7-m/nofp\libc_nano.a(lib_a-printf.o)
                              ./BSP/bsp_can.o (printf)
f:/st/stm32cubeide_1.10.1/stm32cubeide/plugins/com.st.stm32cube.ide.mcu.externaltools.gnu-tools-for-stm32.10.3-2021.10.win32_1.0.0.202111181127/tools/bin/../lib/gcc/arm-none-eabi/10.3.1/../../../../arm-none-eabi/lib/thumb/v7-m/nofp\libc_nano.a(lib_a-puts.o)
                              ./BSP/bsp.o (puts)
f:/st/stm32cubeide_1.10.1/stm32cubeide/plugins/com.st.stm32cube.ide.mcu.externaltools.gnu-tools-for-stm32.10.3-2021.10.win32_1.0.0.202111181127/tools/bin/../lib/gcc/arm-none-eabi/10.3.1/../../../../arm-none-eabi/lib/thumb/v7-m/nofp\libc_nano.a(lib_a-wbuf.o)
                              f:/st/stm32cubeide_1.10.1/stm32cubeide/plugins/com.st.stm32cube.ide.mcu.externaltools.gnu-tools-for-stm32.10.3-2021.10.win32_1.0.0.202111181127/tools/bin/../lib/gcc/arm-none-eabi/10.3.1/../../../../arm-none-eabi/lib/thumb/v7-m/nofp\libc_nano.a(lib_a-puts.o) (__swbuf_r)
f:/st/stm32cubeide_1.10.1/stm32cubeide/plugins/com.st.stm32cube.ide.mcu.externaltools.gnu-tools-for-stm32.10.3-2021.10.win32_1.0.0.202111181127/tools/bin/../lib/gcc/arm-none-eabi/10.3.1/../../../../arm-none-eabi/lib/thumb/v7-m/nofp\libc_nano.a(lib_a-wsetup.o)
                              f:/st/stm32cubeide_1.10.1/stm32cubeide/plugins/com.st.stm32cube.ide.mcu.externaltools.gnu-tools-for-stm32.10.3-2021.10.win32_1.0.0.202111181127/tools/bin/../lib/gcc/arm-none-eabi/10.3.1/../../../../arm-none-eabi/lib/thumb/v7-m/nofp\libc_nano.a(lib_a-puts.o) (__swsetup_r)
f:/st/stm32cubeide_1.10.1/stm32cubeide/plugins/com.st.stm32cube.ide.mcu.externaltools.gnu-tools-for-stm32.10.3-2021.10.win32_1.0.0.202111181127/tools/bin/../lib/gcc/arm-none-eabi/10.3.1/../../../../arm-none-eabi/lib/thumb/v7-m/nofp\libc_nano.a(lib_a-fflush.o)
                              f:/st/stm32cubeide_1.10.1/stm32cubeide/plugins/com.st.stm32cube.ide.mcu.externaltools.gnu-tools-for-stm32.10.3-2021.10.win32_1.0.0.202111181127/tools/bin/../lib/gcc/arm-none-eabi/10.3.1/../../../../arm-none-eabi/lib/thumb/v7-m/nofp\libc_nano.a(lib_a-wbuf.o) (_fflush_r)
[...]
Memory Configuration

Name             Origin             Length             Attributes
RAM              0x0000000020000000 0x000000000000c000 xrw
FLASH            0x0000000008000000 0x0000000000040000 xr
*default*        0x0000000000000000 0xffffffffffffffff

Linker script and memory map

LOAD f:/st/stm32cubeide_1.10.1/stm32cubeide/plugins/com.st.stm32cube.ide.mcu.externaltools.gnu-tools-for-stm32.10.3-2021.10.win32_1.0.0.202111181127/tools/bin/../lib/gcc/arm-none-eabi/10.3.1/thumb/v7-m/nofp/crti.o
LOAD f:/st/stm32cubeide_1.10.1/stm32cubeide/plugins/com.st.stm32cube.ide.mcu.externaltools.gnu-tools-for-stm32.10.3-2021.10.win32_1.0.0.202111181127/tools/bin/../lib/gcc/arm-none-eabi/10.3.1/thumb/v7-m/nofp/crtbegin.o
LOAD f:/st/stm32cubeide_1.10.1/stm32cubeide/plugins/com.st.stm32cube.ide.mcu.externaltools.gnu-tools-for-stm32.10.3-2021.10.win32_1.0.0.202111181127/tools/bin/../lib/gcc/arm-none-eabi/10.3.1/../../../../arm-none-eabi/lib/thumb/v7-m/nofp/crt0.o
LOAD ./BSP/bsp.o
LOAD ./BSP/bsp_beep.o
LOAD ./BSP/bsp_can.o
LOAD ./BSP/bsp_key.o
LOAD ./BSP/bsp_mpu9250.o
LOAD ./BSP/bsp_mpuiic.o
LOAD ./BSP/bsp_uart.o
LOAD ./Core/Src/can.o
LOAD ./Core/Src/dma.o
LOAD ./Core/Src/gpio.o
LOAD ./Core/Src/main.o
LOAD ./Core/Src/stm32f1xx_hal_msp.o
LOAD ./Core/Src/stm32f1xx_it.o
LOAD ./Core/Src/syscalls.o
LOAD ./Core/Src/sysmem.o
LOAD ./Core/Src/system_stm32f1xx.o
LOAD ./Core/Src/usart.o
LOAD ./Core/Startup/startup_stm32f103rctx.o
LOAD ./Drivers/STM32F1xx_HAL_Driver/Src/stm32f1xx_hal.o
LOAD ./Drivers/STM32F1xx_HAL_Driver/Src/stm32f1xx_hal_can.o
LOAD ./Drivers/STM32F1xx_HAL_Driver/Src/stm32f1xx_hal_cortex.o
LOAD ./Drivers/STM32F1xx_HAL_Driver/Src/stm32f1xx_hal_dma.o
LOAD ./Drivers/STM32F1xx_HAL_Driver/Src/stm32f1xx_hal_exti.o
LOAD ./Drivers/STM32F1xx_HAL_Driver/Src/stm32f1xx_hal_flash.o
LOAD ./Drivers/STM32F1xx_HAL_Driver/Src/stm32f1xx_hal_flash_ex.o
LOAD ./Drivers/STM32F1xx_HAL_Driver/Src/stm32f1xx_hal_gpio.o
LOAD ./Drivers/STM32F1xx_HAL_Driver/Src/stm32f1xx_hal_gpio_ex.o
LOAD ./Drivers/STM32F1xx_HAL_Driver/Src/stm32f1xx_hal_pwr.o
LOAD ./Drivers/STM32F1xx_HAL_Driver/Src/stm32f1xx_hal_rcc.o
LOAD ./Drivers/STM32F1xx_HAL_Driver/Src/stm32f1xx_hal_rcc_ex.o
LOAD ./Drivers/STM32F1xx_HAL_Driver/Src/stm32f1xx_hal_tim.o
LOAD ./Drivers/STM32F1xx_HAL_Driver/Src/stm32f1xx_hal_tim_ex.o
LOAD ./Drivers/STM32F1xx_HAL_Driver/Src/stm32f1xx_hal_uart.o
START GROUP
LOAD f:/st/stm32cubeide_1.10.1/stm32cubeide/plugins/com.st.stm32cube.ide.mcu.externaltools.gnu-tools-for-stm32.10.3-2021.10.win32_1.0.0.202111181127/tools/bin/../lib/gcc/arm-none-eabi/10.3.1/../../../../arm-none-eabi/lib/thumb/v7-m/nofp\libc_nano.a
LOAD f:/st/stm32cubeide_1.10.1/stm32cubeide/plugins/com.st.stm32cube.ide.mcu.externaltools.gnu-tools-for-stm32.10.3-2021.10.win32_1.0.0.202111181127/tools/bin/../lib/gcc/arm-none-eabi/10.3.1/../../../../arm-none-eabi/lib/thumb/v7-m/nofp\libm.a
END GROUP
START GROUP
LOAD f:/st/stm32cubeide_1.10.1/stm32cubeide/plugins/com.st.stm32cube.ide.mcu.externaltools.gnu-tools-for-stm32.10.3-2021.10.win32_1.0.0.202111181127/tools/bin/../lib/gcc/arm-none-eabi/10.3.1/thumb/v7-m/nofp\libgcc.a
LOAD f:/st/stm32cubeide_1.10.1/stm32cubeide/plugins/com.st.stm32cube.ide.mcu.externaltools.gnu-tools-for-stm32.10.3-2021.10.win32_1.0.0.202111181127/tools/bin/../lib/gcc/arm-none-eabi/10.3.1/../../../../arm-none-eabi/lib/thumb/v7-m/nofp\libc_nano.a
END GROUP
START GROUP
LOAD f:/st/stm32cubeide_1.10.1/stm32cubeide/plugins/com.st.stm32cube.ide.mcu.externaltools.gnu-tools-for-stm32.10.3-2021.10.win32_1.0.0.202111181127/tools/bin/../lib/gcc/arm-none-eabi/10.3.1/thumb/v7-m/nofp\libgcc.a
LOAD f:/st/stm32cubeide_1.10.1/stm32cubeide/plugins/com.st.stm32cube.ide.mcu.externaltools.gnu-tools-for-stm32.10.3-2021.10.win32_1.0.0.202111181127/tools/bin/../lib/gcc/arm-none-eabi/10.3.1/../../../../arm-none-eabi/lib/thumb/v7-m/nofp\libc_nano.a
LOAD f:/st/stm32cubeide_1.10.1/stm32cubeide/plugins/com.st.stm32cube.ide.mcu.externaltools.gnu-tools-for-stm32.10.3-2021.10.win32_1.0.0.202111181127/tools/bin/../lib/gcc/arm-none-eabi/10.3.1/../../../../arm-none-eabi/lib/thumb/v7-m/nofp\libnosys.a
END GROUP
START GROUP
LOAD f:/st/stm32cubeide_1.10.1/stm32cubeide/plugins/com.st.stm32cube.ide.mcu.externaltools.gnu-tools-for-stm32.10.3-2021.10.win32_1.0.0.202111181127/tools/bin/../lib/gcc/arm-none-eabi/10.3.1/thumb/v7-m/nofp\libgcc.a
LOAD f:/st/stm32cubeide_1.10.1/stm32cubeide/plugins/com.st.stm32cube.ide.mcu.externaltools.gnu-tools-for-stm32.10.3-2021.10.win32_1.0.0.202111181127/tools/bin/../lib/gcc/arm-none-eabi/10.3.1/../../../../arm-none-eabi/lib/thumb/v7-m/nofp\libc_nano.a
LOAD f:/st/stm32cubeide_1.10.1/stm32cubeide/plugins/com.st.stm32cube.ide.mcu.externaltools.gnu-tools-for-stm32.10.3-2021.10.win32_1.0.0.202111181127/tools/bin/../lib/gcc/arm-none-eabi/10.3.1/../../../../arm-none-eabi/lib/thumb/v7-m/nofp\libnosys.a
END GROUP
LOAD f:/st/stm32cubeide_1.10.1/stm32cubeide/plugins/com.st.stm32cube.ide.mcu.externaltools.gnu-tools-for-stm32.10.3-2021.10.win32_1.0.0.202111181127/tools/bin/../lib/gcc/arm-none-eabi/10.3.1/thumb/v7-m/nofp/crtend.o
LOAD f:/st/stm32cubeide_1.10.1/stm32cubeide/plugins/com.st.stm32cube.ide.mcu.externaltools.gnu-tools-for-stm32.10.3-2021.10.win32_1.0.0.202111181127/tools/bin/../lib/gcc/arm-none-eabi/10.3.1/thumb/v7-m/nofp/crtn.o
                0x000000002000c000                _estack = (ORIGIN (RAM) + LENGTH (RAM))
                0x0000000000000200                _Min_Heap_Size = 0x200
                0x0000000000000400                _Min_Stack_Size = 0x400

.isr_vector     0x0000000008000000      0x1e4
                0x0000000008000000                . = ALIGN (0x4)
 *(.isr_vector)
 .isr_vector    0x0000000008000000      0x1e4 ./Core/Startup/startup_stm32f103rctx.o
                0x0000000008000000                g_pfnVectors
                0x00000000080001e4                . = ALIGN (0x4)

.text           0x00000000080001e8     0x64dc
                0x00000000080001e8                . = ALIGN (0x4)
 *(.text)
 .text          0x00000000080001e8       0x40 f:/st/stm32cubeide_1.10.1/stm32cubeide/plugins/com.st.stm32cube.ide.mcu.externaltools.gnu-tools-for-stm32.10.3-2021.10.win32_1.0.0.202111181127/tools/bin/../lib/gcc/arm-none-eabi/10.3.1/thumb/v7-m/nofp/crtbegin.o
 .text          0x0000000008000228      0x378 f:/st/stm32cubeide_1.10.1/stm32cubeide/plugins/com.st.stm32cube.ide.mcu.externaltools.gnu-tools-for-stm32.10.3-2021.10.win32_1.0.0.202111181127/tools/bin/../lib/gcc/arm-none-eabi/10.3.1/thumb/v7-m/nofp\libgcc.a(_arm_addsubdf3.o)
                0x0000000008000228                __aeabi_drsub
                0x0000000008000230                __aeabi_dsub
                0x0000000008000230                __subdf3
                0x0000000008000234                __aeabi_dadd
                0x0000000008000234                __adddf3
                0x00000000080004ac                __floatunsidf
                0x00000000080004ac                __aeabi_ui2d
                0x00000000080004cc                __floatsidf
                0x00000000080004cc                __aeabi_i2d
                0x00000000080004f0                __aeabi_f2d
                0x00000000080004f0                __extendsfdf2
                0x0000000008000534                __floatundidf
                0x0000000008000534                __aeabi_ul2d
                0x0000000008000544                __floatdidf
                0x0000000008000544                __aeabi_l2d
 .text          0x00000000080005a0      0x424 f:/st/stm32cubeide_1.10.1/stm32cubeide/plugins/com.st.stm32cube.ide.mcu.externaltools.gnu-tools-for-stm32.10.3-2021.10.win32_1.0.0.202111181127/tools/bin/../lib/gcc/arm-none-eabi/10.3.1/thumb/v7-m/nofp\libgcc.a(_arm_muldivdf3.o)
                0x00000000080005a0                __aeabi_dmul
                0x00000000080005a0                __muldf3
                0x00000000080007f4                __divdf3
                0x00000000080007f4                __aeabi_ddiv
 .text          0x00000000080009c4       0x50 f:/st/stm32cubeide_1.10.1/stm32cubeide/plugins/com.st.stm32cube.ide.mcu.externaltools.gnu-tools-for-stm32.10.3-2021.10.win32_1.0.0.202111181127/tools/bin/../lib/gcc/arm-none-eabi/10.3.1/thumb/v7-m/nofp\libgcc.a(_arm_fixdfsi.o)
                0x00000000080009c4                __aeabi_d2iz
                0x00000000080009c4                __fixdfsi
 *(.text*)
 .text.Bsp_Led_Show_State_Handle
                0x0000000008000a14       0x34 ./BSP/bsp.o
                0x0000000008000a14                Bsp_Led_Show_State_Handle
 .text.Bsp_Init
                0x0000000008000a48       0x6c ./BSP/bsp.o
                0x0000000008000a48                Bsp_Init
 .text.Bsp_Data_Init
                0x0000000008000ab4       0x1a ./BSP/bsp.o
                0x0000000008000ab4                Bsp_Data_Init
 .text.Bsp_Data_Init1
                0x0000000008000ace       0x1e ./BSP/bsp.o
                0x0000000008000ace                Bsp_Data_Init1
 .text.Ctrl_robot_moving
                0x0000000008000aec       0x78 ./BSP/bsp.o
                0x0000000008000aec                Ctrl_robot_moving
 .text.Bsp_Loop
                0x0000000008000b64       0x34 ./BSP/bsp.o
                0x0000000008000b64                Bsp_Loop
 .text.Beep_Set_Time
                0x0000000008000b98       0x20 ./BSP/bsp_beep.o
 .text.Beep_Get_Time
                0x0000000008000bb8       0x14 ./BSP/bsp_beep.o
 .text.Beep_Set_State
                0x0000000008000bcc       0x20 ./BSP/bsp_beep.o
 .text.Beep_Get_State
                0x0000000008000bec       0x14 ./BSP/bsp_beep.o
 .text.Beep_On_Time
                0x0000000008000c00       0x80 ./BSP/bsp_beep.o
                0x0000000008000c00                Beep_On_Time
 .text.Beep_Timeout_Close_Handle
                0x0000000008000c80       0x44 ./BSP/bsp_beep.o
                0x0000000008000c80                Beep_Timeout_Close_Handle
 .text.Can_Init
                0x0000000008000cc4       0x80 ./BSP/bsp_can.o
                0x0000000008000cc4                Can_Init
 .text.Can_set_RobotMoving_Txheader
                0x0000000008000d44       0x38 ./BSP/bsp_can.o
                0x0000000008000d44                Can_set_RobotMoving_Txheader
 .text.Can_send_Data
                0x0000000008000d7c       0x30 ./BSP/bsp_can.o
                0x0000000008000d7c                Can_send_Data
 *fill*         0x0000000008000dac        0x4 
 .text.Can_Robot_Moving
                0x0000000008000db0      0x450 ./BSP/bsp_can.o
                0x0000000008000db0                Can_Robot_Moving
 .text.HAL_CAN_RxFifo0MsgPendingCallback
                0x0000000008001200       0x6c ./BSP/bsp_can.o
                0x0000000008001200                HAL_CAN_RxFifo0MsgPendingCallback
 .text.Key1_is_Press
                0x000000000800126c       0x20 ./BSP/bsp_key.o
 .text.Key1_State
                0x000000000800128c       0x54 ./BSP/bsp_key.o
                0x000000000800128c                Key1_State
 .text.MPU_ADDR_CTRL
                0x00000000080012e0       0x18 ./BSP/bsp_mpu9250.o
                0x00000000080012e0                MPU_ADDR_CTRL
 .text.MPU9250_Init
                0x00000000080012f8       0xec ./BSP/bsp_mpu9250.o
                0x00000000080012f8                MPU9250_Init
 .text.MPU_Set_Gyro_Fsr
                0x00000000080013e4       0x24 ./BSP/bsp_mpu9250.o
                0x00000000080013e4                MPU_Set_Gyro_Fsr
 .text.MPU_Set_Accel_Fsr
                0x0000000008001408       0x24 ./BSP/bsp_mpu9250.o
                0x0000000008001408                MPU_Set_Accel_Fsr
 .text.MPU_Set_LPF
                0x000000000800142c       0x64 ./BSP/bsp_mpu9250.o
                0x000000000800142c                MPU_Set_LPF
 .text.MPU_Set_Rate
                0x0000000008001490       0x58 ./BSP/bsp_mpu9250.o
                0x0000000008001490                MPU_Set_Rate
 .text.MPU_Get_Gyroscope
                0x00000000080014e8       0x64 ./BSP/bsp_mpu9250.o
                0x00000000080014e8                MPU_Get_Gyroscope
 .text.MPU_Get_Accelerometer
                0x000000000800154c       0x64 ./BSP/bsp_mpu9250.o
                0x000000000800154c                MPU_Get_Accelerometer
 .text.MPU_Get_Magnetometer
                0x00000000080015b0       0x6e ./BSP/bsp_mpu9250.o
                0x00000000080015b0                MPU_Get_Magnetometer
 .text.MPU_Delay_ms
                0x000000000800161e       0x1a ./BSP/bsp_mpu9250.o
                0x000000000800161e                MPU_Delay_ms
 .text.MPU_Read_Len
                0x0000000008001638       0xa4 ./BSP/bsp_mpu9250.o
                0x0000000008001638                MPU_Read_Len
 .text.MPU_Write_Byte
                0x00000000080016dc       0x68 ./BSP/bsp_mpu9250.o
                0x00000000080016dc                MPU_Write_Byte
 .text.MPU_Read_Byte
                0x0000000008001744       0x64 ./BSP/bsp_mpu9250.o
                0x0000000008001744                MPU_Read_Byte
 .text.MPU_Get_Deviation_gyro
                0x00000000080017a8       0x20 ./BSP/bsp_mpu9250.o
                0x00000000080017a8                MPU_Get_Deviation_gyro
 .text.MPU9250_Data_Send
                0x00000000080017c8       0xdc ./BSP/bsp_mpu9250.o
                0x00000000080017c8                MPU9250_Data_Send
 .text.Delay_For_Pin
                0x00000000080018a4       0x3a ./BSP/bsp_mpuiic.o
 .text.MPU_IIC_Init
                0x00000000080018de        0xe ./BSP/bsp_mpuiic.o
                0x00000000080018de                MPU_IIC_Init
 .text.MPU_IIC_Start
                0x00000000080018ec       0x60 ./BSP/bsp_mpuiic.o
                0x00000000080018ec                MPU_IIC_Start
 .text.MPU_IIC_Stop
                0x000000000800194c       0x60 ./BSP/bsp_mpuiic.o
                0x000000000800194c                MPU_IIC_Stop
 .text.MPU_IIC_Wait_Ack
                0x00000000080019ac       0x88 ./BSP/bsp_mpuiic.o
                0x00000000080019ac                MPU_IIC_Wait_Ack
 .text.MPU_IIC_Ack
                0x0000000008001a34       0x60 ./BSP/bsp_mpuiic.o
                0x0000000008001a34                MPU_IIC_Ack
 .text.MPU_IIC_NAck
                0x0000000008001a94       0x60 ./BSP/bsp_mpuiic.o
                0x0000000008001a94                MPU_IIC_NAck
 .text.MPU_IIC_Send_Byte
                0x0000000008001af4       0x90 ./BSP/bsp_mpuiic.o
                0x0000000008001af4                MPU_IIC_Send_Byte
 .text.MPU_IIC_Read_Byte
                0x0000000008001b84       0x98 ./BSP/bsp_mpuiic.o
                0x0000000008001b84                MPU_IIC_Read_Byte
 .text.USART1_Init
                0x0000000008001c1c       0x1c ./BSP/bsp_uart.o
                0x0000000008001c1c                USART1_Init
 .text.USART1_Data_Init
                0x0000000008001c38       0x28 ./BSP/bsp_uart.o
                0x0000000008001c38                USART1_Data_Init
 .text.USART1_Data_Init1
                0x0000000008001c60       0x34 ./BSP/bsp_uart.o
                0x0000000008001c60                USART1_Data_Init1
 .text.USART1_Revice_Robot_Speed
                0x0000000008001c94       0xb4 ./BSP/bsp_uart.o
                0x0000000008001c94                USART1_Revice_Robot_Speed
 .text.USART1_Parse_Robot_Speed
                0x0000000008001d48       0xdc ./BSP/bsp_uart.o
                0x0000000008001d48                USART1_Parse_Robot_Speed
 .text.getCrc8  0x0000000008001e24       0x68 ./BSP/bsp_uart.o
                0x0000000008001e24                getCrc8
 .text.USART_Send_String
                0x0000000008001e8c       0x58 ./BSP/bsp_uart.o
                0x0000000008001e8c                USART_Send_String
 .text.usartSendMeterData
                0x0000000008001ee4      0x1e8 ./BSP/bsp_uart.o
                0x0000000008001ee4                usartSendMeterData
 .text.HAL_UART_RxCpltCallback
                0x00000000080020cc       0x2c ./BSP/bsp_uart.o
                0x00000000080020cc                HAL_UART_RxCpltCallback
 .text.__io_putchar
                0x00000000080020f8       0x24 ./BSP/bsp_uart.o
                0x00000000080020f8                __io_putchar
 .text.MX_CAN_Init
                0x000000000800211c       0x70 ./Core/Src/can.o
                0x000000000800211c                MX_CAN_Init
 .text.HAL_CAN_MspInit
                0x000000000800218c       0xd0 ./Core/Src/can.o
                0x000000000800218c                HAL_CAN_MspInit
 .text.MX_DMA_Init
                0x000000000800225c       0x3c ./Core/Src/dma.o
                0x000000000800225c                MX_DMA_Init
 .text.MX_GPIO_Init
                0x0000000008002298      0x124 ./Core/Src/gpio.o
                0x0000000008002298                MX_GPIO_Init
 .text.main     0x00000000080023bc       0x26 ./Core/Src/main.o
                0x00000000080023bc                main
 .text.SystemClock_Config
                0x00000000080023e2       0x8a ./Core/Src/main.o
                0x00000000080023e2                SystemClock_Config
 .text.Error_Handler
                0x000000000800246c        0xa ./Core/Src/main.o
                0x000000000800246c                Error_Handler
 *fill*         0x0000000008002476        0x2 
 .text.HAL_MspInit
                0x0000000008002478       0x64 ./Core/Src/stm32f1xx_hal_msp.o
                0x0000000008002478                HAL_MspInit
 .text.NMI_Handler
                0x00000000080024dc        0x6 ./Core/Src/stm32f1xx_it.o
                0x00000000080024dc                NMI_Handler
 .text.HardFault_Handler
                0x00000000080024e2        0x6 ./Core/Src/stm32f1xx_it.o
                0x00000000080024e2                HardFault_Handler
 .text.MemManage_Handler
                0x00000000080024e8        0x6 ./Core/Src/stm32f1xx_it.o
                0x00000000080024e8                MemManage_Handler
 .text.BusFault_Handler
                0x00000000080024ee        0x6 ./Core/Src/stm32f1xx_it.o
                0x00000000080024ee                BusFault_Handler
 .text.UsageFault_Handler
                0x00000000080024f4        0x6 ./Core/Src/stm32f1xx_it.o
                0x00000000080024f4                UsageFault_Handler
 .text.SVC_Handler
                0x00000000080024fa        0xc ./Core/Src/stm32f1xx_it.o
                0x00000000080024fa                SVC_Handler
 .text.DebugMon_Handler
                0x0000000008002506        0xc ./Core/Src/stm32f1xx_it.o
                0x0000000008002506                DebugMon_Handler
 .text.PendSV_Handler
                0x0000000008002512        0xc ./Core/Src/stm32f1xx_it.o
                0x0000000008002512                PendSV_Handler
 .text.SysTick_Handler
                0x000000000800251e        0xc ./Core/Src/stm32f1xx_it.o
                0x000000000800251e                SysTick_Handler
 *fill*         0x000000000800252a        0x2 
 .text.DMA1_Channel4_IRQHandler
                0x000000000800252c       0x14 ./Core/Src/stm32f1xx_it.o
                0x000000000800252c                DMA1_Channel4_IRQHandler
 .text.USB_LP_CAN1_RX0_IRQHandler
                0x0000000008002540       0x14 ./Core/Src/stm32f1xx_it.o
                0x0000000008002540                USB_LP_CAN1_RX0_IRQHandler
 .text.USART1_IRQHandler
                0x0000000008002554       0x14 ./Core/Src/stm32f1xx_it.o
                0x0000000008002554                USART1_IRQHandler
 .text._read    0x0000000008002568       0x3a ./Core/Src/syscalls.o
                0x0000000008002568                _read
 .text._write   0x00000000080025a2       0x38 ./Core/Src/syscalls.o
                0x00000000080025a2                _write
 .text._close   0x00000000080025da       0x16 ./Core/Src/syscalls.o
                0x00000000080025da                _close
 .text._fstat   0x00000000080025f0       0x1e ./Core/Src/syscalls.o
                0x00000000080025f0                _fstat
 .text._isatty  0x000000000800260e       0x14 ./Core/Src/syscalls.o
                0x000000000800260e                _isatty
 .text._lseek   0x0000000008002622       0x18 ./Core/Src/syscalls.o
                0x0000000008002622                _lseek
 *fill*         0x000000000800263a        0x2 
 .text._sbrk    0x000000000800263c       0x6c ./Core/Src/sysmem.o
                0x000000000800263c                _sbrk
 .text.SystemInit
                0x00000000080026a8        0xc ./Core/Src/system_stm32f1xx.o
                0x00000000080026a8                SystemInit
 .text.MX_USART1_UART_Init
                0x00000000080026b4       0x54 ./Core/Src/usart.o
                0x00000000080026b4                MX_USART1_UART_Init
 .text.HAL_UART_MspInit
                0x0000000008002708       0xfc ./Core/Src/usart.o
                0x0000000008002708                HAL_UART_MspInit
 .text.Reset_Handler
                0x0000000008002804       0x48 ./Core/Startup/startup_stm32f103rctx.o
                0x0000000008002804                Reset_Handler
 .text.Default_Handler
                0x000000000800284c        0x2 ./Core/Startup/startup_stm32f103rctx.o
                0x000000000800284c                RTC_Alarm_IRQHandler
                0x000000000800284c                EXTI2_IRQHandler
                0x000000000800284c                TIM8_TRG_COM_IRQHandler
                0x000000000800284c                TIM8_CC_IRQHandler
                0x000000000800284c                TIM1_CC_IRQHandler
                0x000000000800284c                TIM6_IRQHandler
                0x000000000800284c                PVD_IRQHandler
                0x000000000800284c                SDIO_IRQHandler
                0x000000000800284c                EXTI3_IRQHandler
                0x000000000800284c                EXTI0_IRQHandler
                0x000000000800284c                I2C2_EV_IRQHandler
                0x000000000800284c                ADC1_2_IRQHandler
                0x000000000800284c                SPI1_IRQHandler
                0x000000000800284c                TAMPER_IRQHandler
                0x000000000800284c                TIM8_UP_IRQHandler
                0x000000000800284c                DMA2_Channel2_IRQHandler
                0x000000000800284c                USART3_IRQHandler
                0x000000000800284c                RTC_IRQHandler
                0x000000000800284c                DMA1_Channel7_IRQHandler
                0x000000000800284c                CAN1_RX1_IRQHandler
                0x000000000800284c                UART5_IRQHandler
                0x000000000800284c                ADC3_IRQHandler
                0x000000000800284c                TIM4_IRQHandler
                0x000000000800284c                DMA2_Channel1_IRQHandler
                0x000000000800284c                I2C1_EV_IRQHandler
                0x000000000800284c                DMA1_Channel6_IRQHandler
                0x000000000800284c                UART4_IRQHandler
                0x000000000800284c                TIM3_IRQHandler
                0x000000000800284c                RCC_IRQHandler
                0x000000000800284c                TIM1_TRG_COM_IRQHandler
                0x000000000800284c                DMA1_Channel1_IRQHandler
                0x000000000800284c                Default_Handler
                0x000000000800284c                EXTI15_10_IRQHandler
                0x000000000800284c                TIM7_IRQHandler
                0x000000000800284c                TIM5_IRQHandler
                0x000000000800284c                EXTI9_5_IRQHandler
                0x000000000800284c                SPI2_IRQHandler
                0x000000000800284c                DMA1_Channel5_IRQHandler
                0x000000000800284c                EXTI4_IRQHandler
                0x000000000800284c                USB_HP_CAN1_TX_IRQHandler
                0x000000000800284c                DMA1_Channel3_IRQHandler
                0x000000000800284c                FSMC_IRQHandler
                0x000000000800284c                TIM1_UP_IRQHandler
                0x000000000800284c                WWDG_IRQHandler
                0x000000000800284c                TIM2_IRQHandler
                0x000000000800284c                TIM1_BRK_IRQHandler
                0x000000000800284c                EXTI1_IRQHandler
                0x000000000800284c                DMA2_Channel4_5_IRQHandler
                0x000000000800284c                USART2_IRQHandler
                0x000000000800284c                I2C2_ER_IRQHandler
                0x000000000800284c                DMA1_Channel2_IRQHandler
                0x000000000800284c                TIM8_BRK_IRQHandler
                0x000000000800284c                CAN1_SCE_IRQHandler
                0x000000000800284c                FLASH_IRQHandler
                0x000000000800284c                SPI3_IRQHandler
                0x000000000800284c                I2C1_ER_IRQHandler
                0x000000000800284c                USBWakeUp_IRQHandler
                0x000000000800284c                DMA2_Channel3_IRQHandler
 *fill*         0x000000000800284e        0x2 
 .text.HAL_Init
                0x0000000008002850       0x2c ./Drivers/STM32F1xx_HAL_Driver/Src/stm32f1xx_hal.o
                0x0000000008002850                HAL_Init
 .text.HAL_InitTick
                0x000000000800287c       0x60 ./Drivers/STM32F1xx_HAL_Driver/Src/stm32f1xx_hal.o
                0x000000000800287c                HAL_InitTick
 .text.HAL_IncTick
                0x00000000080028dc       0x24 ./Drivers/STM32F1xx_HAL_Driver/Src/stm32f1xx_hal.o
                0x00000000080028dc                HAL_IncTick
 .text.HAL_GetTick
                0x0000000008002900       0x14 ./Drivers/STM32F1xx_HAL_Driver/Src/stm32f1xx_hal.o
                0x0000000008002900                HAL_GetTick
 .text.HAL_Delay
                0x0000000008002914       0x48 ./Drivers/STM32F1xx_HAL_Driver/Src/stm32f1xx_hal.o
                0x0000000008002914                HAL_Delay
 .text.HAL_CAN_Init
                0x000000000800295c      0x1f6 ./Drivers/STM32F1xx_HAL_Driver/Src/stm32f1xx_hal_can.o
                0x000000000800295c                HAL_CAN_Init
 .text.HAL_CAN_ConfigFilter
                0x0000000008002b52      0x192 ./Drivers/STM32F1xx_HAL_Driver/Src/stm32f1xx_hal_can.o
                0x0000000008002b52                HAL_CAN_ConfigFilter
 .text.HAL_CAN_Start
                0x0000000008002ce4       0x88 ./Drivers/STM32F1xx_HAL_Driver/Src/stm32f1xx_hal_can.o
                0x0000000008002ce4                HAL_CAN_Start
 .text.HAL_CAN_AddTxMessage
                0x0000000008002d6c      0x1b4 ./Drivers/STM32F1xx_HAL_Driver/Src/stm32f1xx_hal_can.o
                0x0000000008002d6c                HAL_CAN_AddTxMessage
 .text.HAL_CAN_GetRxMessage
                0x0000000008002f20      0x222 ./Drivers/STM32F1xx_HAL_Driver/Src/stm32f1xx_hal_can.o
                0x0000000008002f20                HAL_CAN_GetRxMessage
 .text.HAL_CAN_ActivateNotification
                0x0000000008003142       0x4a ./Drivers/STM32F1xx_HAL_Driver/Src/stm32f1xx_hal_can.o
                0x0000000008003142                HAL_CAN_ActivateNotification
 .text.HAL_CAN_IRQHandler
                0x000000000800318c      0x36e ./Drivers/STM32F1xx_HAL_Driver/Src/stm32f1xx_hal_can.o
                0x000000000800318c                HAL_CAN_IRQHandler
 .text.HAL_CAN_TxMailbox0CompleteCallback
                0x00000000080034fa       0x12 ./Drivers/STM32F1xx_HAL_Driver/Src/stm32f1xx_hal_can.o
                0x00000000080034fa                HAL_CAN_TxMailbox0CompleteCallback
 .text.HAL_CAN_TxMailbox1CompleteCallback
                0x000000000800350c       0x12 ./Drivers/STM32F1xx_HAL_Driver/Src/stm32f1xx_hal_can.o
                0x000000000800350c                HAL_CAN_TxMailbox1CompleteCallback
 .text.HAL_CAN_TxMailbox2CompleteCallback
                0x000000000800351e       0x12 ./Drivers/STM32F1xx_HAL_Driver/Src/stm32f1xx_hal_can.o
                0x000000000800351e                HAL_CAN_TxMailbox2CompleteCallback
 .text.HAL_CAN_TxMailbox0AbortCallback
                0x0000000008003530       0x12 ./Drivers/STM32F1xx_HAL_Driver/Src/stm32f1xx_hal_can.o
                0x0000000008003530                HAL_CAN_TxMailbox0AbortCallback
 .text.HAL_CAN_TxMailbox1AbortCallback
                0x0000000008003542       0x12 ./Drivers/STM32F1xx_HAL_Driver/Src/stm32f1xx_hal_can.o
                0x0000000008003542                HAL_CAN_TxMailbox1AbortCallback
 .text.HAL_CAN_TxMailbox2AbortCallback
                0x0000000008003554       0x12 ./Drivers/STM32F1xx_HAL_Driver/Src/stm32f1xx_hal_can.o
                0x0000000008003554                HAL_CAN_TxMailbox2AbortCallback
 .text.HAL_CAN_RxFifo0FullCallback
                0x0000000008003566       0x12 ./Drivers/STM32F1xx_HAL_Driver/Src/stm32f1xx_hal_can.o
                0x0000000008003566                HAL_CAN_RxFifo0FullCallback
 .text.HAL_CAN_RxFifo1MsgPendingCallback
                0x0000000008003578       0x12 ./Drivers/STM32F1xx_HAL_Driver/Src/stm32f1xx_hal_can.o
                0x0000000008003578                HAL_CAN_RxFifo1MsgPendingCallback
 .text.HAL_CAN_RxFifo1FullCallback
                0x000000000800358a       0x12 ./Drivers/STM32F1xx_HAL_Driver/Src/stm32f1xx_hal_can.o
                0x000000000800358a                HAL_CAN_RxFifo1FullCallback
 .text.HAL_CAN_SleepCallback
                0x000000000800359c       0x12 ./Drivers/STM32F1xx_HAL_Driver/Src/stm32f1xx_hal_can.o
                0x000000000800359c                HAL_CAN_SleepCallback
 .text.HAL_CAN_WakeUpFromRxMsgCallback
                0x00000000080035ae       0x12 ./Drivers/STM32F1xx_HAL_Driver/Src/stm32f1xx_hal_can.o
                0x00000000080035ae                HAL_CAN_WakeUpFromRxMsgCallback
 .text.HAL_CAN_ErrorCallback
                0x00000000080035c0       0x12 ./Drivers/STM32F1xx_HAL_Driver/Src/stm32f1xx_hal_can.o
                0x00000000080035c0                HAL_CAN_ErrorCallback
 *fill*         0x00000000080035d2        0x2 
 .text.__NVIC_SetPriorityGrouping
                0x00000000080035d4       0x48 ./Drivers/STM32F1xx_HAL_Driver/Src/stm32f1xx_hal_cortex.o
 .text.__NVIC_GetPriorityGrouping
                0x000000000800361c       0x1c ./Drivers/STM32F1xx_HAL_Driver/Src/stm32f1xx_hal_cortex.o
 .text.__NVIC_EnableIRQ
                0x0000000008003638       0x38 ./Drivers/STM32F1xx_HAL_Driver/Src/stm32f1xx_hal_cortex.o
 .text.__NVIC_SetPriority
                0x0000000008003670       0x54 ./Drivers/STM32F1xx_HAL_Driver/Src/stm32f1xx_hal_cortex.o
 .text.NVIC_EncodePriority
                0x00000000080036c4       0x64 ./Drivers/STM32F1xx_HAL_Driver/Src/stm32f1xx_hal_cortex.o
 .text.SysTick_Config
                0x0000000008003728       0x44 ./Drivers/STM32F1xx_HAL_Driver/Src/stm32f1xx_hal_cortex.o
 .text.HAL_NVIC_SetPriorityGrouping
                0x000000000800376c       0x16 ./Drivers/STM32F1xx_HAL_Driver/Src/stm32f1xx_hal_cortex.o
                0x000000000800376c                HAL_NVIC_SetPriorityGrouping
 .text.HAL_NVIC_SetPriority
                0x0000000008003782       0x38 ./Drivers/STM32F1xx_HAL_Driver/Src/stm32f1xx_hal_cortex.o
                0x0000000008003782                HAL_NVIC_SetPriority
 .text.HAL_NVIC_EnableIRQ
                0x00000000080037ba       0x1c ./Drivers/STM32F1xx_HAL_Driver/Src/stm32f1xx_hal_cortex.o
                0x00000000080037ba                HAL_NVIC_EnableIRQ
 .text.HAL_SYSTICK_Config
                0x00000000080037d6       0x18 ./Drivers/STM32F1xx_HAL_Driver/Src/stm32f1xx_hal_cortex.o
                0x00000000080037d6                HAL_SYSTICK_Config
 *fill*         0x00000000080037ee        0x2 
 .text.HAL_DMA_Init
                0x00000000080037f0       0xec ./Drivers/STM32F1xx_HAL_Driver/Src/stm32f1xx_hal_dma.o
                0x00000000080037f0                HAL_DMA_Init
 .text.HAL_DMA_Abort
                0x00000000080038dc       0x74 ./Drivers/STM32F1xx_HAL_Driver/Src/stm32f1xx_hal_dma.o
                0x00000000080038dc                HAL_DMA_Abort
 .text.HAL_DMA_Abort_IT
                0x0000000008003950      0x210 ./Drivers/STM32F1xx_HAL_Driver/Src/stm32f1xx_hal_dma.o
                0x0000000008003950                HAL_DMA_Abort_IT
 .text.HAL_DMA_IRQHandler
                0x0000000008003b60      0x478 ./Drivers/STM32F1xx_HAL_Driver/Src/stm32f1xx_hal_dma.o
                0x0000000008003b60                HAL_DMA_IRQHandler
 .text.HAL_GPIO_Init
                0x0000000008003fd8      0x328 ./Drivers/STM32F1xx_HAL_Driver/Src/stm32f1xx_hal_gpio.o
                0x0000000008003fd8                HAL_GPIO_Init
 .text.HAL_GPIO_ReadPin
                0x0000000008004300       0x2e ./Drivers/STM32F1xx_HAL_Driver/Src/stm32f1xx_hal_gpio.o
                0x0000000008004300                HAL_GPIO_ReadPin
 .text.HAL_GPIO_WritePin
                0x000000000800432e       0x30 ./Drivers/STM32F1xx_HAL_Driver/Src/stm32f1xx_hal_gpio.o
                0x000000000800432e                HAL_GPIO_WritePin
 .text.HAL_GPIO_TogglePin
                0x000000000800435e       0x32 ./Drivers/STM32F1xx_HAL_Driver/Src/stm32f1xx_hal_gpio.o
                0x000000000800435e                HAL_GPIO_TogglePin
 .text.HAL_RCC_OscConfig
                0x0000000008004390      0x504 ./Drivers/STM32F1xx_HAL_Driver/Src/stm32f1xx_hal_rcc.o
                0x0000000008004390                HAL_RCC_OscConfig
 .text.HAL_RCC_ClockConfig
                0x0000000008004894      0x1d4 ./Drivers/STM32F1xx_HAL_Driver/Src/stm32f1xx_hal_rcc.o
                0x0000000008004894                HAL_RCC_ClockConfig
 .text.HAL_RCC_GetSysClockFreq
                0x0000000008004a68       0xbc ./Drivers/STM32F1xx_HAL_Driver/Src/stm32f1xx_hal_rcc.o
                0x0000000008004a68                HAL_RCC_GetSysClockFreq
 .text.HAL_RCC_GetHCLKFreq
                0x0000000008004b24       0x14 ./Drivers/STM32F1xx_HAL_Driver/Src/stm32f1xx_hal_rcc.o
                0x0000000008004b24                HAL_RCC_GetHCLKFreq
 .text.HAL_RCC_GetPCLK1Freq
                0x0000000008004b38       0x28 ./Drivers/STM32F1xx_HAL_Driver/Src/stm32f1xx_hal_rcc.o
                0x0000000008004b38                HAL_RCC_GetPCLK1Freq
 .text.HAL_RCC_GetPCLK2Freq
                0x0000000008004b60       0x28 ./Drivers/STM32F1xx_HAL_Driver/Src/stm32f1xx_hal_rcc.o
                0x0000000008004b60                HAL_RCC_GetPCLK2Freq
 .text.RCC_Delay
                0x0000000008004b88       0x3c ./Drivers/STM32F1xx_HAL_Driver/Src/stm32f1xx_hal_rcc.o
 .text.HAL_UART_Init
                0x0000000008004bc4       0x9a ./Drivers/STM32F1xx_HAL_Driver/Src/stm32f1xx_hal_uart.o
                0x0000000008004bc4                HAL_UART_Init
 .text.HAL_UART_Transmit
                0x0000000008004c5e      0x124 ./Drivers/STM32F1xx_HAL_Driver/Src/stm32f1xx_hal_uart.o
                0x0000000008004c5e                HAL_UART_Transmit
 .text.HAL_UART_Receive_IT
                0x0000000008004d82       0x60 ./Drivers/STM32F1xx_HAL_Driver/Src/stm32f1xx_hal_uart.o
                0x0000000008004d82                HAL_UART_Receive_IT
 *fill*         0x0000000008004de2        0x2 
 .text.HAL_UART_IRQHandler
                0x0000000008004de4      0x354 ./Drivers/STM32F1xx_HAL_Driver/Src/stm32f1xx_hal_uart.o
                0x0000000008004de4                HAL_UART_IRQHandler
 .text.HAL_UART_TxCpltCallback
                0x0000000008005138       0x12 ./Drivers/STM32F1xx_HAL_Driver/Src/stm32f1xx_hal_uart.o
                0x0000000008005138                HAL_UART_TxCpltCallback
 .text.HAL_UART_ErrorCallback
                0x000000000800514a       0x12 ./Drivers/STM32F1xx_HAL_Driver/Src/stm32f1xx_hal_uart.o
                0x000000000800514a                HAL_UART_ErrorCallback
 .text.HAL_UARTEx_RxEventCallback
                0x000000000800515c       0x16 ./Drivers/STM32F1xx_HAL_Driver/Src/stm32f1xx_hal_uart.o
                0x000000000800515c                HAL_UARTEx_RxEventCallback
 .text.UART_WaitOnFlagUntilTimeout
                0x0000000008005172       0x94 ./Drivers/STM32F1xx_HAL_Driver/Src/stm32f1xx_hal_uart.o
 .text.UART_Start_Receive_IT
                0x0000000008005206       0x72 ./Drivers/STM32F1xx_HAL_Driver/Src/stm32f1xx_hal_uart.o
                0x0000000008005206                UART_Start_Receive_IT
 .text.UART_EndRxTransfer
                0x0000000008005278       0x58 ./Drivers/STM32F1xx_HAL_Driver/Src/stm32f1xx_hal_uart.o
 .text.UART_DMAAbortOnError
                0x00000000080052d0       0x28 ./Drivers/STM32F1xx_HAL_Driver/Src/stm32f1xx_hal_uart.o
 .text.UART_Transmit_IT
                0x00000000080052f8       0x9e ./Drivers/STM32F1xx_HAL_Driver/Src/stm32f1xx_hal_uart.o
 .text.UART_EndTransmit_IT
                0x0000000008005396       0x30 ./Drivers/STM32F1xx_HAL_Driver/Src/stm32f1xx_hal_uart.o
 .text.UART_Receive_IT
                0x00000000080053c6      0x152 ./Drivers/STM32F1xx_HAL_Driver/Src/stm32f1xx_hal_uart.o
 .text.UART_SetConfig
                0x0000000008005518      0x11c ./Drivers/STM32F1xx_HAL_Driver/Src/stm32f1xx_hal_uart.o
 .text.__errno  0x0000000008005634        0xc f:/st/stm32cubeide_1.10.1/stm32cubeide/plugins/com.st.stm32cube.ide.mcu.externaltools.gnu-tools-for-stm32.10.3-2021.10.win32_1.0.0.202111181127/tools/bin/../lib/gcc/arm-none-eabi/10.3.1/../../../../arm-none-eabi/lib/thumb/v7-m/nofp\libc_nano.a(lib_a-errno.o)
                0x0000000008005634                __errno
 .text.__libc_init_array
                0x0000000008005640       0x48 f:/st/stm32cubeide_1.10.1/stm32cubeide/plugins/com.st.stm32cube.ide.mcu.externaltools.gnu-tools-for-stm32.10.3-2021.10.win32_1.0.0.202111181127/tools/bin/../lib/gcc/arm-none-eabi/10.3.1/../../../../arm-none-eabi/lib/thumb/v7-m/nofp\libc_nano.a(lib_a-init.o)
                0x0000000008005640                __libc_init_array
 .text.memset   0x0000000008005688       0x10 f:/st/stm32cubeide_1.10.1/stm32cubeide/plugins/com.st.stm32cube.ide.mcu.externaltools.gnu-tools-for-stm32.10.3-2021.10.win32_1.0.0.202111181127/tools/bin/../lib/gcc/arm-none-eabi/10.3.1/../../../../arm-none-eabi/lib/thumb/v7-m/nofp\libc_nano.a(lib_a-memset.o)
                0x0000000008005688                memset
 .text.printf   0x0000000008005698       0x30 f:/st/stm32cubeide_1.10.1/stm32cubeide/plugins/com.st.stm32cube.ide.mcu.externaltools.gnu-tools-for-stm32.10.3-2021.10.win32_1.0.0.202111181127/tools/bin/../lib/gcc/arm-none-eabi/10.3.1/../../../../arm-none-eabi/lib/thumb/v7-m/nofp\libc_nano.a(lib_a-printf.o)
                0x0000000008005698                iprintf
                0x0000000008005698                printf
 .text._puts_r  0x00000000080056c8       0xdc f:/st/stm32cubeide_1.10.1/stm32cubeide/plugins/com.st.stm32cube.ide.mcu.externaltools.gnu-tools-for-stm32.10.3-2021.10.win32_1.0.0.202111181127/tools/bin/../lib/gcc/arm-none-eabi/10.3.1/../../../../arm-none-eabi/lib/thumb/v7-m/nofp\libc_nano.a(lib_a-puts.o)
                0x00000000080056c8                _puts_r
 .text.puts     0x00000000080057a4       0x10 f:/st/stm32cubeide_1.10.1/stm32cubeide/plugins/com.st.stm32cube.ide.mcu.externaltools.gnu-tools-for-stm32.10.3-2021.10.win32_1.0.0.202111181127/tools/bin/../lib/gcc/arm-none-eabi/10.3.1/../../../../arm-none-eabi/lib/thumb/v7-m/nofp\libc_nano.a(lib_a-puts.o)
                0x00000000080057a4                puts
 .text.__swbuf_r
                0x00000000080057b4       0xa4 f:/st/stm32cubeide_1.10.1/stm32cubeide/plugins/com.st.stm32cube.ide.mcu.externaltools.gnu-tools-for-stm32.10.3-2021.10.win32_1.0.0.202111181127/tools/bin/../lib/gcc/arm-none-eabi/10.3.1/../../../../arm-none-eabi/lib/thumb/v7-m/nofp\libc_nano.a(lib_a-wbuf.o)
                0x00000000080057b4                __swbuf_r
 .text.__swsetup_r
                0x0000000008005858       0xdc f:/st/stm32cubeide_1.10.1/stm32cubeide/plugins/com.st.stm32cube.ide.mcu.externaltools.gnu-tools-for-stm32.10.3-2021.10.win32_1.0.0.202111181127/tools/bin/../lib/gcc/arm-none-eabi/10.3.1/../../../../arm-none-eabi/lib/thumb/v7-m/nofp\libc_nano.a(lib_a-wsetup.o)
                0x0000000008005858                __swsetup_r
 .text.__sflush_r
                0x0000000008005934      0x104 f:/st/stm32cubeide_1.10.1/stm32cubeide/plugins/com.st.stm32cube.ide.mcu.externaltools.gnu-tools-for-stm32.10.3-2021.10.win32_1.0.0.202111181127/tools/bin/../lib/gcc/arm-none-eabi/10.3.1/../../../../arm-none-eabi/lib/thumb/v7-m/nofp\libc_nano.a(lib_a-fflush.o)
                0x0000000008005934                __sflush_r
 .text._fflush_r
                0x0000000008005a38       0x78 f:/st/stm32cubeide_1.10.1/stm32cubeide/plugins/com.st.stm32cube.ide.mcu.externaltools.gnu-tools-for-stm32.10.3-2021.10.win32_1.0.0.202111181127/tools/bin/../lib/gcc/arm-none-eabi/10.3.1/../../../../arm-none-eabi/lib/thumb/v7-m/nofp\libc_nano.a(lib_a-fflush.o)
                0x0000000008005a38                _fflush_r
 .text.std      0x0000000008005ab0       0x48 f:/st/stm32cubeide_1.10.1/stm32cubeide/plugins/com.st.stm32cube.ide.mcu.externaltools.gnu-tools-for-stm32.10.3-2021.10.win32_1.0.0.202111181127/tools/bin/../lib/gcc/arm-none-eabi/10.3.1/../../../../arm-none-eabi/lib/thumb/v7-m/nofp\libc_nano.a(lib_a-findfp.o)
 .text._cleanup_r
                0x0000000008005af8        0xc f:/st/stm32cubeide_1.10.1/stm32cubeide/plugins/com.st.stm32cube.ide.mcu.externaltools.gnu-tools-for-stm32.10.3-2021.10.win32_1.0.0.202111181127/tools/bin/../lib/gcc/arm-none-eabi/10.3.1/../../../../arm-none-eabi/lib/thumb/v7-m/nofp\libc_nano.a(lib_a-findfp.o)
                0x0000000008005af8                _cleanup_r
 .text.__sfmoreglue
                0x0000000008005b04       0x2c f:/st/stm32cubeide_1.10.1/stm32cubeide/plugins/com.st.stm32cube.ide.mcu.externaltools.gnu-tools-for-stm32.10.3-2021.10.win32_1.0.0.202111181127/tools/bin/../lib/gcc/arm-none-eabi/10.3.1/../../../../arm-none-eabi/lib/thumb/v7-m/nofp\libc_nano.a(lib_a-findfp.o)
                0x0000000008005b04                __sfmoreglue
 .text.__sfp_lock_acquire
                0x0000000008005b30        0xc f:/st/stm32cubeide_1.10.1/stm32cubeide/plugins/com.st.stm32cube.ide.mcu.externaltools.gnu-tools-for-stm32.10.3-2021.10.win32_1.0.0.202111181127/tools/bin/../lib/gcc/arm-none-eabi/10.3.1/../../../../arm-none-eabi/lib/thumb/v7-m/nofp\libc_nano.a(lib_a-findfp.o)
                0x0000000008005b30                __sfp_lock_acquire
 .text.__sfp_lock_release
                0x0000000008005b3c        0xc f:/st/stm32cubeide_1.10.1/stm32cubeide/plugins/com.st.stm32cube.ide.mcu.externaltools.gnu-tools-for-stm32.10.3-2021.10.win32_1.0.0.202111181127/tools/bin/../lib/gcc/arm-none-eabi/10.3.1/../../../../arm-none-eabi/lib/thumb/v7-m/nofp\libc_nano.a(lib_a-findfp.o)
                0x0000000008005b3c                __sfp_lock_release
 .text.__sinit_lock_acquire
                0x0000000008005b48        0xc f:/st/stm32cubeide_1.10.1/stm32cubeide/plugins/com.st.stm32cube.ide.mcu.externaltools.gnu-tools-for-stm32.10.3-2021.10.win32_1.0.0.202111181127/tools/bin/../lib/gcc/arm-none-eabi/10.3.1/../../../../arm-none-eabi/lib/thumb/v7-m/nofp\libc_nano.a(lib_a-findfp.o)
                0x0000000008005b48                __sinit_lock_acquire
 .text.__sinit_lock_release
                0x0000000008005b54        0xc f:/st/stm32cubeide_1.10.1/stm32cubeide/plugins/com.st.stm32cube.ide.mcu.externaltools.gnu-tools-for-stm32.10.3-2021.10.win32_1.0.0.202111181127/tools/bin/../lib/gcc/arm-none-eabi/10.3.1/../../../../arm-none-eabi/lib/thumb/v7-m/nofp\libc_nano.a(lib_a-findfp.o)
                0x0000000008005b54                __sinit_lock_release
 .text.__sinit  0x0000000008005b60       0x70 f:/st/stm32cubeide_1.10.1/stm32cubeide/plugins/com.st.stm32cube.ide.mcu.externaltools.gnu-tools-for-stm32.10.3-2021.10.win32_1.0.0.202111181127/tools/bin/../lib/gcc/arm-none-eabi/10.3.1/../../../../arm-none-eabi/lib/thumb/v7-m/nofp\libc_nano.a(lib_a-findfp.o)
                0x0000000008005b60                __sinit
 .text.__sfp    0x0000000008005bd0       0x8c f:/st/stm32cubeide_1.10.1/stm32cubeide/plugins/com.st.stm32cube.ide.mcu.externaltools.gnu-tools-for-stm32.10.3-2021.10.win32_1.0.0.202111181127/tools/bin/../lib/gcc/arm-none-eabi/10.3.1/../../../../arm-none-eabi/lib/thumb/v7-m/nofp\libc_nano.a(lib_a-findfp.o)
                0x0000000008005bd0                __sfp
 .text._fwalk_reent
                0x0000000008005c5c       0x3e f:/st/stm32cubeide_1.10.1/stm32cubeide/plugins/com.st.stm32cube.ide.mcu.externaltools.gnu-tools-for-stm32.10.3-2021.10.win32_1.0.0.202111181127/tools/bin/../lib/gcc/arm-none-eabi/10.3.1/../../../../arm-none-eabi/lib/thumb/v7-m/nofp\libc_nano.a(lib_a-fwalk.o)
                0x0000000008005c5c                _fwalk_reent
 .text.__retarget_lock_init_recursive
                0x0000000008005c9a        0x2 f:/st/stm32cubeide_1.10.1/stm32cubeide/plugins/com.st.stm32cube.ide.mcu.externaltools.gnu-tools-for-stm32.10.3-2021.10.win32_1.0.0.202111181127/tools/bin/../lib/gcc/arm-none-eabi/10.3.1/../../../../arm-none-eabi/lib/thumb/v7-m/nofp\libc_nano.a(lib_a-lock.o)
                0x0000000008005c9a                __retarget_lock_init_recursive
 .text.__retarget_lock_acquire_recursive
                0x0000000008005c9c        0x2 f:/st/stm32cubeide_1.10.1/stm32cubeide/plugins/com.st.stm32cube.ide.mcu.externaltools.gnu-tools-for-stm32.10.3-2021.10.win32_1.0.0.202111181127/tools/bin/../lib/gcc/arm-none-eabi/10.3.1/../../../../arm-none-eabi/lib/thumb/v7-m/nofp\libc_nano.a(lib_a-lock.o)
                0x0000000008005c9c                __retarget_lock_acquire_recursive
 .text.__retarget_lock_release_recursive
                0x0000000008005c9e        0x2 f:/st/stm32cubeide_1.10.1/stm32cubeide/plugins/com.st.stm32cube.ide.mcu.externaltools.gnu-tools-for-stm32.10.3-2021.10.win32_1.0.0.202111181127/tools/bin/../lib/gcc/arm-none-eabi/10.3.1/../../../../arm-none-eabi/lib/thumb/v7-m/nofp\libc_nano.a(lib_a-lock.o)
                0x0000000008005c9e                __retarget_lock_release_recursive
 .text.__swhatbuf_r
                0x0000000008005ca0       0x4a f:/st/stm32cubeide_1.10.1/stm32cubeide/plugins/com.st.stm32cube.ide.mcu.externaltools.gnu-tools-for-stm32.10.3-2021.10.win32_1.0.0.202111181127/tools/bin/../lib/gcc/arm-none-eabi/10.3.1/../../../../arm-none-eabi/lib/thumb/v7-m/nofp\libc_nano.a(lib_a-makebuf.o)
                0x0000000008005ca0                __swhatbuf_r
 *fill*         0x0000000008005cea        0x2 
 .text.__smakebuf_r
                0x0000000008005cec       0x80 f:/st/stm32cubeide_1.10.1/stm32cubeide/plugins/com.st.stm32cube.ide.mcu.externaltools.gnu-tools-for-stm32.10.3-2021.10.win32_1.0.0.202111181127/tools/bin/../lib/gcc/arm-none-eabi/10.3.1/../../../../arm-none-eabi/lib/thumb/v7-m/nofp\libc_nano.a(lib_a-makebuf.o)
                0x0000000008005cec                __smakebuf_r
 .text._free_r  0x0000000008005d6c       0x90 f:/st/stm32cubeide_1.10.1/stm32cubeide/plugins/com.st.stm32cube.ide.mcu.externaltools.gnu-tools-for-stm32.10.3-2021.10.win32_1.0.0.202111181127/tools/bin/../lib/gcc/arm-none-eabi/10.3.1/../../../../arm-none-eabi/lib/thumb/v7-m/nofp\libc_nano.a(lib_a-nano-freer.o)
                0x0000000008005d6c                _free_r
 .text.sbrk_aligned
                0x0000000008005dfc       0x40 f:/st/stm32cubeide_1.10.1/stm32cubeide/plugins/com.st.stm32cube.ide.mcu.externaltools.gnu-tools-for-stm32.10.3-2021.10.win32_1.0.0.202111181127/tools/bin/../lib/gcc/arm-none-eabi/10.3.1/../../../../arm-none-eabi/lib/thumb/v7-m/nofp\libc_nano.a(lib_a-nano-mallocr.o)
 .text._malloc_r
                0x0000000008005e3c       0xe8 f:/st/stm32cubeide_1.10.1/stm32cubeide/plugins/com.st.stm32cube.ide.mcu.externaltools.gnu-tools-for-stm32.10.3-2021.10.win32_1.0.0.202111181127/tools/bin/../lib/gcc/arm-none-eabi/10.3.1/../../../../arm-none-eabi/lib/thumb/v7-m/nofp\libc_nano.a(lib_a-nano-mallocr.o)
                0x0000000008005e3c                _malloc_r
 .text.__sfputc_r
                0x0000000008005f24       0x2a f:/st/stm32cubeide_1.10.1/stm32cubeide/plugins/com.st.stm32cube.ide.mcu.externaltools.gnu-tools-for-stm32.10.3-2021.10.win32_1.0.0.202111181127/tools/bin/../lib/gcc/arm-none-eabi/10.3.1/../../../../arm-none-eabi/lib/thumb/v7-m/nofp\libc_nano.a(lib_a-nano-vfprintf.o)
 .text.__sfputs_r
                0x0000000008005f4e       0x24 f:/st/stm32cubeide_1.10.1/stm32cubeide/plugins/com.st.stm32cube.ide.mcu.externaltools.gnu-tools-for-stm32.10.3-2021.10.win32_1.0.0.202111181127/tools/bin/../lib/gcc/arm-none-eabi/10.3.1/../../../../arm-none-eabi/lib/thumb/v7-m/nofp\libc_nano.a(lib_a-nano-vfprintf.o)
                0x0000000008005f4e                __sfputs_r
 *fill*         0x0000000008005f72        0x2 
 .text._vfprintf_r
                0x0000000008005f74      0x260 f:/st/stm32cubeide_1.10.1/stm32cubeide/plugins/com.st.stm32cube.ide.mcu.externaltools.gnu-tools-for-stm32.10.3-2021.10.win32_1.0.0.202111181127/tools/bin/../lib/gcc/arm-none-eabi/10.3.1/../../../../arm-none-eabi/lib/thumb/v7-m/nofp\libc_nano.a(lib_a-nano-vfprintf.o)
                0x0000000008005f74                _vfprintf_r
                0x0000000008005f74                _vfiprintf_r
 .text._printf_common
                0x00000000080061d4       0xde f:/st/stm32cubeide_1.10.1/stm32cubeide/plugins/com.st.stm32cube.ide.mcu.externaltools.gnu-tools-for-stm32.10.3-2021.10.win32_1.0.0.202111181127/tools/bin/../lib/gcc/arm-none-eabi/10.3.1/../../../../arm-none-eabi/lib/thumb/v7-m/nofp\libc_nano.a(lib_a-nano-vfprintf_i.o)
                0x00000000080061d4                _printf_common
 *fill*         0x00000000080062b2        0x2 
 .text._printf_i
                0x00000000080062b4      0x24c f:/st/stm32cubeide_1.10.1/stm32cubeide/plugins/com.st.stm32cube.ide.mcu.externaltools.gnu-tools-for-stm32.10.3-2021.10.win32_1.0.0.202111181127/tools/bin/../lib/gcc/arm-none-eabi/10.3.1/../../../../arm-none-eabi/lib/thumb/v7-m/nofp\libc_nano.a(lib_a-nano-vfprintf_i.o)
                0x00000000080062b4                _printf_i
 .text._sbrk_r  0x0000000008006500       0x20 f:/st/stm32cubeide_1.10.1/stm32cubeide/plugins/com.st.stm32cube.ide.mcu.externaltools.gnu-tools-for-stm32.10.3-2021.10.win32_1.0.0.202111181127/tools/bin/../lib/gcc/arm-none-eabi/10.3.1/../../../../arm-none-eabi/lib/thumb/v7-m/nofp\libc_nano.a(lib_a-sbrkr.o)
                0x0000000008006500                _sbrk_r
 .text.__sread  0x0000000008006520       0x22 f:/st/stm32cubeide_1.10.1/stm32cubeide/plugins/com.st.stm32cube.ide.mcu.externaltools.gnu-tools-for-stm32.10.3-2021.10.win32_1.0.0.202111181127/tools/bin/../lib/gcc/arm-none-eabi/10.3.1/../../../../arm-none-eabi/lib/thumb/v7-m/nofp\libc_nano.a(lib_a-stdio.o)
                0x0000000008006520                __sread
 .text.__swrite
                0x0000000008006542       0x38 f:/st/stm32cubeide_1.10.1/stm32cubeide/plugins/com.st.stm32cube.ide.mcu.externaltools.gnu-tools-for-stm32.10.3-2021.10.win32_1.0.0.202111181127/tools/bin/../lib/gcc/arm-none-eabi/10.3.1/../../../../arm-none-eabi/lib/thumb/v7-m/nofp\libc_nano.a(lib_a-stdio.o)
                0x0000000008006542                __swrite
 .text.__sseek  0x000000000800657a       0x24 f:/st/stm32cubeide_1.10.1/stm32cubeide/plugins/com.st.stm32cube.ide.mcu.externaltools.gnu-tools-for-stm32.10.3-2021.10.win32_1.0.0.202111181127/tools/bin/../lib/gcc/arm-none-eabi/10.3.1/../../../../arm-none-eabi/lib/thumb/v7-m/nofp\libc_nano.a(lib_a-stdio.o)
                0x000000000800657a                __sseek
 .text.__sclose
                0x000000000800659e        0x8 f:/st/stm32cubeide_1.10.1/stm32cubeide/plugins/com.st.stm32cube.ide.mcu.externaltools.gnu-tools-for-stm32.10.3-2021.10.win32_1.0.0.202111181127/tools/bin/../lib/gcc/arm-none-eabi/10.3.1/../../../../arm-none-eabi/lib/thumb/v7-m/nofp\libc_nano.a(lib_a-stdio.o)
                0x000000000800659e                __sclose
 *fill*         0x00000000080065a6        0x2 
 .text._write_r
                0x00000000080065a8       0x24 f:/st/stm32cubeide_1.10.1/stm32cubeide/plugins/com.st.stm32cube.ide.mcu.externaltools.gnu-tools-for-stm32.10.3-2021.10.win32_1.0.0.202111181127/tools/bin/../lib/gcc/arm-none-eabi/10.3.1/../../../../arm-none-eabi/lib/thumb/v7-m/nofp\libc_nano.a(lib_a-writer.o)
                0x00000000080065a8                _write_r
 .text._close_r
                0x00000000080065cc       0x20 f:/st/stm32cubeide_1.10.1/stm32cubeide/plugins/com.st.stm32cube.ide.mcu.externaltools.gnu-tools-for-stm32.10.3-2021.10.win32_1.0.0.202111181127/tools/bin/../lib/gcc/arm-none-eabi/10.3.1/../../../../arm-none-eabi/lib/thumb/v7-m/nofp\libc_nano.a(lib_a-closer.o)
                0x00000000080065cc                _close_r
 .text._fstat_r
                0x00000000080065ec       0x24 f:/st/stm32cubeide_1.10.1/stm32cubeide/plugins/com.st.stm32cube.ide.mcu.externaltools.gnu-tools-for-stm32.10.3-2021.10.win32_1.0.0.202111181127/tools/bin/../lib/gcc/arm-none-eabi/10.3.1/../../../../arm-none-eabi/lib/thumb/v7-m/nofp\libc_nano.a(lib_a-fstatr.o)
                0x00000000080065ec                _fstat_r
 .text._isatty_r
                0x0000000008006610       0x20 f:/st/stm32cubeide_1.10.1/stm32cubeide/plugins/com.st.stm32cube.ide.mcu.externaltools.gnu-tools-for-stm32.10.3-2021.10.win32_1.0.0.202111181127/tools/bin/../lib/gcc/arm-none-eabi/10.3.1/../../../../arm-none-eabi/lib/thumb/v7-m/nofp\libc_nano.a(lib_a-isattyr.o)
                0x0000000008006610                _isatty_r
 .text._lseek_r
                0x0000000008006630       0x24 f:/st/stm32cubeide_1.10.1/stm32cubeide/plugins/com.st.stm32cube.ide.mcu.externaltools.gnu-tools-for-stm32.10.3-2021.10.win32_1.0.0.202111181127/tools/bin/../lib/gcc/arm-none-eabi/10.3.1/../../../../arm-none-eabi/lib/thumb/v7-m/nofp\libc_nano.a(lib_a-lseekr.o)
                0x0000000008006630                _lseek_r
 .text.memchr   0x0000000008006654       0x1c f:/st/stm32cubeide_1.10.1/stm32cubeide/plugins/com.st.stm32cube.ide.mcu.externaltools.gnu-tools-for-stm32.10.3-2021.10.win32_1.0.0.202111181127/tools/bin/../lib/gcc/arm-none-eabi/10.3.1/../../../../arm-none-eabi/lib/thumb/v7-m/nofp\libc_nano.a(lib_a-memchr-stub.o)
                0x0000000008006654                memchr
 .text.__malloc_lock
                0x0000000008006670        0xc f:/st/stm32cubeide_1.10.1/stm32cubeide/plugins/com.st.stm32cube.ide.mcu.externaltools.gnu-tools-for-stm32.10.3-2021.10.win32_1.0.0.202111181127/tools/bin/../lib/gcc/arm-none-eabi/10.3.1/../../../../arm-none-eabi/lib/thumb/v7-m/nofp\libc_nano.a(lib_a-mlock.o)
                0x0000000008006670                __malloc_lock
 .text.__malloc_unlock
                0x000000000800667c        0xc f:/st/stm32cubeide_1.10.1/stm32cubeide/plugins/com.st.stm32cube.ide.mcu.externaltools.gnu-tools-for-stm32.10.3-2021.10.win32_1.0.0.202111181127/tools/bin/../lib/gcc/arm-none-eabi/10.3.1/../../../../arm-none-eabi/lib/thumb/v7-m/nofp\libc_nano.a(lib_a-mlock.o)
                0x000000000800667c                __malloc_unlock
 .text._read_r  0x0000000008006688       0x24 f:/st/stm32cubeide_1.10.1/stm32cubeide/plugins/com.st.stm32cube.ide.mcu.externaltools.gnu-tools-for-stm32.10.3-2021.10.win32_1.0.0.202111181127/tools/bin/../lib/gcc/arm-none-eabi/10.3.1/../../../../arm-none-eabi/lib/thumb/v7-m/nofp\libc_nano.a(lib_a-readr.o)
                0x0000000008006688                _read_r
 *(.glue_7)
 .glue_7        0x00000000080066ac        0x0 linker stubs
 *(.glue_7t)
 .glue_7t       0x00000000080066ac        0x0 linker stubs
 *(.eh_frame)
 .eh_frame      0x00000000080066ac        0x0 f:/st/stm32cubeide_1.10.1/stm32cubeide/plugins/com.st.stm32cube.ide.mcu.externaltools.gnu-tools-for-stm32.10.3-2021.10.win32_1.0.0.202111181127/tools/bin/../lib/gcc/arm-none-eabi/10.3.1/thumb/v7-m/nofp/crtbegin.o
 *(.init)
 .init          0x00000000080066ac        0x4 f:/st/stm32cubeide_1.10.1/stm32cubeide/plugins/com.st.stm32cube.ide.mcu.externaltools.gnu-tools-for-stm32.10.3-2021.10.win32_1.0.0.202111181127/tools/bin/../lib/gcc/arm-none-eabi/10.3.1/thumb/v7-m/nofp/crti.o
                0x00000000080066ac                _init
 .init          0x00000000080066b0        0x8 f:/st/stm32cubeide_1.10.1/stm32cubeide/plugins/com.st.stm32cube.ide.mcu.externaltools.gnu-tools-for-stm32.10.3-2021.10.win32_1.0.0.202111181127/tools/bin/../lib/gcc/arm-none-eabi/10.3.1/thumb/v7-m/nofp/crtn.o
 *(.fini)
 .fini          0x00000000080066b8        0x4 f:/st/stm32cubeide_1.10.1/stm32cubeide/plugins/com.st.stm32cube.ide.mcu.externaltools.gnu-tools-for-stm32.10.3-2021.10.win32_1.0.0.202111181127/tools/bin/../lib/gcc/arm-none-eabi/10.3.1/thumb/v7-m/nofp/crti.o
                0x00000000080066b8                _fini
 .fini          0x00000000080066bc        0x8 f:/st/stm32cubeide_1.10.1/stm32cubeide/plugins/com.st.stm32cube.ide.mcu.externaltools.gnu-tools-for-stm32.10.3-2021.10.win32_1.0.0.202111181127/tools/bin/../lib/gcc/arm-none-eabi/10.3.1/thumb/v7-m/nofp/crtn.o
                0x00000000080066c4                . = ALIGN (0x4)
                0x00000000080066c4                _etext = .

.vfp11_veneer   0x00000000080066c4        0x0
 .vfp11_veneer  0x00000000080066c4        0x0 linker stubs

.v4_bx          0x00000000080066c4        0x0
 .v4_bx         0x00000000080066c4        0x0 linker stubs

.iplt           0x00000000080066c4        0x0
 .iplt          0x00000000080066c4        0x0 f:/st/stm32cubeide_1.10.1/stm32cubeide/plugins/com.st.stm32cube.ide.mcu.externaltools.gnu-tools-for-stm32.10.3-2021.10.win32_1.0.0.202111181127/tools/bin/../lib/gcc/arm-none-eabi/10.3.1/thumb/v7-m/nofp/crtbegin.o

.rodata         0x00000000080066c4      0x1b4
                0x00000000080066c4                . = ALIGN (0x4)
 *(.rodata)
 .rodata        0x00000000080066c4       0x1a ./BSP/bsp.o
 *fill*         0x00000000080066de        0x2 
 .rodata        0x00000000080066e0       0x6a ./BSP/bsp_can.o
 *fill*         0x000000000800674a        0x2 
 .rodata        0x000000000800674c       0x68 ./BSP/bsp_mpu9250.o
 .rodata        0x00000000080067b4       0x10 ./Drivers/STM32F1xx_HAL_Driver/Src/stm32f1xx_hal_rcc.o
 *(.rodata*)
 .rodata.header
                0x00000000080067c4        0x2 ./BSP/bsp_uart.o
                0x00000000080067c4                header
 *fill*         0x00000000080067c6        0x2 
 .rodata.AHBPrescTable
                0x00000000080067c8       0x10 ./Core/Src/system_stm32f1xx.o
                0x00000000080067c8                AHBPrescTable
 .rodata.APBPrescTable
                0x00000000080067d8        0x8 ./Core/Src/system_stm32f1xx.o
                0x00000000080067d8                APBPrescTable
 .rodata._global_impure_ptr
                0x00000000080067e0        0x4 f:/st/stm32cubeide_1.10.1/stm32cubeide/plugins/com.st.stm32cube.ide.mcu.externaltools.gnu-tools-for-stm32.10.3-2021.10.win32_1.0.0.202111181127/tools/bin/../lib/gcc/arm-none-eabi/10.3.1/../../../../arm-none-eabi/lib/thumb/v7-m/nofp\libc_nano.a(lib_a-impure.o)
                0x00000000080067e0                _global_impure_ptr
 .rodata.__sf_fake_stderr
                0x00000000080067e4       0x20 f:/st/stm32cubeide_1.10.1/stm32cubeide/plugins/com.st.stm32cube.ide.mcu.externaltools.gnu-tools-for-stm32.10.3-2021.10.win32_1.0.0.202111181127/tools/bin/../lib/gcc/arm-none-eabi/10.3.1/../../../../arm-none-eabi/lib/thumb/v7-m/nofp\libc_nano.a(lib_a-findfp.o)
                0x00000000080067e4                __sf_fake_stderr
 .rodata.__sf_fake_stdin
                0x0000000008006804       0x20 f:/st/stm32cubeide_1.10.1/stm32cubeide/plugins/com.st.stm32cube.ide.mcu.externaltools.gnu-tools-for-stm32.10.3-2021.10.win32_1.0.0.202111181127/tools/bin/../lib/gcc/arm-none-eabi/10.3.1/../../../../arm-none-eabi/lib/thumb/v7-m/nofp\libc_nano.a(lib_a-findfp.o)
                0x0000000008006804                __sf_fake_stdin
 .rodata.__sf_fake_stdout
                0x0000000008006824       0x20 f:/st/stm32cubeide_1.10.1/stm32cubeide/plugins/com.st.stm32cube.ide.mcu.externaltools.gnu-tools-for-stm32.10.3-2021.10.win32_1.0.0.202111181127/tools/bin/../lib/gcc/arm-none-eabi/10.3.1/../../../../arm-none-eabi/lib/thumb/v7-m/nofp\libc_nano.a(lib_a-findfp.o)
                0x0000000008006824                __sf_fake_stdout
 .rodata._vfprintf_r.str1.1
                0x0000000008006844       0x11 f:/st/stm32cubeide_1.10.1/stm32cubeide/plugins/com.st.stm32cube.ide.mcu.externaltools.gnu-tools-for-stm32.10.3-2021.10.win32_1.0.0.202111181127/tools/bin/../lib/gcc/arm-none-eabi/10.3.1/../../../../arm-none-eabi/lib/thumb/v7-m/nofp\libc_nano.a(lib_a-nano-vfprintf.o)
 .rodata._printf_i.str1.1
                0x0000000008006855       0x22 f:/st/stm32cubeide_1.10.1/stm32cubeide/plugins/com.st.stm32cube.ide.mcu.externaltools.gnu-tools-for-stm32.10.3-2021.10.win32_1.0.0.202111181127/tools/bin/../lib/gcc/arm-none-eabi/10.3.1/../../../../arm-none-eabi/lib/thumb/v7-m/nofp\libc_nano.a(lib_a-nano-vfprintf_i.o)
                0x0000000008006878                . = ALIGN (0x4)
 *fill*         0x0000000008006877        0x1 

.rel.dyn        0x0000000008006878        0x0
 .rel.iplt      0x0000000008006878        0x0 f:/st/stm32cubeide_1.10.1/stm32cubeide/plugins/com.st.stm32cube.ide.mcu.externaltools.gnu-tools-for-stm32.10.3-2021.10.win32_1.0.0.202111181127/tools/bin/../lib/gcc/arm-none-eabi/10.3.1/thumb/v7-m/nofp/crtbegin.o

.ARM.extab      0x0000000008006878        0x0
                0x0000000008006878                . = ALIGN (0x4)
 *(.ARM.extab* .gnu.linkonce.armextab.*)
                0x0000000008006878                . = ALIGN (0x4)

.ARM            0x0000000008006878        0x0
                0x0000000008006878                . = ALIGN (0x4)
                0x0000000008006878                __exidx_start = .
 *(.ARM.exidx*)
                0x0000000008006878                __exidx_end = .
                0x0000000008006878                . = ALIGN (0x4)

.preinit_array  0x0000000008006878        0x0
                0x0000000008006878                . = ALIGN (0x4)
                0x0000000008006878                PROVIDE (__preinit_array_start = .)
 *(.preinit_array*)
                0x0000000008006878                PROVIDE (__preinit_array_end = .)
                0x0000000008006878                . = ALIGN (0x4)

.init_array     0x0000000008006878        0x4
                0x0000000008006878                . = ALIGN (0x4)
                0x0000000008006878                PROVIDE (__init_array_start = .)
 *(SORT_BY_NAME(.init_array.*))
 *(.init_array*)
 .init_array    0x0000000008006878        0x4 f:/st/stm32cubeide_1.10.1/stm32cubeide/plugins/com.st.stm32cube.ide.mcu.externaltools.gnu-tools-for-stm32.10.3-2021.10.win32_1.0.0.202111181127/tools/bin/../lib/gcc/arm-none-eabi/10.3.1/thumb/v7-m/nofp/crtbegin.o
                0x000000000800687c                PROVIDE (__init_array_end = .)
                0x000000000800687c                . = ALIGN (0x4)

.fini_array     0x000000000800687c        0x4
                0x000000000800687c                . = ALIGN (0x4)
                [!provide]                        PROVIDE (__fini_array_start = .)
 *(SORT_BY_NAME(.fini_array.*))
 *(.fini_array*)
 .fini_array    0x000000000800687c        0x4 f:/st/stm32cubeide_1.10.1/stm32cubeide/plugins/com.st.stm32cube.ide.mcu.externaltools.gnu-tools-for-stm32.10.3-2021.10.win32_1.0.0.202111181127/tools/bin/../lib/gcc/arm-none-eabi/10.3.1/thumb/v7-m/nofp/crtbegin.o
                [!provide]                        PROVIDE (__fini_array_end = .)
                0x0000000008006880                . = ALIGN (0x4)
                0x0000000008006880                _sidata = LOADADDR (.data)

.data           0x0000000020000000       0x70 load address 0x0000000008006880
                0x0000000020000000                . = ALIGN (0x4)
                0x0000000020000000                _sdata = .
 *(.data)
 *(.data*)
 .data.SystemCoreClock
                0x0000000020000000        0x4 ./Core/Src/system_stm32f1xx.o
                0x0000000020000000                SystemCoreClock
 .data.uwTickPrio
                0x0000000020000004        0x4 ./Drivers/STM32F1xx_HAL_Driver/Src/stm32f1xx_hal.o
                0x0000000020000004                uwTickPrio
 .data.uwTickFreq
                0x0000000020000008        0x1 ./Drivers/STM32F1xx_HAL_Driver/Src/stm32f1xx_hal.o
                0x0000000020000008                uwTickFreq
 *fill*         0x0000000020000009        0x3 
 .data._impure_ptr
                0x000000002000000c        0x4 f:/st/stm32cubeide_1.10.1/stm32cubeide/plugins/com.st.stm32cube.ide.mcu.externaltools.gnu-tools-for-stm32.10.3-2021.10.win32_1.0.0.202111181127/tools/bin/../lib/gcc/arm-none-eabi/10.3.1/../../../../arm-none-eabi/lib/thumb/v7-m/nofp\libc_nano.a(lib_a-impure.o)
                0x000000002000000c                _impure_ptr
 .data.impure_data
                0x0000000020000010       0x60 f:/st/stm32cubeide_1.10.1/stm32cubeide/plugins/com.st.stm32cube.ide.mcu.externaltools.gnu-tools-for-stm32.10.3-2021.10.win32_1.0.0.202111181127/tools/bin/../lib/gcc/arm-none-eabi/10.3.1/../../../../arm-none-eabi/lib/thumb/v7-m/nofp\libc_nano.a(lib_a-impure.o)
 *(.RamFunc)
 *(.RamFunc*)
                0x0000000020000070                . = ALIGN (0x4)
                0x0000000020000070                _edata = .

.igot.plt       0x0000000020000070        0x0 load address 0x00000000080068f0
 .igot.plt      0x0000000020000070        0x0 f:/st/stm32cubeide_1.10.1/stm32cubeide/plugins/com.st.stm32cube.ide.mcu.externaltools.gnu-tools-for-stm32.10.3-2021.10.win32_1.0.0.202111181127/tools/bin/../lib/gcc/arm-none-eabi/10.3.1/thumb/v7-m/nofp/crtbegin.o
                0x0000000020000070                . = ALIGN (0x4)

.bss            0x0000000020000070      0x1c4 load address 0x00000000080068f0
                0x0000000020000070                _sbss = .
                0x0000000020000070                __bss_start__ = _sbss
 *(.bss)
 .bss           0x0000000020000070       0x1c f:/st/stm32cubeide_1.10.1/stm32cubeide/plugins/com.st.stm32cube.ide.mcu.externaltools.gnu-tools-for-stm32.10.3-2021.10.win32_1.0.0.202111181127/tools/bin/../lib/gcc/arm-none-eabi/10.3.1/thumb/v7-m/nofp/crtbegin.o
 *(.bss*)
 .bss.ReceVelMode
                0x000000002000008c        0x1 ./BSP/bsp.o
                0x000000002000008c                ReceVelMode
 *fill*         0x000000002000008d        0x1 
 .bss.ReceVel   0x000000002000008e        0x2 ./BSP/bsp.o
                0x000000002000008e                ReceVel
 .bss.Ctrl_Vx   0x0000000020000090        0x2 ./BSP/bsp.o
                0x0000000020000090                Ctrl_Vx
 .bss.Ctrl_Vy   0x0000000020000092        0x2 ./BSP/bsp.o
                0x0000000020000092                Ctrl_Vy
 .bss.Ctrl_Vw   0x0000000020000094        0x2 ./BSP/bsp.o
                0x0000000020000094                Ctrl_Vw
 .bss.led_count.1
                0x0000000020000096        0x1 ./BSP/bsp.o
 .bss.count.0   0x0000000020000097        0x1 ./BSP/bsp.o
 .bss.beep_on_time
                0x0000000020000098        0x2 ./BSP/bsp_beep.o
                0x0000000020000098                beep_on_time
 .bss.beep_state
                0x000000002000009a        0x1 ./BSP/bsp_beep.o
                0x000000002000009a                beep_state
 *fill*         0x000000002000009b        0x1 
 .bss.TxHeader  0x000000002000009c       0x18 ./BSP/bsp_can.o
                0x000000002000009c                TxHeader
 .bss.RxHeader  0x00000000200000b4       0x1c ./BSP/bsp_can.o
                0x00000000200000b4                RxHeader
 .bss.sFilterConfig
                0x00000000200000d0       0x28 ./BSP/bsp_can.o
                0x00000000200000d0                sFilterConfig
 .bss.key1_state.0
                0x00000000200000f8        0x2 ./BSP/bsp_key.o
 .bss.aacx      0x00000000200000fa        0x2 ./BSP/bsp_mpu9250.o
                0x00000000200000fa                aacx
 .bss.aacy      0x00000000200000fc        0x2 ./BSP/bsp_mpu9250.o
                0x00000000200000fc                aacy
 .bss.aacz      0x00000000200000fe        0x2 ./BSP/bsp_mpu9250.o
                0x00000000200000fe                aacz
 .bss.gyrox     0x0000000020000100        0x2 ./BSP/bsp_mpu9250.o
                0x0000000020000100                gyrox
 .bss.gyroy     0x0000000020000102        0x2 ./BSP/bsp_mpu9250.o
                0x0000000020000102                gyroy
 .bss.gyroz     0x0000000020000104        0x2 ./BSP/bsp_mpu9250.o
                0x0000000020000104                gyroz
 .bss.magx      0x0000000020000106        0x2 ./BSP/bsp_mpu9250.o
                0x0000000020000106                magx
 .bss.magy      0x0000000020000108        0x2 ./BSP/bsp_mpu9250.o
                0x0000000020000108                magy
 .bss.magz      0x000000002000010a        0x2 ./BSP/bsp_mpu9250.o
                0x000000002000010a                magz
 .bss.Deviation_gyrox
                0x000000002000010c        0x2 ./BSP/bsp_mpu9250.o
                0x000000002000010c                Deviation_gyrox
 .bss.Deviation_gyroy
                0x000000002000010e        0x2 ./BSP/bsp_mpu9250.o
                0x000000002000010e                Deviation_gyroy
 .bss.Deviation_gyroz
                0x0000000020000110        0x2 ./BSP/bsp_mpu9250.o
                0x0000000020000110                Deviation_gyroz
 .bss.New_Frame
                0x0000000020000112        0x1 ./BSP/bsp_uart.o
                0x0000000020000112                New_Frame
 .bss.RxTemp    0x0000000020000113        0x1 ./BSP/bsp_uart.o
                0x0000000020000113                RxTemp
 .bss.Rx_Data   0x0000000020000114        0xc ./BSP/bsp_uart.o
                0x0000000020000114                Rx_Data
 .bss.Rx_index  0x0000000020000120        0x1 ./BSP/bsp_uart.o
                0x0000000020000120                Rx_index
 .bss.Rx_Flag   0x0000000020000121        0x1 ./BSP/bsp_uart.o
                0x0000000020000121                Rx_Flag
 *fill*         0x0000000020000122        0x2 
 .bss.receVelPtr
                0x0000000020000124        0x4 ./BSP/bsp_uart.o
                0x0000000020000124                receVelPtr
 .bss.receModePtr
                0x0000000020000128        0x4 ./BSP/bsp_uart.o
                0x0000000020000128                receModePtr
 .bss.VxPtr     0x000000002000012c        0x4 ./BSP/bsp_uart.o
                0x000000002000012c                VxPtr
 .bss.VyPtr     0x0000000020000130        0x4 ./BSP/bsp_uart.o
                0x0000000020000130                VyPtr
 .bss.VwPtr     0x0000000020000134        0x4 ./BSP/bsp_uart.o
                0x0000000020000134                VwPtr
 .bss.Vx        0x0000000020000138        0x2 ./BSP/bsp_uart.o
                0x0000000020000138                Vx
 *fill*         0x000000002000013a        0x2 
 .bss.Vy        0x000000002000013c        0x2 ./BSP/bsp_uart.o
                0x000000002000013c                Vy
 *fill*         0x000000002000013e        0x2 
 .bss.Vw        0x0000000020000140        0x2 ./BSP/bsp_uart.o
                0x0000000020000140                Vw
 *fill*         0x0000000020000142        0x2 
 .bss.axData    0x0000000020000144        0x2 ./BSP/bsp_uart.o
                0x0000000020000144                axData
 *fill*         0x0000000020000146        0x2 
 .bss.ayData    0x0000000020000148        0x2 ./BSP/bsp_uart.o
                0x0000000020000148                ayData
 *fill*         0x000000002000014a        0x2 
 .bss.azData    0x000000002000014c        0x2 ./BSP/bsp_uart.o
                0x000000002000014c                azData
 *fill*         0x000000002000014e        0x2 
 .bss.gxData    0x0000000020000150        0x2 ./BSP/bsp_uart.o
                0x0000000020000150                gxData
 *fill*         0x0000000020000152        0x2 
 .bss.gyData    0x0000000020000154        0x2 ./BSP/bsp_uart.o
                0x0000000020000154                gyData
 *fill*         0x0000000020000156        0x2 
 .bss.gzData    0x0000000020000158        0x2 ./BSP/bsp_uart.o
                0x0000000020000158                gzData
 *fill*         0x000000002000015a        0x2 
 .bss.mxData    0x000000002000015c        0x2 ./BSP/bsp_uart.o
                0x000000002000015c                mxData
 *fill*         0x000000002000015e        0x2 
 .bss.myData    0x0000000020000160        0x2 ./BSP/bsp_uart.o
                0x0000000020000160                myData
 *fill*         0x0000000020000162        0x2 
 .bss.mzData    0x0000000020000164        0x2 ./BSP/bsp_uart.o
                0x0000000020000164                mzData
 *fill*         0x0000000020000166        0x2 
 .bss.length.0  0x0000000020000168        0x4 ./BSP/bsp_uart.o
 .bss.hcan      0x000000002000016c       0x28 ./Core/Src/can.o
                0x000000002000016c                hcan
 .bss.__sbrk_heap_end
                0x0000000020000194        0x4 ./Core/Src/sysmem.o
 .bss.huart1    0x0000000020000198       0x44 ./Core/Src/usart.o
                0x0000000020000198                huart1
 .bss.hdma_usart1_tx
                0x00000000200001dc       0x44 ./Core/Src/usart.o
                0x00000000200001dc                hdma_usart1_tx
 .bss.uwTick    0x0000000020000220        0x4 ./Drivers/STM32F1xx_HAL_Driver/Src/stm32f1xx_hal.o
                0x0000000020000220                uwTick
 .bss.__lock___malloc_recursive_mutex
                0x0000000020000224        0x1 f:/st/stm32cubeide_1.10.1/stm32cubeide/plugins/com.st.stm32cube.ide.mcu.externaltools.gnu-tools-for-stm32.10.3-2021.10.win32_1.0.0.202111181127/tools/bin/../lib/gcc/arm-none-eabi/10.3.1/../../../../arm-none-eabi/lib/thumb/v7-m/nofp\libc_nano.a(lib_a-lock.o)
                0x0000000020000224                __lock___malloc_recursive_mutex
 .bss.__lock___sfp_recursive_mutex
                0x0000000020000225        0x1 f:/st/stm32cubeide_1.10.1/stm32cubeide/plugins/com.st.stm32cube.ide.mcu.externaltools.gnu-tools-for-stm32.10.3-2021.10.win32_1.0.0.202111181127/tools/bin/../lib/gcc/arm-none-eabi/10.3.1/../../../../arm-none-eabi/lib/thumb/v7-m/nofp\libc_nano.a(lib_a-lock.o)
                0x0000000020000225                __lock___sfp_recursive_mutex
 .bss.__lock___sinit_recursive_mutex
                0x0000000020000226        0x1 f:/st/stm32cubeide_1.10.1/stm32cubeide/plugins/com.st.stm32cube.ide.mcu.externaltools.gnu-tools-for-stm32.10.3-2021.10.win32_1.0.0.202111181127/tools/bin/../lib/gcc/arm-none-eabi/10.3.1/../../../../arm-none-eabi/lib/thumb/v7-m/nofp\libc_nano.a(lib_a-lock.o)
                0x0000000020000226                __lock___sinit_recursive_mutex
 *fill*         0x0000000020000227        0x1 
 .bss.__malloc_free_list
                0x0000000020000228        0x4 f:/st/stm32cubeide_1.10.1/stm32cubeide/plugins/com.st.stm32cube.ide.mcu.externaltools.gnu-tools-for-stm32.10.3-2021.10.win32_1.0.0.202111181127/tools/bin/../lib/gcc/arm-none-eabi/10.3.1/../../../../arm-none-eabi/lib/thumb/v7-m/nofp\libc_nano.a(lib_a-nano-mallocr.o)
                0x0000000020000228                __malloc_free_list
 .bss.__malloc_sbrk_start
                0x000000002000022c        0x4 f:/st/stm32cubeide_1.10.1/stm32cubeide/plugins/com.st.stm32cube.ide.mcu.externaltools.gnu-tools-for-stm32.10.3-2021.10.win32_1.0.0.202111181127/tools/bin/../lib/gcc/arm-none-eabi/10.3.1/../../../../arm-none-eabi/lib/thumb/v7-m/nofp\libc_nano.a(lib_a-nano-mallocr.o)
                0x000000002000022c                __malloc_sbrk_start
 .bss.errno     0x0000000020000230        0x4 f:/st/stm32cubeide_1.10.1/stm32cubeide/plugins/com.st.stm32cube.ide.mcu.externaltools.gnu-tools-for-stm32.10.3-2021.10.win32_1.0.0.202111181127/tools/bin/../lib/gcc/arm-none-eabi/10.3.1/../../../../arm-none-eabi/lib/thumb/v7-m/nofp\libc_nano.a(lib_a-reent.o)
                0x0000000020000230                errno
 *(COMMON)
                0x0000000020000234                . = ALIGN (0x4)
                0x0000000020000234                _ebss = .
                0x0000000020000234                __bss_end__ = _ebss

._user_heap_stack
                0x0000000020000234      0x604 load address 0x00000000080068f0
                0x0000000020000238                . = ALIGN (0x8)
 *fill*         0x0000000020000234        0x4 
                [!provide]                        PROVIDE (end = .)
                0x0000000020000238                PROVIDE (_end = .)
                0x0000000020000438                . = (. + _Min_Heap_Size)
 *fill*         0x0000000020000238      0x200 
                0x0000000020000838                . = (. + _Min_Stack_Size)
 *fill*         0x0000000020000438      0x400 
                0x0000000020000838                . = ALIGN (0x8)

/DISCARD/
 libc.a(*)
 libm.a(*)
 libgcc.a(*)

.ARM.attributes
                0x0000000000000000       0x29
 *(.ARM.attributes)
 .ARM.attributes
                0x0000000000000000       0x1d f:/st/stm32cubeide_1.10.1/stm32cubeide/plugins/com.st.stm32cube.ide.mcu.externaltools.gnu-tools-for-stm32.10.3-2021.10.win32_1.0.0.202111181127/tools/bin/../lib/gcc/arm-none-eabi/10.3.1/thumb/v7-m/nofp/crti.o
 .ARM.attributes
                0x000000000000001d       0x2d f:/st/stm32cubeide_1.10.1/stm32cubeide/plugins/com.st.stm32cube.ide.mcu.externaltools.gnu-tools-for-stm32.10.3-2021.10.win32_1.0.0.202111181127/tools/bin/../lib/gcc/arm-none-eabi/10.3.1/thumb/v7-m/nofp/crtbegin.o
 .ARM.attributes
                0x000000000000004a       0x2d ./BSP/bsp.o
 .ARM.attributes
                0x0000000000000077       0x2d ./BSP/bsp_beep.o
 .ARM.attributes
                0x00000000000000a4       0x2d ./BSP/bsp_can.o
 .ARM.attributes
                0x00000000000000d1       0x2d ./BSP/bsp_key.o
 .ARM.attributes
                0x00000000000000fe       0x2d ./BSP/bsp_mpu9250.o
 .ARM.attributes
                0x000000000000012b       0x2d ./BSP/bsp_mpuiic.o
 .ARM.attributes
                0x0000000000000158       0x2d ./BSP/bsp_uart.o
 .ARM.attributes
                0x0000000000000185       0x2d ./Core/Src/can.o
 .ARM.attributes
                0x00000000000001b2       0x2d ./Core/Src/dma.o
 .ARM.attributes
                0x00000000000001df       0x2d ./Core/Src/gpio.o
 .ARM.attributes
                0x000000000000020c       0x2d ./Core/Src/main.o
 .ARM.attributes
                0x0000000000000239       0x2d ./Core/Src/stm32f1xx_hal_msp.o
 .ARM.attributes
                0x0000000000000266       0x2d ./Core/Src/stm32f1xx_it.o
 .ARM.attributes
                0x0000000000000293       0x2d ./Core/Src/syscalls.o
 .ARM.attributes
                0x00000000000002c0       0x2d ./Core/Src/sysmem.o
 .ARM.attributes
                0x00000000000002ed       0x2d ./Core/Src/system_stm32f1xx.o
 .ARM.attributes
                0x000000000000031a       0x2d ./Core/Src/usart.o
 .ARM.attributes
                0x0000000000000347       0x21 ./Core/Startup/startup_stm32f103rctx.o
 .ARM.attributes
                0x0000000000000368       0x2d ./Drivers/STM32F1xx_HAL_Driver/Src/stm32f1xx_hal.o
 .ARM.attributes
                0x0000000000000395       0x2d ./Drivers/STM32F1xx_HAL_Driver/Src/stm32f1xx_hal_can.o
 .ARM.attributes
                0x00000000000003c2       0x2d ./Drivers/STM32F1xx_HAL_Driver/Src/stm32f1xx_hal_cortex.o
 .ARM.attributes
                0x00000000000003ef       0x2d ./Drivers/STM32F1xx_HAL_Driver/Src/stm32f1xx_hal_dma.o
 .ARM.attributes
                0x000000000000041c       0x2d ./Drivers/STM32F1xx_HAL_Driver/Src/stm32f1xx_hal_gpio.o
 .ARM.attributes
                0x0000000000000449       0x2d ./Drivers/STM32F1xx_HAL_Driver/Src/stm32f1xx_hal_rcc.o
 .ARM.attributes
                0x0000000000000476       0x2d ./Drivers/STM32F1xx_HAL_Driver/Src/stm32f1xx_hal_uart.o
 .ARM.attributes
                0x00000000000004a3       0x2d f:/st/stm32cubeide_1.10.1/stm32cubeide/plugins/com.st.stm32cube.ide.mcu.externaltools.gnu-tools-for-stm32.10.3-2021.10.win32_1.0.0.202111181127/tools/bin/../lib/gcc/arm-none-eabi/10.3.1/../../../../arm-none-eabi/lib/thumb/v7-m/nofp\libc_nano.a(lib_a-errno.o)
 .ARM.attributes
                0x00000000000004d0       0x2d f:/st/stm32cubeide_1.10.1/stm32cubeide/plugins/com.st.stm32cube.ide.mcu.externaltools.gnu-tools-for-stm32.10.3-2021.10.win32_1.0.0.202111181127/tools/bin/../lib/gcc/arm-none-eabi/10.3.1/../../../../arm-none-eabi/lib/thumb/v7-m/nofp\libc_nano.a(lib_a-impure.o)
 .ARM.attributes
                0x00000000000004fd       0x2d f:/st/stm32cubeide_1.10.1/stm32cubeide/plugins/com.st.stm32cube.ide.mcu.externaltools.gnu-tools-for-stm32.10.3-2021.10.win32_1.0.0.202111181127/tools/bin/../lib/gcc/arm-none-eabi/10.3.1/../../../../arm-none-eabi/lib/thumb/v7-m/nofp\libc_nano.a(lib_a-init.o)
 .ARM.attributes
                0x000000000000052a       0x2d f:/st/stm32cubeide_1.10.1/stm32cubeide/plugins/com.st.stm32cube.ide.mcu.externaltools.gnu-tools-for-stm32.10.3-2021.10.win32_1.0.0.202111181127/tools/bin/../lib/gcc/arm-none-eabi/10.3.1/../../../../arm-none-eabi/lib/thumb/v7-m/nofp\libc_nano.a(lib_a-memset.o)
 .ARM.attributes
                0x0000000000000557       0x2d f:/st/stm32cubeide_1.10.1/stm32cubeide/plugins/com.st.stm32cube.ide.mcu.externaltools.gnu-tools-for-stm32.10.3-2021.10.win32_1.0.0.202111181127/tools/bin/../lib/gcc/arm-none-eabi/10.3.1/../../../../arm-none-eabi/lib/thumb/v7-m/nofp\libc_nano.a(lib_a-printf.o)
 .ARM.attributes
                0x0000000000000584       0x2d f:/st/stm32cubeide_1.10.1/stm32cubeide/plugins/com.st.stm32cube.ide.mcu.externaltools.gnu-tools-for-stm32.10.3-2021.10.win32_1.0.0.202111181127/tools/bin/../lib/gcc/arm-none-eabi/10.3.1/../../../../arm-none-eabi/lib/thumb/v7-m/nofp\libc_nano.a(lib_a-puts.o)
 .ARM.attributes
                0x00000000000005b1       0x2d f:/st/stm32cubeide_1.10.1/stm32cubeide/plugins/com.st.stm32cube.ide.mcu.externaltools.gnu-tools-for-stm32.10.3-2021.10.win32_1.0.0.202111181127/tools/bin/../lib/gcc/arm-none-eabi/10.3.1/../../../../arm-none-eabi/lib/thumb/v7-m/nofp\libc_nano.a(lib_a-wbuf.o)
 .ARM.attributes
                0x00000000000005de       0x2d f:/st/stm32cubeide_1.10.1/stm32cubeide/plugins/com.st.stm32cube.ide.mcu.externaltools.gnu-tools-for-stm32.10.3-2021.10.win32_1.0.0.202111181127/tools/bin/../lib/gcc/arm-none-eabi/10.3.1/../../../../arm-none-eabi/lib/thumb/v7-m/nofp\libc_nano.a(lib_a-wsetup.o)
 .ARM.attributes
                0x000000000000060b       0x2d f:/st/stm32cubeide_1.10.1/stm32cubeide/plugins/com.st.stm32cube.ide.mcu.externaltools.gnu-tools-for-stm32.10.3-2021.10.win32_1.0.0.202111181127/tools/bin/../lib/gcc/arm-none-eabi/10.3.1/../../../../arm-none-eabi/lib/thumb/v7-m/nofp\libc_nano.a(lib_a-fflush.o)
 .ARM.attributes
                0x0000000000000638       0x2d f:/st/stm32cubeide_1.10.1/stm32cubeide/plugins/com.st.stm32cube.ide.mcu.externaltools.gnu-tools-for-stm32.10.3-2021.10.win32_1.0.0.202111181127/tools/bin/../lib/gcc/arm-none-eabi/10.3.1/../../../../arm-none-eabi/lib/thumb/v7-m/nofp\libc_nano.a(lib_a-findfp.o)
 .ARM.attributes
                0x0000000000000665       0x2d f:/st/stm32cubeide_1.10.1/stm32cubeide/plugins/com.st.stm32cube.ide.mcu.externaltools.gnu-tools-for-stm32.10.3-2021.10.win32_1.0.0.202111181127/tools/bin/../lib/gcc/arm-none-eabi/10.3.1/../../../../arm-none-eabi/lib/thumb/v7-m/nofp\libc_nano.a(lib_a-fwalk.o)
 .ARM.attributes
                0x0000000000000692       0x2d f:/st/stm32cubeide_1.10.1/stm32cubeide/plugins/com.st.stm32cube.ide.mcu.externaltools.gnu-tools-for-stm32.10.3-2021.10.win32_1.0.0.202111181127/tools/bin/../lib/gcc/arm-none-eabi/10.3.1/../../../../arm-none-eabi/lib/thumb/v7-m/nofp\libc_nano.a(lib_a-lock.o)
 .ARM.attributes
                0x00000000000006bf       0x2d f:/st/stm32cubeide_1.10.1/stm32cubeide/plugins/com.st.stm32cube.ide.mcu.externaltools.gnu-tools-for-stm32.10.3-2021.10.win32_1.0.0.202111181127/tools/bin/../lib/gcc/arm-none-eabi/10.3.1/../../../../arm-none-eabi/lib/thumb/v7-m/nofp\libc_nano.a(lib_a-makebuf.o)
 .ARM.attributes
                0x00000000000006ec       0x2d f:/st/stm32cubeide_1.10.1/stm32cubeide/plugins/com.st.stm32cube.ide.mcu.externaltools.gnu-tools-for-stm32.10.3-2021.10.win32_1.0.0.202111181127/tools/bin/../lib/gcc/arm-none-eabi/10.3.1/../../../../arm-none-eabi/lib/thumb/v7-m/nofp\libc_nano.a(lib_a-nano-freer.o)
 .ARM.attributes
                0x0000000000000719       0x2d f:/st/stm32cubeide_1.10.1/stm32cubeide/plugins/com.st.stm32cube.ide.mcu.externaltools.gnu-tools-for-stm32.10.3-2021.10.win32_1.0.0.202111181127/tools/bin/../lib/gcc/arm-none-eabi/10.3.1/../../../../arm-none-eabi/lib/thumb/v7-m/nofp\libc_nano.a(lib_a-nano-mallocr.o)
 .ARM.attributes
                0x0000000000000746       0x2d f:/st/stm32cubeide_1.10.1/stm32cubeide/plugins/com.st.stm32cube.ide.mcu.externaltools.gnu-tools-for-stm32.10.3-2021.10.win32_1.0.0.202111181127/tools/bin/../lib/gcc/arm-none-eabi/10.3.1/../../../../arm-none-eabi/lib/thumb/v7-m/nofp\libc_nano.a(lib_a-nano-vfprintf.o)
 .ARM.attributes
                0x0000000000000773       0x2d f:/st/stm32cubeide_1.10.1/stm32cubeide/plugins/com.st.stm32cube.ide.mcu.externaltools.gnu-tools-for-stm32.10.3-2021.10.win32_1.0.0.202111181127/tools/bin/../lib/gcc/arm-none-eabi/10.3.1/../../../../arm-none-eabi/lib/thumb/v7-m/nofp\libc_nano.a(lib_a-nano-vfprintf_i.o)
 .ARM.attributes
                0x00000000000007a0       0x2d f:/st/stm32cubeide_1.10.1/stm32cubeide/plugins/com.st.stm32cube.ide.mcu.externaltools.gnu-tools-for-stm32.10.3-2021.10.win32_1.0.0.202111181127/tools/bin/../lib/gcc/arm-none-eabi/10.3.1/../../../../arm-none-eabi/lib/thumb/v7-m/nofp\libc_nano.a(lib_a-sbrkr.o)
 .ARM.attributes
                0x00000000000007cd       0x2d f:/st/stm32cubeide_1.10.1/stm32cubeide/plugins/com.st.stm32cube.ide.mcu.externaltools.gnu-tools-for-stm32.10.3-2021.10.win32_1.0.0.202111181127/tools/bin/../lib/gcc/arm-none-eabi/10.3.1/../../../../arm-none-eabi/lib/thumb/v7-m/nofp\libc_nano.a(lib_a-stdio.o)
 .ARM.attributes
                0x00000000000007fa       0x2d f:/st/stm32cubeide_1.10.1/stm32cubeide/plugins/com.st.stm32cube.ide.mcu.externaltools.gnu-tools-for-stm32.10.3-2021.10.win32_1.0.0.202111181127/tools/bin/../lib/gcc/arm-none-eabi/10.3.1/../../../../arm-none-eabi/lib/thumb/v7-m/nofp\libc_nano.a(lib_a-writer.o)
 .ARM.attributes
                0x0000000000000827       0x2d f:/st/stm32cubeide_1.10.1/stm32cubeide/plugins/com.st.stm32cube.ide.mcu.externaltools.gnu-tools-for-stm32.10.3-2021.10.win32_1.0.0.202111181127/tools/bin/../lib/gcc/arm-none-eabi/10.3.1/../../../../arm-none-eabi/lib/thumb/v7-m/nofp\libc_nano.a(lib_a-closer.o)
 .ARM.attributes
                0x0000000000000854       0x2d f:/st/stm32cubeide_1.10.1/stm32cubeide/plugins/com.st.stm32cube.ide.mcu.externaltools.gnu-tools-for-stm32.10.3-2021.10.win32_1.0.0.202111181127/tools/bin/../lib/gcc/arm-none-eabi/10.3.1/../../../../arm-none-eabi/lib/thumb/v7-m/nofp\libc_nano.a(lib_a-fstatr.o)
 .ARM.attributes
                0x0000000000000881       0x2d f:/st/stm32cubeide_1.10.1/stm32cubeide/plugins/com.st.stm32cube.ide.mcu.externaltools.gnu-tools-for-stm32.10.3-2021.10.win32_1.0.0.202111181127/tools/bin/../lib/gcc/arm-none-eabi/10.3.1/../../../../arm-none-eabi/lib/thumb/v7-m/nofp\libc_nano.a(lib_a-isattyr.o)
 .ARM.attributes
                0x00000000000008ae       0x2d f:/st/stm32cubeide_1.10.1/stm32cubeide/plugins/com.st.stm32cube.ide.mcu.externaltools.gnu-tools-for-stm32.10.3-2021.10.win32_1.0.0.202111181127/tools/bin/../lib/gcc/arm-none-eabi/10.3.1/../../../../arm-none-eabi/lib/thumb/v7-m/nofp\libc_nano.a(lib_a-lseekr.o)
 .ARM.attributes
                0x00000000000008db       0x2d f:/st/stm32cubeide_1.10.1/stm32cubeide/plugins/com.st.stm32cube.ide.mcu.externaltools.gnu-tools-for-stm32.10.3-2021.10.win32_1.0.0.202111181127/tools/bin/../lib/gcc/arm-none-eabi/10.3.1/../../../../arm-none-eabi/lib/thumb/v7-m/nofp\libc_nano.a(lib_a-memchr-stub.o)
 .ARM.attributes
                0x0000000000000908       0x2d f:/st/stm32cubeide_1.10.1/stm32cubeide/plugins/com.st.stm32cube.ide.mcu.externaltools.gnu-tools-for-stm32.10.3-2021.10.win32_1.0.0.202111181127/tools/bin/../lib/gcc/arm-none-eabi/10.3.1/../../../../arm-none-eabi/lib/thumb/v7-m/nofp\libc_nano.a(lib_a-mlock.o)
 .ARM.attributes
                0x0000000000000935       0x2d f:/st/stm32cubeide_1.10.1/stm32cubeide/plugins/com.st.stm32cube.ide.mcu.externaltools.gnu-tools-for-stm32.10.3-2021.10.win32_1.0.0.202111181127/tools/bin/../lib/gcc/arm-none-eabi/10.3.1/../../../../arm-none-eabi/lib/thumb/v7-m/nofp\libc_nano.a(lib_a-readr.o)
 .ARM.attributes
                0x0000000000000962       0x2d f:/st/stm32cubeide_1.10.1/stm32cubeide/plugins/com.st.stm32cube.ide.mcu.externaltools.gnu-tools-for-stm32.10.3-2021.10.win32_1.0.0.202111181127/tools/bin/../lib/gcc/arm-none-eabi/10.3.1/../../../../arm-none-eabi/lib/thumb/v7-m/nofp\libc_nano.a(lib_a-reent.o)
 .ARM.attributes
                0x000000000000098f       0x1d f:/st/stm32cubeide_1.10.1/stm32cubeide/plugins/com.st.stm32cube.ide.mcu.externaltools.gnu-tools-for-stm32.10.3-2021.10.win32_1.0.0.202111181127/tools/bin/../lib/gcc/arm-none-eabi/10.3.1/thumb/v7-m/nofp\libgcc.a(_arm_addsubdf3.o)
 .ARM.attributes
                0x00000000000009ac       0x1d f:/st/stm32cubeide_1.10.1/stm32cubeide/plugins/com.st.stm32cube.ide.mcu.externaltools.gnu-tools-for-stm32.10.3-2021.10.win32_1.0.0.202111181127/tools/bin/../lib/gcc/arm-none-eabi/10.3.1/thumb/v7-m/nofp\libgcc.a(_arm_muldivdf3.o)
 .ARM.attributes
                0x00000000000009c9       0x1d f:/st/stm32cubeide_1.10.1/stm32cubeide/plugins/com.st.stm32cube.ide.mcu.externaltools.gnu-tools-for-stm32.10.3-2021.10.win32_1.0.0.202111181127/tools/bin/../lib/gcc/arm-none-eabi/10.3.1/thumb/v7-m/nofp\libgcc.a(_arm_fixdfsi.o)
 .ARM.attributes
                0x00000000000009e6       0x1d f:/st/stm32cubeide_1.10.1/stm32cubeide/plugins/com.st.stm32cube.ide.mcu.externaltools.gnu-tools-for-stm32.10.3-2021.10.win32_1.0.0.202111181127/tools/bin/../lib/gcc/arm-none-eabi/10.3.1/thumb/v7-m/nofp/crtn.o
OUTPUT(CAN.elf elf32-littlearm)
LOAD linker stubs
LOAD f:/st/stm32cubeide_1.10.1/stm32cubeide/plugins/com.st.stm32cube.ide.mcu.externaltools.gnu-tools-for-stm32.10.3-2021.10.win32_1.0.0.202111181127/tools/bin/../lib/gcc/arm-none-eabi/10.3.1/../../../../arm-none-eabi/lib/thumb/v7-m/nofp\libc.a
LOAD f:/st/stm32cubeide_1.10.1/stm32cubeide/plugins/com.st.stm32cube.ide.mcu.externaltools.gnu-tools-for-stm32.10.3-2021.10.win32_1.0.0.202111181127/tools/bin/../lib/gcc/arm-none-eabi/10.3.1/../../../../arm-none-eabi/lib/thumb/v7-m/nofp\libm.a
LOAD f:/st/stm32cubeide_1.10.1/stm32cubeide/plugins/com.st.stm32cube.ide.mcu.externaltools.gnu-tools-for-stm32.10.3-2021.10.win32_1.0.0.202111181127/tools/bin/../lib/gcc/arm-none-eabi/10.3.1/thumb/v7-m/nofp\libgcc.a

.debug_info     0x0000000000000000     0xaefc
 .debug_info    0x0000000000000000      0x39b ./BSP/bsp.o
 .debug_info    0x000000000000039b      0x279 ./BSP/bsp_beep.o
 .debug_info    0x0000000000000614      0xcb9 ./BSP/bsp_can.o
 .debug_info    0x00000000000012cd      0x1df ./BSP/bsp_key.o
 .debug_info    0x00000000000014ac      0x746 ./BSP/bsp_mpu9250.o
 .debug_info    0x0000000000001bf2      0x2d5 ./BSP/bsp_mpuiic.o
 .debug_info    0x0000000000001ec7      0xd63 ./BSP/bsp_uart.o
 .debug_info    0x0000000000002c2a      0x9de ./Core/Src/can.o
 .debug_info    0x0000000000003608      0x34c ./Core/Src/dma.o
 .debug_info    0x0000000000003954      0x30b ./Core/Src/gpio.o
 .debug_info    0x0000000000003c5f      0x2d5 ./Core/Src/main.o
 .debug_info    0x0000000000003f34      0x210 ./Core/Src/stm32f1xx_hal_msp.o
 .debug_info    0x0000000000004144      0xa66 ./Core/Src/stm32f1xx_it.o
 .debug_info    0x0000000000004baa      0x6e0 ./Core/Src/syscalls.o
 .debug_info    0x000000000000528a      0x171 ./Core/Src/sysmem.o
 .debug_info    0x00000000000053fb      0x23d ./Core/Src/system_stm32f1xx.o
 .debug_info    0x0000000000005638      0xa1e ./Core/Src/usart.o
 .debug_info    0x0000000000006056       0x22 ./Core/Startup/startup_stm32f103rctx.o
 .debug_info    0x0000000000006078      0x79a ./Drivers/STM32F1xx_HAL_Driver/Src/stm32f1xx_hal.o
 .debug_info    0x0000000000006812      0xfd8 ./Drivers/STM32F1xx_HAL_Driver/Src/stm32f1xx_hal_can.o
 .debug_info    0x00000000000077ea      0xb86 ./Drivers/STM32F1xx_HAL_Driver/Src/stm32f1xx_hal_cortex.o
 .debug_info    0x0000000000008370      0x73f ./Drivers/STM32F1xx_HAL_Driver/Src/stm32f1xx_hal_dma.o
 .debug_info    0x0000000000008aaf      0x615 ./Drivers/STM32F1xx_HAL_Driver/Src/stm32f1xx_hal_gpio.o
 .debug_info    0x00000000000090c4      0x860 ./Drivers/STM32F1xx_HAL_Driver/Src/stm32f1xx_hal_rcc.o
 .debug_info    0x0000000000009924     0x15d8 ./Drivers/STM32F1xx_HAL_Driver/Src/stm32f1xx_hal_uart.o

.debug_abbrev   0x0000000000000000     0x2c0b
 .debug_abbrev  0x0000000000000000      0x192 ./BSP/bsp.o
 .debug_abbrev  0x0000000000000192      0x173 ./BSP/bsp_beep.o
 .debug_abbrev  0x0000000000000305      0x2ab ./BSP/bsp_can.o
 .debug_abbrev  0x00000000000005b0      0x120 ./BSP/bsp_key.o
 .debug_abbrev  0x00000000000006d0      0x279 ./BSP/bsp_mpu9250.o
 .debug_abbrev  0x0000000000000949      0x18b ./BSP/bsp_mpuiic.o
 .debug_abbrev  0x0000000000000ad4      0x33f ./BSP/bsp_uart.o
 .debug_abbrev  0x0000000000000e13      0x21f ./Core/Src/can.o
 .debug_abbrev  0x0000000000001032       0xf8 ./Core/Src/dma.o
 .debug_abbrev  0x000000000000112a      0x134 ./Core/Src/gpio.o
 .debug_abbrev  0x000000000000125e      0x16e ./Core/Src/main.o
 .debug_abbrev  0x00000000000013cc       0xd4 ./Core/Src/stm32f1xx_hal_msp.o
 .debug_abbrev  0x00000000000014a0      0x1b3 ./Core/Src/stm32f1xx_it.o
 .debug_abbrev  0x0000000000001653      0x1b3 ./Core/Src/syscalls.o
 .debug_abbrev  0x0000000000001806       0xbb ./Core/Src/sysmem.o
 .debug_abbrev  0x00000000000018c1      0x13b ./Core/Src/system_stm32f1xx.o
 .debug_abbrev  0x00000000000019fc      0x1ff ./Core/Src/usart.o
 .debug_abbrev  0x0000000000001bfb       0x12 ./Core/Startup/startup_stm32f103rctx.o
 .debug_abbrev  0x0000000000001c0d      0x1fb ./Drivers/STM32F1xx_HAL_Driver/Src/stm32f1xx_hal.o
 .debug_abbrev  0x0000000000001e08      0x23d ./Drivers/STM32F1xx_HAL_Driver/Src/stm32f1xx_hal_can.o
 .debug_abbrev  0x0000000000002045      0x2ed ./Drivers/STM32F1xx_HAL_Driver/Src/stm32f1xx_hal_cortex.o
 .debug_abbrev  0x0000000000002332      0x1fe ./Drivers/STM32F1xx_HAL_Driver/Src/stm32f1xx_hal_dma.o
 .debug_abbrev  0x0000000000002530      0x1bb ./Drivers/STM32F1xx_HAL_Driver/Src/stm32f1xx_hal_gpio.o
 .debug_abbrev  0x00000000000026eb      0x2a8 ./Drivers/STM32F1xx_HAL_Driver/Src/stm32f1xx_hal_rcc.o
 .debug_abbrev  0x0000000000002993      0x278 ./Drivers/STM32F1xx_HAL_Driver/Src/stm32f1xx_hal_uart.o

.debug_aranges  0x0000000000000000      0xc00
 .debug_aranges
                0x0000000000000000       0x48 ./BSP/bsp.o
 .debug_aranges
                0x0000000000000048       0x48 ./BSP/bsp_beep.o
 .debug_aranges
                0x0000000000000090       0xb0 ./BSP/bsp_can.o
 .debug_aranges
                0x0000000000000140       0x28 ./BSP/bsp_key.o
 .debug_aranges
                0x0000000000000168       0xa0 ./BSP/bsp_mpu9250.o
 .debug_aranges
                0x0000000000000208       0x60 ./BSP/bsp_mpuiic.o
 .debug_aranges