10:27:30 **** Incremental Build of configuration Debug for project CAN ****
make -j8 all 
arm-none-eabi-gcc "../BSP/bsp_can.c" -mcpu=cortex-m3 -std=gnu11 -g3 -DDEBUG -DUSE_HAL_DRIVER -DSTM32F103xE -c -I../Core/Inc -I../Drivers/STM32F1xx_HAL_Driver/Inc -I../Drivers/STM32F1xx_HAL_Driver/Inc/Legacy -I../Drivers/CMSIS/Device/ST/STM32F1xx/Include -I../Drivers/CMSIS/Include -I../BSP -O0 -ffunction-sections -fdata-sections -Wall -fstack-usage -MMD -MP -MF"BSP/bsp_can.d" -MT"BSP/bsp_can.o" --specs=nano.specs -mfloat-abi=soft -mthumb -o "BSP/bsp_can.o"
arm-none-eabi-gcc -o "CAN.elf" @"objects.list"   -mcpu=cortex-m3 -T"F:\stm32code\CAN\STM32F103RCTX_FLASH.ld" --specs=nosys.specs -Wl,-Map="CAN.map" -Wl,--gc-sections -static --specs=nano.specs -mfloat-abi=soft -mthumb -Wl,--start-group -lc -lm -Wl,--end-group
Finished building target: CAN.elf
 
arm-none-eabi-size   CAN.elf 
arm-none-eabi-objdump -h -S  CAN.elf  > "CAN.list"
arm-none-eabi-objcopy  -O ihex  CAN.elf  "CAN.hex"
   text	   data	    bss	    dec	    hex	filename
  26740	    120	   1992	  28852	   70b4	CAN.elf
Finished building: default.size.stdout
 
Finished building: CAN.hex
 
Finished building: CAN.list
 
